p=191: families(t,e) present: 1788; total patterns 26692
    ((0, 1, 2), (-1, -1, 1), 906, '1', '5', 1)
    ((0, 1, 2), (-1, 1, 1), 906, '-1', '5', 1)
    ((0, 1, 2), (1, -1, 1), 426, '2', '8', 1)
    ((0, 1, 2), (-1, 1, -1), 426, '-2', '8', 1)
    ((0, 1, 3), (1, -1, 1), 416, '1', '5', 1)
    ((0, 1, 3), (-1, 1, -1), 416, '-1', '5', 1)
    ((0, 1, 3), (-1, -1, 1), 382, '1/3', '13/9', 1)
    ((0, 1, 3), (1, 1, -1), 382, '-1/3', '13/9', 1)
    ((0, 1, 3), (1, -1, -1), 366, '2/3', '40/9', 1)
    ((0, 1, 3), (-1, 1, 1), 366, '-2/3', '40/9', 1)
    ((0, 1, 4), (1, -1, -1), 246, '1/2', '17/4', 1)
    ((0, 1, 4), (-1, 1, 1), 246, '-1/2', '17/4', 1)
    ((0, 2, 4), (-1, 1, 1), 242, '-1/4', '5/4', 1)
    ((0, 2, 4), (-1, -1, 1), 242, '1/4', '5/4', 1)
    ((0, 1, 4), (-1, -1, 1), 218, '1/6', '25/36', 1)
    ((0, 1, 4), (1, 1, -1), 218, '-1/6', '25/36', 1)
    ((0, 1, 4), (1, -1, 1), 204, '2/3', '40/9', 1)
    ((0, 1, 4), (-1, 1, -1), 204, '-2/3', '40/9', 1)
    ((0, 2, 5), (1, 1, -1), 164, '-2/15', '136/225', 1)
    ((0, 2, 5), (-1, -1, 1), 164, '2/15', '136/225', 1)
    ((0, 1, 5), (1, -1, 1), 148, '1/2', '17/4', 1)
    ((0, 1, 5), (-1, 1, -1), 148, '-1/2', '17/4', 1)
    ((0, 1, 5), (-1, 1, 1), 140, '-2/5', '104/25', 1)
    ((0, 1, 5), (1, -1, -1), 140, '2/5', '104/25', 1)
   3-pt families t2<=8: agree 224 disagree 0 []
   4-point line patterns: [(((0, 1, 2, 3), (1, -1, -1, 1)), 208), (((0, 1, 2, 3), (-1, 1, 1, -1)), 208), (((0, 1, 3, 4), (1, -1, -1, 1)), 102), (((0, 1, 3, 4), (-1, 1, 1, -1)), 102), (((0, 1, 4, 5), (1, -1, -1, 1)), 74), (((0, 1, 4, 5), (-1, 1, 1, -1)), 74), (((0, 2, 3, 5), (1, -1, -1, 1)), 60), (((0, 2, 3, 5), (-1, 1, 1, -1)), 60)]
p=193: families(t,e) present: 1810; total patterns 18072
    ((0, 1, 2), (1, -1, 1), 472, '2', '8', 1)
    ((0, 1, 2), (-1, 1, -1), 472, '-2', '8', 1)
    ((0, 1, 4), (-1, -1, 1), 240, '1/6', '25/36', 1)
    ((0, 1, 4), (1, 1, -1), 240, '-1/6', '25/36', 1)
    ((0, 2, 4), (1, -1, 1), 114, '1/2', '2', 1)
    ((0, 2, 4), (-1, 1, -1), 114, '-1/2', '2', 1)
    ((0, 3, 7), (-1, -1, 1), 82, '1/14', '65/196', 1)
    ((0, 3, 7), (1, 1, -1), 82, '-1/14', '65/196', 1)
    ((0, 1, 7), (1, -1, -1), 76, '2/7', '200/49', 1)
    ((0, 1, 7), (-1, 1, 1), 76, '-2/7', '200/49', 1)
    ((0, 1, 10), (-1, -1, 1), 72, '1/45', '181/2025', 1)
    ((0, 1, 10), (1, 1, -1), 72, '-1/45', '181/2025', 1)
    ((0, 1, 7), (1, 1, -1), 70, '-1/21', '85/441', 1)
    ((0, 1, 7), (-1, -1, 1), 70, '1/21', '85/441', 1)
    ((0, 1, 8), (1, -1, 1), 68, '2/7', '200/49', 1)
    ((0, 1, 8), (-1, 1, -1), 68, '-2/7', '200/49', 1)
    ((0, 3, 7), (1, -1, 1), 56, '1/6', '25/36', 1)
    ((0, 3, 7), (-1, 1, -1), 56, '-1/6', '25/36', 1)
    ((0, 4, 11), (1, 1, -1), 56, '-2/77', '680/5929', 1)
    ((0, 4, 11), (-1, -1, 1), 56, '2/77', '680/5929', 1)
    ((0, 2, 8), (-1, -1, 1), 52, '1/24', '25/144', 1)
    ((0, 2, 8), (1, 1, -1), 52, '-1/24', '25/144', 1)
    ((0, 1, 13), (1, -1, -1), 48, '2/13', '680/169', 1)
    ((0, 1, 13), (-1, 1, 1), 48, '-2/13', '680/169', 1)
   3-pt families t2<=8: agree 224 disagree 0 []
   4-point line patterns: [(((0, 1, 7, 8), (1, -1, -1, 1)), 34), (((0, 1, 7, 8), (-1, 1, 1, -1)), 34), (((0, 3, 4, 7), (1, -1, -1, 1)), 28), (((0, 3, 4, 7), (-1, 1, 1, -1)), 28), (((0, 7, 11, 18), (-1, 1, 1, -1)), 24), (((0, 7, 11, 18), (1, -1, -1, 1)), 24), (((0, 1, 13, 14), (1, -1, -1, 1)), 20), (((0, 1, 13, 14), (-1, 1, 1, -1)), 20)]
