p=11: families(t,e) present: 50; total patterns 428
    ((0, 1, 2), (-1, 1, 1), 58, '-1', '5', 1)
    ((0, 1, 2), (-1, -1, 1), 58, '1', '5', 1)
    ((0, 1, 3), (-1, 1, -1), 36, '-1', '5', 1)
    ((0, 1, 3), (1, -1, 1), 36, '1', '5', 1)
    ((0, 2, 4), (-1, -1, 1), 14, '1/4', '5/4', 1)
    ((0, 2, 4), (-1, 1, 1), 14, '-1/4', '5/4', 1)
    ((0, 3, 7), (-1, 1, 1), 12, '-2/21', '232/441', 1)
    ((0, 1, 4), (-1, -1, 1), 12, '1/6', '25/36', 1)
    ((0, 1, 4), (1, 1, -1), 12, '-1/6', '25/36', 1)
    ((0, 3, 7), (1, -1, -1), 12, '2/21', '232/441', 1)
    ((0, 4, 8), (-1, 1, 1), 6, '-1/16', '5/16', 1)
    ((0, 1, 8), (-1, -1, 1), 6, '1/28', '113/784', 1)
    ((0, 2, 5), (1, 1, -1), 6, '-2/15', '136/225', 1)
    ((0, 1, 8), (1, 1, -1), 6, '-1/28', '113/784', 1)
    ((0, 4, 8), (-1, -1, 1), 6, '1/16', '5/16', 1)
    ((0, 2, 5), (-1, -1, 1), 6, '2/15', '136/225', 1)
    ((0, 2, 6), (1, -1, 1), 4, '1/4', '5/4', 1)
    ((0, 3, 10), (-1, 1, -1), 4, '-2/21', '232/441', 1)
    ((0, 3, 7), (-1, 1, -1), 4, '-1/6', '25/36', 1)
    ((0, 3, 7), (1, -1, 1), 4, '1/6', '25/36', 1)
    ((0, 3, 10), (1, -1, 1), 4, '2/21', '232/441', 1)
    ((0, 2, 6), (-1, 1, -1), 4, '-1/4', '5/4', 1)
    ((0, 1, 13), (1, -1, -1), 4, '2/13', '680/169', 1)
    ((0, 1, 14), (1, -1, 1), 4, '2/13', '680/169', 1)
   3-pt families t2<=8: agree 196 disagree 28 [(((0, 1, 6), (1, -1, 1)), False, True), (((0, 1, 6), (1, -1, -1)), False, True), (((0, 1, 6), (-1, 1, 1)), False, True), (((0, 1, 6), (-1, 1, -1)), False, True), (((0, 1, 6), (-1, 1, 1)), False, True), (((0, 1, 6), (1, -1, 1)), False, True)]
   4-point line patterns: [(((0, 1, 2, 3), (-1, 1, 1, -1)), 18), (((0, 1, 2, 3), (1, -1, -1, 1)), 18), (((0, 2, 11, 13), (-1, 1, -1, 1)), 6), (((0, 2, 11, 13), (1, -1, 1, -1)), 6), (((0, 1, 11, 12), (-1, 1, -1, 1)), 6), (((0, 1, 11, 12), (1, -1, 1, -1)), 6), (((0, 4, 7, 8), (1, 1, -1, -1)), 3), (((0, 1, 4, 8), (-1, -1, 1, 1)), 3)]
p=13: families(t,e) present: 62; total patterns 412
    ((0, 1, 4), (-1, -1, 1), 26, '1/6', '25/36', 1)
    ((0, 1, 4), (1, 1, -1), 26, '-1/6', '25/36', 1)
    ((0, 1, 3), (1, -1, -1), 20, '2/3', '40/9', 1)
    ((0, 1, 3), (-1, 1, 1), 20, '-2/3', '40/9', 1)
    ((0, 3, 7), (1, -1, 1), 12, '1/6', '25/36', 1)
    ((0, 1, 4), (-1, 1, 1), 12, '-1/2', '17/4', 1)
    ((0, 1, 4), (1, -1, -1), 12, '1/2', '17/4', 1)
    ((0, 3, 7), (-1, 1, -1), 12, '-1/6', '25/36', 1)
    ((0, 2, 7), (-1, 1, 1), 12, '-1/7', '53/49', 1)
    ((0, 2, 6), (1, -1, -1), 12, '1/6', '10/9', 1)
    ((0, 2, 7), (1, -1, -1), 12, '1/7', '53/49', 1)
    ((0, 2, 6), (-1, 1, 1), 12, '-1/6', '10/9', 1)
    ((0, 1, 3), (1, 1, -1), 10, '-1/3', '13/9', 0)
    ((0, 1, 3), (-1, -1, 1), 10, '1/3', '13/9', 0)
    ((0, 1, 4), (1, -1, 1), 8, '2/3', '40/9', 1)
    ((0, 1, 5), (1, -1, 1), 8, '1/2', '17/4', 1)
    ((0, 1, 4), (-1, 1, -1), 8, '-2/3', '40/9', 1)
    ((0, 1, 5), (-1, 1, -1), 8, '-1/2', '17/4', 1)
    ((0, 2, 9), (-1, 1, -1), 8, '-1/7', '53/49', 1)
    ((0, 2, 9), (1, -1, 1), 8, '1/7', '53/49', 1)
    ((0, 1, 6), (-1, -1, 1), 6, '1/15', '61/225', 1)
    ((0, 1, 10), (-1, -1, 1), 6, '1/45', '181/2025', 1)
    ((0, 4, 10), (-1, 1, 1), 6, '-1/20', '29/100', 1)
    ((0, 3, 9), (-1, 1, 1), 6, '-2/27', '40/81', 1)
   3-pt families t2<=8: agree 208 disagree 16 [(((0, 2, 5), (1, -1, -1)), False, True), (((0, 2, 5), (-1, 1, 1)), False, True), (((0, 2, 5), (-1, 1, 1)), False, True), (((0, 2, 5), (1, -1, -1)), False, True), (((0, 2, 7), (1, -1, 1)), False, True), (((0, 2, 7), (-1, 1, -1)), False, True)]
   4-point line patterns: [(((0, 3, 4, 7), (1, -1, -1, 1)), 6), (((0, 3, 4, 7), (-1, 1, 1, -1)), 6), (((0, 4, 13, 17), (1, -1, 1, -1)), 4), (((0, 1, 3, 4), (1, -1, -1, 1)), 4), (((0, 4, 13, 17), (-1, 1, -1, 1)), 4), (((0, 1, 4, 5), (1, -1, -1, 1)), 4), (((0, 1, 3, 4), (-1, 1, 1, -1)), 4), (((0, 1, 4, 5), (-1, 1, 1, -1)), 4)]
p=23: families(t,e) present: 134; total patterns 1132
    ((0, 1, 2), (1, -1, 1), 64, '2', '8', 1)
    ((0, 1, 2), (-1, 1, -1), 64, '-2', '8', 1)
    ((0, 1, 3), (1, 1, -1), 46, '-1/3', '13/9', 1)
    ((0, 1, 3), (-1, -1, 1), 46, '1/3', '13/9', 1)
    ((0, 2, 6), (-1, -1, 1), 28, '1/12', '13/36', 1)
    ((0, 2, 6), (1, 1, -1), 28, '-1/12', '13/36', 1)
    ((0, 4, 10), (1, -1, 1), 24, '1/12', '13/36', 1)
    ((0, 4, 10), (-1, 1, -1), 24, '-1/12', '13/36', 1)
    ((0, 1, 4), (-1, -1, 1), 22, '1/6', '25/36', 1)
    ((0, 1, 4), (1, 1, -1), 22, '-1/6', '25/36', 1)
    ((0, 1, 5), (1, -1, -1), 22, '2/5', '104/25', 1)
    ((0, 1, 5), (-1, 1, 1), 22, '-2/5', '104/25', 1)
    ((0, 2, 5), (-1, 1, -1), 20, '-1/3', '13/9', 1)
    ((0, 2, 5), (1, -1, 1), 20, '1/3', '13/9', 1)
    ((0, 1, 6), (1, -1, 1), 20, '2/5', '104/25', 1)
    ((0, 1, 6), (-1, 1, -1), 20, '-2/5', '104/25', 1)
    ((0, 1, 7), (-1, 1, 1), 16, '-2/7', '200/49', 1)
    ((0, 1, 7), (1, -1, -1), 16, '2/7', '200/49', 1)
    ((0, 3, 8), (-1, 1, 1), 16, '-1/12', '73/144', 1)
    ((0, 3, 8), (1, -1, -1), 16, '1/12', '73/144', 1)
    ((0, 3, 7), (1, -1, -1), 12, '2/21', '232/441', 1)
    ((0, 2, 4), (1, -1, 1), 12, '1/2', '2', 1)
    ((0, 1, 5), (1, 1, -1), 12, '-1/10', '41/100', 1)
    ((0, 1, 8), (-1, 1, -1), 12, '-2/7', '200/49', 1)
   3-pt families t2<=8: agree 220 disagree 4 [(((0, 2, 7), (1, -1, 1)), False, True), (((0, 2, 7), (-1, 1, -1)), False, True), (((0, 2, 7), (1, -1, 1)), False, True), (((0, 2, 7), (-1, 1, -1)), False, True)]
   4-point line patterns: [(((0, 4, 6, 10), (1, -1, -1, 1)), 12), (((0, 4, 6, 10), (-1, 1, 1, -1)), 12), (((0, 2, 3, 5), (-1, 1, 1, -1)), 10), (((0, 2, 3, 5), (1, -1, -1, 1)), 10), (((0, 1, 5, 6), (1, -1, -1, 1)), 10), (((0, 1, 5, 6), (-1, 1, 1, -1)), 10), (((0, 1, 7, 8), (-1, 1, 1, -1)), 6), (((0, 1, 7, 8), (1, -1, -1, 1)), 6)]
p=43: families(t,e) present: 348; total patterns 3144
    ((0, 1, 3), (-1, 1, 1), 100, '-2/3', '40/9', 1)
    ((0, 1, 3), (1, -1, -1), 100, '2/3', '40/9', 1)
    ((0, 1, 3), (1, 1, -1), 92, '-1/3', '13/9', 1)
    ((0, 1, 3), (-1, -1, 1), 92, '1/3', '13/9', 1)
    ((0, 1, 5), (1, 1, -1), 60, '-1/10', '41/100', 1)
    ((0, 1, 5), (-1, -1, 1), 60, '1/10', '41/100', 1)
    ((0, 1, 4), (-1, 1, -1), 56, '-2/3', '40/9', 1)
    ((0, 1, 4), (1, -1, 1), 56, '2/3', '40/9', 1)
    ((0, 1, 4), (-1, -1, 1), 46, '1/6', '25/36', 1)
    ((0, 1, 4), (1, 1, -1), 46, '-1/6', '25/36', 1)
    ((0, 1, 4), (-1, 1, 1), 42, '-1/2', '17/4', 1)
    ((0, 1, 4), (1, -1, -1), 42, '1/2', '17/4', 1)
    ((0, 2, 7), (1, -1, -1), 36, '1/7', '53/49', 1)
    ((0, 2, 7), (-1, 1, 1), 36, '-1/7', '53/49', 1)
    ((0, 1, 9), (-1, -1, 1), 34, '1/36', '145/1296', 1)
    ((0, 1, 9), (1, 1, -1), 34, '-1/36', '145/1296', 1)
    ((0, 1, 5), (-1, 1, -1), 32, '-1/2', '17/4', 1)
    ((0, 1, 5), (1, -1, 1), 32, '1/2', '17/4', 1)
    ((0, 2, 6), (1, -1, -1), 24, '1/6', '10/9', 1)
    ((0, 2, 6), (-1, 1, 1), 24, '-1/6', '10/9', 1)
    ((0, 2, 5), (-1, 1, -1), 24, '-1/3', '13/9', 1)
    ((0, 2, 5), (1, -1, 1), 24, '1/3', '13/9', 1)
    ((0, 2, 9), (1, -1, 1), 24, '1/7', '53/49', 1)
    ((0, 2, 9), (-1, 1, -1), 24, '-1/7', '53/49', 1)
   3-pt families t2<=8: agree 220 disagree 4 [(((0, 2, 8), (1, -1, -1)), False, True), (((0, 2, 8), (-1, 1, 1)), False, True), (((0, 2, 8), (-1, 1, 1)), False, True), (((0, 2, 8), (1, -1, -1)), False, True)]
   4-point line patterns: [(((0, 1, 3, 4), (-1, 1, 1, -1)), 28), (((0, 1, 3, 4), (1, -1, -1, 1)), 28), (((0, 1, 4, 5), (-1, 1, 1, -1)), 16), (((0, 1, 4, 5), (1, -1, -1, 1)), 16), (((0, 2, 3, 5), (-1, 1, 1, -1)), 12), (((0, 2, 3, 5), (1, -1, -1, 1)), 12), (((0, 2, 7, 9), (1, -1, -1, 1)), 12), (((0, 2, 7, 9), (-1, 1, 1, -1)), 12)]
p=97: families(t,e) present: 726; total patterns 7228
    ((0, 1, 2), (-1, 1, -1), 224, '-2', '8', 1)
    ((0, 1, 2), (1, -1, 1), 224, '2', '8', 1)
    ((0, 1, 4), (-1, -1, 1), 128, '1/6', '25/36', 1)
    ((0, 1, 4), (1, 1, -1), 128, '-1/6', '25/36', 1)
    ((0, 1, 6), (-1, -1, 1), 80, '1/15', '61/225', 1)
    ((0, 1, 6), (1, 1, -1), 80, '-1/15', '61/225', 1)
    ((0, 3, 7), (-1, -1, 1), 62, '1/14', '65/196', 1)
    ((0, 3, 7), (1, 1, -1), 62, '-1/14', '65/196', 1)
    ((0, 2, 7), (-1, 1, 1), 54, '-1/7', '53/49', 1)
    ((0, 2, 7), (1, -1, -1), 54, '1/7', '53/49', 1)
    ((0, 1, 7), (-1, -1, 1), 42, '1/21', '85/441', 1)
    ((0, 1, 7), (1, 1, -1), 42, '-1/21', '85/441', 1)
    ((0, 2, 4), (-1, 1, -1), 40, '-1/2', '2', 1)
    ((0, 2, 4), (1, -1, 1), 40, '1/2', '2', 1)
    ((0, 2, 16), (-1, 1, 1), 36, '-1/16', '65/64', 1)
    ((0, 2, 18), (-1, 1, -1), 36, '-1/16', '65/64', 1)
    ((0, 2, 16), (1, -1, -1), 36, '1/16', '65/64', 1)
    ((0, 2, 18), (1, -1, 1), 36, '1/16', '65/64', 1)
    ((0, 2, 8), (-1, -1, 1), 34, '1/24', '25/144', 1)
    ((0, 2, 8), (1, 1, -1), 34, '-1/24', '25/144', 1)
    ((0, 2, 9), (-1, -1, 1), 34, '2/63', '520/3969', 1)
    ((0, 2, 9), (1, 1, -1), 34, '-2/63', '520/3969', 1)
    ((0, 1, 8), (-1, -1, 1), 32, '1/28', '113/784', 1)
    ((0, 1, 8), (1, 1, -1), 32, '-1/28', '113/784', 1)
   3-pt families t2<=8: agree 224 disagree 0 []
   4-point line patterns: [(((0, 2, 16, 18), (-1, 1, 1, -1)), 18), (((0, 2, 16, 18), (1, -1, -1, 1)), 18), (((0, 3, 11, 14), (1, -1, -1, 1)), 16), (((0, 3, 11, 14), (-1, 1, 1, -1)), 16), (((0, 4, 7, 11), (-1, 1, 1, -1)), 16), (((0, 4, 7, 11), (1, -1, -1, 1)), 16), (((0, 5, 26, 31), (1, -1, -1, 1)), 12), (((0, 3, 4, 7), (1, -1, -1, 1)), 12)]
