p=  3 c=  1: |P|=   8  lines>=3:    2 (all slope ±1)  Z= 2  2|L|+Z=   6=3(p-1)  exact max=   6 (witness lawful)  #max subsets=9=9^1
p=  3 c=  2: |P|=   8  lines>=3:    2 (all slope ±1)  Z= 2  2|L|+Z=   6=3(p-1)  exact max=   6 (witness lawful)  #max subsets=9=9^1
p=  5 c=  1: |P|=  16  lines>=3:    4 (all slope ±1)  Z= 4  2|L|+Z=  12=3(p-1)  exact max=  12 (witness lawful)  #max subsets=81=9^2
p=  5 c=  2: |P|=  16  lines>=3:    6 (all slope ±1)  Z= 0  2|L|+Z=  12=3(p-1)  exact max=  12 (witness lawful)  #max subsets=1=9^0
p=  5 c=  3: |P|=  16  lines>=3:    6 (all slope ±1)  Z= 0  2|L|+Z=  12=3(p-1)  exact max=  12 (witness lawful)  #max subsets=1=9^0
p=  5 c=  4: |P|=  16  lines>=3:    4 (all slope ±1)  Z= 4  2|L|+Z=  12=3(p-1)  exact max=  12 (witness lawful)  #max subsets=81=9^2
p=  7 c=  1: |P|=  24  lines>=3:    8 (all slope ±1)  Z= 2  2|L|+Z=  18=3(p-1)  exact max=  18 (witness lawful)  #max subsets=9=9^1
p=  7 c=  2: |P|=  24  lines>=3:    8 (all slope ±1)  Z= 2  2|L|+Z=  18=3(p-1)  exact max=  18 (witness lawful)  #max subsets=9=9^1
p=  7 c=  3: |P|=  24  lines>=3:    8 (all slope ±1)  Z= 2  2|L|+Z=  18=3(p-1)  exact max=  18 (witness lawful)  #max subsets=9=9^1
p=  7 c=  4: |P|=  24  lines>=3:    8 (all slope ±1)  Z= 2  2|L|+Z=  18=3(p-1)  exact max=  18 (witness lawful)  #max subsets=9=9^1
p=  7 c=  5: |P|=  24  lines>=3:    8 (all slope ±1)  Z= 2  2|L|+Z=  18=3(p-1)  exact max=  18 (witness lawful)  #max subsets=9=9^1
p=  7 c=  6: |P|=  24  lines>=3:    8 (all slope ±1)  Z= 2  2|L|+Z=  18=3(p-1)  exact max=  18 (witness lawful)  #max subsets=9=9^1
p= 11 c=  1: |P|=  40  lines>=3:   14 (all slope ±1)  Z= 2  2|L|+Z=  30=3(p-1)  exact max=  30 (witness lawful)  #max subsets=9=9^1
p= 11 c=  2: |P|=  40  lines>=3:   14 (all slope ±1)  Z= 2  2|L|+Z=  30=3(p-1)  exact max=  30 (witness lawful)  #max subsets=9=9^1
p= 11 c=  3: |P|=  40  lines>=3:   14 (all slope ±1)  Z= 2  2|L|+Z=  30=3(p-1)  exact max=  30 (witness lawful)  #max subsets=9=9^1
p= 11 c=  4: |P|=  40  lines>=3:   14 (all slope ±1)  Z= 2  2|L|+Z=  30=3(p-1)  exact max=  30 (witness lawful)  #max subsets=9=9^1
p= 11 c=  5: |P|=  40  lines>=3:   14 (all slope ±1)  Z= 2  2|L|+Z=  30=3(p-1)  exact max=  30 (witness lawful)  #max subsets=9=9^1
p= 11 c=  6: |P|=  40  lines>=3:   14 (all slope ±1)  Z= 2  2|L|+Z=  30=3(p-1)  exact max=  30 (witness lawful)  #max subsets=9=9^1
p= 11 c=  7: |P|=  40  lines>=3:   14 (all slope ±1)  Z= 2  2|L|+Z=  30=3(p-1)  exact max=  30 (witness lawful)  #max subsets=9=9^1
p= 11 c=  8: |P|=  40  lines>=3:   14 (all slope ±1)  Z= 2  2|L|+Z=  30=3(p-1)  exact max=  30 (witness lawful)  #max subsets=9=9^1
p= 11 c=  9: |P|=  40  lines>=3:   14 (all slope ±1)  Z= 2  2|L|+Z=  30=3(p-1)  exact max=  30 (witness lawful)  #max subsets=9=9^1
p= 11 c= 10: |P|=  40  lines>=3:   14 (all slope ±1)  Z= 2  2|L|+Z=  30=3(p-1)  exact max=  30 (witness lawful)  #max subsets=9=9^1
p= 13 c=  1: |P|=  48  lines>=3:   16 (all slope ±1)  Z= 4  2|L|+Z=  36=3(p-1)  exact max=  36 (witness lawful)  #max subsets=81=9^2
p= 13 c=  2: |P|=  48  lines>=3:   18 (all slope ±1)  Z= 0  2|L|+Z=  36=3(p-1)  exact max=  36 (witness lawful)  #max subsets=1=9^0
p= 13 c=  3: |P|=  48  lines>=3:   16 (all slope ±1)  Z= 4  2|L|+Z=  36=3(p-1)  exact max=  36 (witness lawful)  #max subsets=81=9^2
p= 13 c=  4: |P|=  48  lines>=3:   16 (all slope ±1)  Z= 4  2|L|+Z=  36=3(p-1)  exact max=  36 (witness lawful)  #max subsets=81=9^2
p= 13 c=  5: |P|=  48  lines>=3:   18 (all slope ±1)  Z= 0  2|L|+Z=  36=3(p-1)  exact max=  36 (witness lawful)  #max subsets=1=9^0
p= 13 c=  6: |P|=  48  lines>=3:   18 (all slope ±1)  Z= 0  2|L|+Z=  36=3(p-1)  exact max=  36 (witness lawful)  #max subsets=1=9^0
p= 13 c=  7: |P|=  48  lines>=3:   18 (all slope ±1)  Z= 0  2|L|+Z=  36=3(p-1)  exact max=  36 (witness lawful)  #max subsets=1=9^0
p= 13 c=  8: |P|=  48  lines>=3:   18 (all slope ±1)  Z= 0  2|L|+Z=  36=3(p-1)  exact max=  36 (witness lawful)  #max subsets=1=9^0
p= 13 c=  9: |P|=  48  lines>=3:   16 (all slope ±1)  Z= 4  2|L|+Z=  36=3(p-1)  exact max=  36 (witness lawful)  #max subsets=81=9^2
p= 13 c= 10: |P|=  48  lines>=3:   16 (all slope ±1)  Z= 4  2|L|+Z=  36=3(p-1)  exact max=  36 (witness lawful)  #max subsets=81=9^2
p= 13 c= 11: |P|=  48  lines>=3:   18 (all slope ±1)  Z= 0  2|L|+Z=  36=3(p-1)  exact max=  36 (witness lawful)  #max subsets=1=9^0
p= 13 c= 12: |P|=  48  lines>=3:   16 (all slope ±1)  Z= 4  2|L|+Z=  36=3(p-1)  exact max=  36 (witness lawful)  #max subsets=81=9^2
p= 17 c=  1: |P|=  64  lines>=3:   22 (all slope ±1)  Z= 4  2|L|+Z=  48=3(p-1)  exact max=  48 (witness lawful)  #max subsets=81=9^2
p= 17 c=  2: |P|=  64  lines>=3:   22 (all slope ±1)  Z= 4  2|L|+Z=  48=3(p-1)  exact max=  48 (witness lawful)  #max subsets=81=9^2
p= 17 c= 16: |P|=  64  lines>=3:   22 (all slope ±1)  Z= 4  2|L|+Z=  48=3(p-1)  exact max=  48 (witness lawful)  #max subsets=81=9^2
p= 19 c=  1: |P|=  72  lines>=3:   26 (all slope ±1)  Z= 2  2|L|+Z=  54=3(p-1)  exact max=  54 (witness lawful)  #max subsets=9=9^1
p= 19 c=  2: |P|=  72  lines>=3:   26 (all slope ±1)  Z= 2  2|L|+Z=  54=3(p-1)  exact max=  54 (witness lawful)  #max subsets=9=9^1
p= 19 c= 18: |P|=  72  lines>=3:   26 (all slope ±1)  Z= 2  2|L|+Z=  54=3(p-1)  exact max=  54 (witness lawful)  #max subsets=9=9^1
p= 23 c=  1: |P|=  88  lines>=3:   32 (all slope ±1)  Z= 2  2|L|+Z=  66=3(p-1)  exact max=  66 (witness lawful)  #max subsets=9=9^1
p= 23 c=  2: |P|=  88  lines>=3:   32 (all slope ±1)  Z= 2  2|L|+Z=  66=3(p-1)  exact max=  66 (witness lawful)  #max subsets=9=9^1
p= 23 c= 22: |P|=  88  lines>=3:   32 (all slope ±1)  Z= 2  2|L|+Z=  66=3(p-1)  exact max=  66 (witness lawful)  #max subsets=9=9^1
p= 29 c=  1: |P|= 112  lines>=3:   40 (all slope ±1)  Z= 4  2|L|+Z=  84=3(p-1)  exact max=  84 (witness lawful)  #max subsets=81=9^2
p= 29 c=  2: |P|= 112  lines>=3:   42 (all slope ±1)  Z= 0  2|L|+Z=  84=3(p-1)  exact max=  84 (witness lawful)  #max subsets=1=9^0
p= 29 c= 28: |P|= 112  lines>=3:   40 (all slope ±1)  Z= 4  2|L|+Z=  84=3(p-1)  exact max=  84 (witness lawful)  #max subsets=81=9^2
p= 31 c=  1: |P|= 120  lines>=3:   44 (all slope ±1)  Z= 2  2|L|+Z=  90=3(p-1)  exact max=  90 (witness lawful)  #max subsets=9=9^1
p= 31 c=  2: |P|= 120  lines>=3:   44 (all slope ±1)  Z= 2  2|L|+Z=  90=3(p-1)  exact max=  90 (witness lawful)  #max subsets=9=9^1
p= 31 c= 30: |P|= 120  lines>=3:   44 (all slope ±1)  Z= 2  2|L|+Z=  90=3(p-1)  exact max=  90 (witness lawful)  #max subsets=9=9^1
p= 37 c=  1: |P|= 144  lines>=3:   52 (all slope ±1)  Z= 4  2|L|+Z= 108=3(p-1)  exact max= 108 (witness lawful)  #max subsets=81=9^2
p= 37 c=  2: |P|= 144  lines>=3:   54 (all slope ±1)  Z= 0  2|L|+Z= 108=3(p-1)  exact max= 108 (witness lawful)  #max subsets=1=9^0
p= 37 c= 36: |P|= 144  lines>=3:   52 (all slope ±1)  Z= 4  2|L|+Z= 108=3(p-1)  exact max= 108 (witness lawful)  #max subsets=81=9^2
p= 41 c=  1: |P|= 160  lines>=3:   58 (all slope ±1)  Z= 4  2|L|+Z= 120=3(p-1)  exact max= 120 (witness lawful)  #max subsets=81=9^2
p= 41 c=  2: |P|= 160  lines>=3:   58 (all slope ±1)  Z= 4  2|L|+Z= 120=3(p-1)  exact max= 120 (witness lawful)  #max subsets=81=9^2
p= 41 c= 40: |P|= 160  lines>=3:   58 (all slope ±1)  Z= 4  2|L|+Z= 120=3(p-1)  exact max= 120 (witness lawful)  #max subsets=81=9^2
p= 43 c=  1: |P|= 168  lines>=3:   62 (all slope ±1)  Z= 2  2|L|+Z= 126=3(p-1)  exact max= 126 (witness lawful)  #max subsets=9=9^1
p= 43 c=  2: |P|= 168  lines>=3:   62 (all slope ±1)  Z= 2  2|L|+Z= 126=3(p-1)  exact max= 126 (witness lawful)  #max subsets=9=9^1
p= 43 c= 42: |P|= 168  lines>=3:   62 (all slope ±1)  Z= 2  2|L|+Z= 126=3(p-1)  exact max= 126 (witness lawful)  #max subsets=9=9^1
p= 47 c=  1: |P|= 184  lines>=3:   68 (all slope ±1)  Z= 2  2|L|+Z= 138=3(p-1)  exact max= 138 (witness lawful)  #max subsets=9=9^1
p= 47 c=  2: |P|= 184  lines>=3:   68 (all slope ±1)  Z= 2  2|L|+Z= 138=3(p-1)  exact max= 138 (witness lawful)  #max subsets=9=9^1
p= 47 c= 46: |P|= 184  lines>=3:   68 (all slope ±1)  Z= 2  2|L|+Z= 138=3(p-1)  exact max= 138 (witness lawful)  #max subsets=9=9^1
p= 53 c=  1: |P|= 208  lines>=3:   76 (all slope ±1)  Z= 4  2|L|+Z= 156=3(p-1)  exact max= 156 (witness lawful)  #max subsets=81=9^2
p= 53 c=  2: |P|= 208  lines>=3:   78 (all slope ±1)  Z= 0  2|L|+Z= 156=3(p-1)  exact max= 156 (witness lawful)  #max subsets=1=9^0
p= 53 c= 52: |P|= 208  lines>=3:   76 (all slope ±1)  Z= 4  2|L|+Z= 156=3(p-1)  exact max= 156 (witness lawful)  #max subsets=81=9^2
p= 59 c=  1: |P|= 232  lines>=3:   86 (all slope ±1)  Z= 2  2|L|+Z= 174=3(p-1)  exact max= 174 (witness lawful)  #max subsets=9=9^1
p= 59 c=  2: |P|= 232  lines>=3:   86 (all slope ±1)  Z= 2  2|L|+Z= 174=3(p-1)  exact max= 174 (witness lawful)  #max subsets=9=9^1
p= 59 c= 58: |P|= 232  lines>=3:   86 (all slope ±1)  Z= 2  2|L|+Z= 174=3(p-1)  exact max= 174 (witness lawful)  #max subsets=9=9^1
p= 61 c=  1: |P|= 240  lines>=3:   88 (all slope ±1)  Z= 4  2|L|+Z= 180=3(p-1)  exact max= 180 (witness lawful)  #max subsets=81=9^2
p= 61 c=  2: |P|= 240  lines>=3:   90 (all slope ±1)  Z= 0  2|L|+Z= 180=3(p-1)  exact max= 180 (witness lawful)  #max subsets=1=9^0
p= 61 c= 60: |P|= 240  lines>=3:   88 (all slope ±1)  Z= 4  2|L|+Z= 180=3(p-1)  exact max= 180 (witness lawful)  #max subsets=81=9^2
p= 67 c=  1: |P|= 264  lines>=3:   98 (all slope ±1)  Z= 2  2|L|+Z= 198=3(p-1)  exact max= 198 (witness lawful)  #max subsets=9=9^1
p= 67 c=  2: |P|= 264  lines>=3:   98 (all slope ±1)  Z= 2  2|L|+Z= 198=3(p-1)  exact max= 198 (witness lawful)  #max subsets=9=9^1
p= 67 c= 66: |P|= 264  lines>=3:   98 (all slope ±1)  Z= 2  2|L|+Z= 198=3(p-1)  exact max= 198 (witness lawful)  #max subsets=9=9^1
p= 71 c=  1: |P|= 280  lines>=3:  104 (all slope ±1)  Z= 2  2|L|+Z= 210=3(p-1)  exact max= 210 (witness lawful)  #max subsets=9=9^1
p= 71 c=  2: |P|= 280  lines>=3:  104 (all slope ±1)  Z= 2  2|L|+Z= 210=3(p-1)  exact max= 210 (witness lawful)  #max subsets=9=9^1
p= 71 c= 70: |P|= 280  lines>=3:  104 (all slope ±1)  Z= 2  2|L|+Z= 210=3(p-1)  exact max= 210 (witness lawful)  #max subsets=9=9^1
p= 73 c=  1: |P|= 288  lines>=3:  106 (all slope ±1)  Z= 4  2|L|+Z= 216=3(p-1)  exact max= 216 (witness lawful)  #max subsets=81=9^2
p= 73 c=  2: |P|= 288  lines>=3:  106 (all slope ±1)  Z= 4  2|L|+Z= 216=3(p-1)  exact max= 216 (witness lawful)  #max subsets=81=9^2
p= 73 c= 72: |P|= 288  lines>=3:  106 (all slope ±1)  Z= 4  2|L|+Z= 216=3(p-1)  exact max= 216 (witness lawful)  #max subsets=81=9^2
p= 79 c=  1: |P|= 312  lines>=3:  116 (all slope ±1)  Z= 2  2|L|+Z= 234=3(p-1)  exact max= 234 (witness lawful)  #max subsets=9=9^1
p= 79 c=  2: |P|= 312  lines>=3:  116 (all slope ±1)  Z= 2  2|L|+Z= 234=3(p-1)  exact max= 234 (witness lawful)  #max subsets=9=9^1
p= 79 c= 78: |P|= 312  lines>=3:  116 (all slope ±1)  Z= 2  2|L|+Z= 234=3(p-1)  exact max= 234 (witness lawful)  #max subsets=9=9^1
p= 83 c=  1: |P|= 328  lines>=3:  122 (all slope ±1)  Z= 2  2|L|+Z= 246=3(p-1)  exact max= 246 (witness lawful)  #max subsets=9=9^1
p= 83 c=  2: |P|= 328  lines>=3:  122 (all slope ±1)  Z= 2  2|L|+Z= 246=3(p-1)  exact max= 246 (witness lawful)  #max subsets=9=9^1
p= 83 c= 82: |P|= 328  lines>=3:  122 (all slope ±1)  Z= 2  2|L|+Z= 246=3(p-1)  exact max= 246 (witness lawful)  #max subsets=9=9^1
p= 89 c=  1: |P|= 352  lines>=3:  130 (all slope ±1)  Z= 4  2|L|+Z= 264=3(p-1)  exact max= 264 (witness lawful)  #max subsets=81=9^2
p= 89 c=  2: |P|= 352  lines>=3:  130 (all slope ±1)  Z= 4  2|L|+Z= 264=3(p-1)  exact max= 264 (witness lawful)  #max subsets=81=9^2
p= 89 c= 88: |P|= 352  lines>=3:  130 (all slope ±1)  Z= 4  2|L|+Z= 264=3(p-1)  exact max= 264 (witness lawful)  #max subsets=81=9^2
p= 97 c=  1: |P|= 384  lines>=3:  142 (all slope ±1)  Z= 4  2|L|+Z= 288=3(p-1)  exact max= 288 (witness lawful)  #max subsets=81=9^2
p= 97 c=  2: |P|= 384  lines>=3:  142 (all slope ±1)  Z= 4  2|L|+Z= 288=3(p-1)  exact max= 288 (witness lawful)  #max subsets=81=9^2
p= 97 c= 96: |P|= 384  lines>=3:  142 (all slope ±1)  Z= 4  2|L|+Z= 288=3(p-1)  exact max= 288 (witness lawful)  #max subsets=81=9^2
p=101 c=  1: |P|= 400  lines>=3:  148 (all slope ±1)  Z= 4  2|L|+Z= 300=3(p-1)  exact max= 300 (witness lawful)  #max subsets=81=9^2
p=101 c=  2: |P|= 400  lines>=3:  150 (all slope ±1)  Z= 0  2|L|+Z= 300=3(p-1)  exact max= 300 (witness lawful)  #max subsets=1=9^0
p=101 c=100: |P|= 400  lines>=3:  148 (all slope ±1)  Z= 4  2|L|+Z= 300=3(p-1)  exact max= 300 (witness lawful)  #max subsets=81=9^2
all checks passed
