sweep     0     0.3s  T по репликам:  63  55  48  46  39  40  35  34  30  лучшее 30
sweep  1000    83.4s  T по репликам:  63  42  30  28  24   8   4   3   3  лучшее 3
sweep  2000   166.7s  T по репликам:  49  38  31  29  15   9   3   3   2  лучшее 2
sweep  3000   250.3s  T по репликам:  55  52  31  17  23   9   5   3   2  лучшее 2
sweep  4000   333.8s  T по репликам:  62  37  35  33  20   9   8   3   2  лучшее 2
sweep  5000   417.0s  T по репликам:  59  47  28  31  15   8   6   3   2  лучшее 2
sweep  6000   500.4s  T по репликам:  56  45  38  28  21  11   5   3   2  лучшее 2
sweep  7000   583.9s  T по репликам:  52  45  44  26  18  11   5   3   2  лучшее 2
sweep  8000   667.4s  T по репликам:  72  54  35  31  25   9   4   3   2  лучшее 2
sweep  9000   750.8s  T по репликам:  54  48  29  29  15   8   7   3   2  лучшее 2
sweep 10000   834.8s  T по репликам:  54  48  28  32  21  11   5   3   2  лучшее 2
sweep 11000   918.4s  T по репликам:  51  42  33  28  12  13   4   3   2  лучшее 2
sweep 12000  1001.2s  T по репликам:  74  46  25  27  20   9   5   3   2  лучшее 2
sweep 13000  1083.6s  T по репликам:  65  49  33  27  19   9   5   3   2  лучшее 2
sweep 14000  1165.1s  T по репликам:  51  44  31  31  22   9   4   3   2  лучшее 2
sweep 15000  1245.5s  T по репликам:  62  42  36  35  25  13   6   3   2  лучшее 2
sweep 16000  1325.9s  T по репликам:  48  51  28  31  23  14   3   3   2  лучшее 2
sweep 17000  1396.6s  T по репликам:  50  51  34  25  17  11   4   3   2  лучшее 2
sweep 18000  1448.9s  T по репликам:  51  47  32  26  20   9   4   3   2  лучшее 2
sweep 19000  1501.1s  T по репликам:  60  41  31  23  13   8   5   3   2  лучшее 2
итог: не найден; лучший T = 2 ; обмены [2773, 2948, 2688, 1692, 930, 1904, 4413, 1835]; время 1553 с
