старт из /home/iwasborninbali/strata/n8_c08_ord4_94.txt: 94 точек
sweep     0     0.7s  T по репликам:  62  45  14   5   6   3   3   3   3   3   3   3  лучшее 3  T=0-множеств сохранено 0
sweep   750   108.7s  T по репликам:  94  59  54  36  10   3   3   3   3   3   3   3  лучшее 3  T=0-множеств сохранено 0
sweep  1500   217.1s  T по репликам:  89  53  44  33   5   3   3   3   3   3   3   3  лучшее 3  T=0-множеств сохранено 0
sweep  2250   325.4s  T по репликам:  85  60  42  35  24   3   3   3   3   3   3   3  лучшее 3  T=0-множеств сохранено 0
sweep  3000   434.0s  T по репликам:  71  52  41  42  25   3   3   3   3   3   3   3  лучшее 3  T=0-множеств сохранено 0
sweep  3750   542.8s  T по репликам:  83  61  44  26  17   6   3   3   3   3   3   3  лучшее 3  T=0-множеств сохранено 0
sweep  4500   651.4s  T по репликам:  69  59  55  32  20   3   3   3   3   3   3   3  лучшее 3  T=0-множеств сохранено 0
sweep  5250   760.4s  T по репликам:  83  57  48  40  17   3   3   3   3   3   3   3  лучшее 3  T=0-множеств сохранено 0
sweep  6000   868.6s  T по репликам:  75  61  56  38  20   5   3   3   3   3   3   3  лучшее 3  T=0-множеств сохранено 0
sweep  6750   937.2s  T по репликам:  85  58  51  36  25   3   3   3   3   3   3   3  лучшее 3  T=0-множеств сохранено 0
sweep  7500  1005.8s  T по репликам:  75  50  46  32  23   6   3   3   3   3   3   3  лучшее 3  T=0-множеств сохранено 0
sweep  8250  1074.5s  T по репликам:  72  76  48  37  27   3   3   3   3   3   3   3  лучшее 3  T=0-множеств сохранено 0
sweep  9000  1143.2s  T по репликам:  84  71  50  29  19   3   3   3   3   3   3   3  лучшее 3  T=0-множеств сохранено 0
sweep  9750  1212.1s  T по репликам:  71  70  41  36  24   3   3   3   3   3   3   3  лучшее 3  T=0-множеств сохранено 0
sweep 10500  1280.6s  T по репликам:  75  79  47  28  20   4   3   3   3   3   3   3  лучшее 3  T=0-множеств сохранено 0
sweep 11250  1349.4s  T по репликам:  78  68  46  33  19   3   3   3   3   3   3   3  лучшее 3  T=0-множеств сохранено 0
sweep 12000  1454.1s  T по репликам: 103  50  47  39  26   5   3   3   3   3   3   3  лучшее 3  T=0-множеств сохранено 0
sweep 12750  1563.2s  T по репликам:  82  57  39  32  27   3   3   3   3   3   3   3  лучшее 3  T=0-множеств сохранено 0
sweep 13500  1671.0s  T по репликам:  84  71  48  30  22   3   3   3   3   3   3   3  лучшее 3  T=0-множеств сохранено 0
sweep 14250  1777.7s  T по репликам:  81  63  45  36  25   3   4   4   3   3   3   3  лучшее 3  T=0-множеств сохранено 0
итог: рекорда нет; лучший T = 3; сохранено T=0-множеств размера 95: 0 ; обмены [1113, 1254, 1218, 450, 786, 11835, 14171, 14717, 14928, 14986, 14996]; время 1884 с
