sweep     0     0.3s  T по репликам:  64  50  43  41  36  34  40  40  34  лучшее 34
sweep   300    27.4s  T по репликам:  44  44  35  27  16  14   7   4   3  лучшее 3
sweep   600    54.5s  T по репликам:  56  48  42  23  22  12   4   3   3  лучшее 3
sweep   900    81.6s  T по репликам:  52  45  36  23  21   7   4   3   3  лучшее 3
sweep  1200   108.6s  T по репликам:  54  44  40  26  12  12   4   4   3  лучшее 3
sweep  1500   135.5s  T по репликам:  56  41  31  23  20   7   4   3   3  лучшее 3
sweep  1800   162.2s  T по репликам:  54  42  34  29  15   7   3   3   3  лучшее 3
sweep  2100   189.1s  T по репликам:  46  41  34  23  16   8   5   3   3  лучшее 3
sweep  2400   216.1s  T по репликам:  66  54  31  30  19  11   7   4   3  лучшее 3
sweep  2700   243.1s  T по репликам:  57  46  35  35  16  11   4   3   3  лучшее 3
sweep  3000   270.1s  T по репликам:  57  46  29  28  17  11   4   3   3  лучшее 3
sweep  3300   296.6s  T по репликам:  50  40  29  26  16   9   6   3   2  лучшее 2
sweep  3600   323.2s  T по репликам:  65  45  36  27  17  10   3   4   2  лучшее 2
sweep  3900   349.9s  T по репликам:  68  42  34  28  16   7   3   3   2  лучшее 2
sweep  4200   376.5s  T по репликам:  36  45  28  17  14   7   4   3   2  лучшее 2
sweep  4500   403.3s  T по репликам:  62  44  37  21  13   5   3   3   2  лучшее 2
sweep  4800   430.1s  T по репликам:  60  54  40  30  18  11   4   2   2  лучшее 2
sweep  5100   456.5s  T по репликам:  61  57  27  25  22   8   6   2   2  лучшее 2
sweep  5400   482.7s  T по репликам:  64  55  41  28  13  14   4   2   2  лучшее 2
sweep  5700   508.9s  T по репликам:  57  44  36  33  17   7   4   2   2  лучшее 2
итог: не найден; лучший T = 2 ; обмены [930, 934, 950, 579, 257, 549, 1820, 3523]; время 535 с
