sweep     0     0.3s  T по репликам:  72  50  40  40  40  38  41  39  31  лучшее 31
sweep   300    25.8s  T по репликам:  51  46  26  39  14  11   6   5   3  лучшее 3
sweep   600    51.4s  T по репликам:  40  50  28  19  19   7   3   3   3  лучшее 3
sweep   900    76.8s  T по репликам:  53  41  37  21  12   9   3   4   2  лучшее 2
sweep  1200   102.3s  T по репликам:  49  45  38  19  15   9   5   2   2  лучшее 2
sweep  1500   127.9s  T по репликам:  55  41  30  20  12  11   4   2   2  лучшее 2
sweep  1800   153.3s  T по репликам:  40  50  29  32  15   7   6   2   2  лучшее 2
sweep  2100   178.8s  T по репликам:  56  40  29  26  20  10   5   2   2  лучшее 2
sweep  2400   204.3s  T по репликам:  52  42  35  33  24   9   4   2   2  лучшее 2
sweep  2700   229.7s  T по репликам:  65  42  31  26  17   8   6   2   2  лучшее 2
sweep  3000   255.3s  T по репликам:  46  43  39  20  18   9   6   2   2  лучшее 2
sweep  3300   280.9s  T по репликам:  54  41  36  31  14  11   4   2   2  лучшее 2
sweep  3600   306.4s  T по репликам:  72  51  28  24  18   7   5   2   2  лучшее 2
sweep  3900   331.9s  T по репликам:  56  44  39  24  21   7   4   2   2  лучшее 2
sweep  4200   357.5s  T по репликам:  53  41  36  24  16   4   9   3   2  лучшее 2
sweep  4500   383.0s  T по репликам:  59  40  29  21  16  10   4   2   2  лучшее 2
sweep  4800   408.5s  T по репликам:  74  44  37  28  18   7   5   2   2  лучшее 2
sweep  5100   434.2s  T по репликам:  64  48  39  28  23   6   6   2   2  лучшее 2
sweep  5400   459.7s  T по репликам:  49  50  33  26  20   8   8   2   2  лучшее 2
sweep  5700   485.2s  T по репликам:  53  29  37  22  16   5   4   2   2  лучшее 2
итог: не найден; лучший T = 2 ; обмены [891, 885, 926, 530, 270, 671, 901, 4500]; время 511 с
