sweep     0     0.4s  T по репликам:  76  53  40  38  41  38  36  37  40  38  35  32  лучшее 32  T=0-множеств сохранено 0
sweep  1500   173.0s  T по репликам:  58  32  28  17  12   8   5   5   4   3   3   3  лучшее 3  T=0-множеств сохранено 0
sweep  3000   346.0s  T по репликам:  50  43  35  21  14  14   6   3   3   3   2   2  лучшее 2  T=0-множеств сохранено 0
sweep  4500   519.0s  T по репликам:  64  42  39  18  14   9   3   3   3   3   2   2  лучшее 2  T=0-множеств сохранено 0
sweep  6000   692.2s  T по репликам:  42  35  38  18  20   9   5   5   3   3   2   2  лучшее 2  T=0-множеств сохранено 0
sweep  7500   865.7s  T по репликам:  71  44  35  20  16  11   5   3   3   2   2   2  лучшее 2  T=0-множеств сохранено 0
sweep  9000  1040.3s  T по репликам:  43  48  28  26  18  11   4   3   2   2   2   2  лучшее 2  T=0-множеств сохранено 0
sweep 10500  1168.3s  T по репликам:  59  35  31  24  18  11   6   3   4   2   2   2  лучшее 2  T=0-множеств сохранено 0
sweep 12000  1277.0s  T по репликам:  51  45  31  25  12   7   4   5   2   2   2   2  лучшее 2  T=0-множеств сохранено 0
sweep 13500  1385.4s  T по репликам:  41  44  24  26  17  12   7   3   2   2   2   2  лучшее 2  T=0-множеств сохранено 0
sweep 15000  1494.0s  T по репликам:  52  42  30  25  12  11   3   3   2   2   2   2  лучшее 2  T=0-множеств сохранено 0
sweep 16500  1602.5s  T по репликам:  45  38  35  25  17  10   3   4   2   2   2   2  лучшее 2  T=0-множеств сохранено 0
sweep 18000  1711.0s  T по репликам:  56  47  27  18  12  10   6   2   2   2   2   2  лучшее 2  T=0-множеств сохранено 0
sweep 19500  1819.5s  T по репликам:  48  46  24  24  18   5   7   3   2   2   2   2  лучшее 2  T=0-множеств сохранено 0
sweep 21000  1928.2s  T по репликам:  51  39  26  20  15   7   5   3   2   2   2   2  лучшее 2  T=0-множеств сохранено 0
sweep 22500  2100.5s  T по репликам:  58  39  33  23  12  10   4   2   2   2   2   2  лучшее 2  T=0-множеств сохранено 0
sweep 24000  2284.4s  T по репликам:  48  41  38  24  14   9   6   2   2   2   2   1  лучшее 1  T=0-множеств сохранено 0
sweep 25500  2467.4s  T по репликам:  61  37  27  23  15   7   3   2   3   2   1   1  лучшее 1  T=0-множеств сохранено 0
sweep 27000  2639.3s  T по репликам:  47  43  32  32  20  12   2   3   2   1   2   1  лучшее 1  T=0-множеств сохранено 0
sweep 28500  2751.9s  T по репликам:  58  47  34  27  11  12   4   2   2   2   1   1  лучшее 1  T=0-множеств сохранено 0
итог: рекорда нет; лучший T = 1; сохранено T=0-множеств размера 74: 0 ; обмены [4178, 4545, 4699, 3009, 3345, 5190, 12372, 15860, 24344, 21546, 25123]; время 2865 с
