sweep     0     0.7s  T по репликам:  82  79  68  63  64  66  60  72  62  60  60  53  лучшее 53  T=0-множеств сохранено 0
sweep   750   112.0s  T по репликам:  89  44  54  36  22  10   8  10   8   8   8   6  лучшее 6  T=0-множеств сохранено 0
sweep  1500   224.1s  T по репликам:  81  66  49  34  28  12   7   8   8   6   6   4  лучшее 4  T=0-множеств сохранено 0
sweep  2250   335.3s  T по репликам:  77  66  47  32  18  13   9   8   7   7   6   4  лучшее 4  T=0-множеств сохранено 0
sweep  3000   447.7s  T по репликам:  88  65  50  33  18  15   9   7   7   6   6   4  лучшее 4  T=0-множеств сохранено 0
sweep  3750   560.0s  T по репликам:  80  59  44  34  14  13   8   7   7   6   5   4  лучшее 4  T=0-множеств сохранено 0
sweep  4500   670.4s  T по репликам:  80  57  49  42  20   9   9   8   7   6   5   4  лучшее 4  T=0-множеств сохранено 0
sweep  5250   781.9s  T по репликам:  88  56  47  29  25  11   9   5   5   5   4   4  лучшее 4  T=0-множеств сохранено 0
sweep  6000   893.4s  T по репликам:  78  62  51  36  22  10  10   6   5   5   4   4  лучшее 4  T=0-множеств сохранено 0
sweep  6750  1002.3s  T по репликам:  74  60  47  47  24  13  10   5   5   5   5   4  лучшее 4  T=0-множеств сохранено 0
sweep  7500  1102.3s  T по репликам:  94  62  53  36  36  13  10   5   5   5   4   4  лучшее 4  T=0-множеств сохранено 0
sweep  8250  1202.4s  T по репликам:  76  62  39  33  17  12   6   6   4   4   4   4  лучшее 4  T=0-множеств сохранено 0
sweep  9000  1277.1s  T по репликам:  78  65  48  32  22  18   7   6   4   4   3   3  лучшее 3  T=0-множеств сохранено 0
sweep  9750  1342.7s  T по репликам:  84  57  52  34  20  11   6   6   4   5   3   3  лучшее 3  T=0-множеств сохранено 0
sweep 10500  1407.9s  T по репликам:  76  58  50  31  16  13   7   4   4   3   3   3  лучшее 3  T=0-множеств сохранено 0
sweep 11250  1473.1s  T по репликам:  93  72  53  37  26  17   9   4   4   3   3   3  лучшее 3  T=0-множеств сохранено 0
sweep 12000  1538.3s  T по репликам:  90  54  43  30  23   7   9   4   4   3   3   3  лучшее 3  T=0-множеств сохранено 0
sweep 12750  1603.6s  T по репликам:  54  62  53  35  19  18   7   7   4   4   3   3  лучшее 3  T=0-множеств сохранено 0
sweep 13500  1668.8s  T по репликам:  78  66  59  34  26   6   8   4   4   3   3   3  лучшее 3  T=0-множеств сохранено 0
sweep 14250  1734.1s  T по репликам:  80  59  48  33  26  14   6   6   4   3   3   3  лучшее 3  T=0-множеств сохранено 0
итог: рекорда нет; лучший T = 3; сохранено T=0-множеств размера 95: 0 ; обмены [1135, 1251, 1200, 602, 809, 1747, 5536, 7027, 8653, 9237, 8905]; время 1799 с
