sweep     0     0.2s  T по репликам:  63  54  44  37  45  34  38  38  35  34  35  29  лучшее 29  T=0-множеств сохранено 0
sweep  1500   107.6s  T по репликам:  50  26  37  21  13  13   8   4   4   3   3   3  лучшее 3  T=0-множеств сохранено 0
sweep  3000   262.7s  T по репликам:  68  65  31  37  18  10   6   4   3   3   3   3  лучшее 3  T=0-множеств сохранено 0
sweep  4500   437.8s  T по репликам:  52  41  30  22   8   8   7   5   3   3   3   3  лучшее 3  T=0-множеств сохранено 0
sweep  6000   613.5s  T по репликам:  53  49  31  25  14  10   5   3   3   3   3   2  лучшее 2  T=0-множеств сохранено 0
sweep  7500   790.8s  T по репликам:  35  36  36  21  18   6   7   3   3   2   3   2  лучшее 2  T=0-множеств сохранено 0
sweep  9000   969.3s  T по репликам:  63  46  34  17  17   8   3   3   3   2   2   2  лучшее 2  T=0-множеств сохранено 0
sweep 10500  1147.0s  T по репликам:  68  35  33  21  10   6   5   3   3   2   2   2  лучшее 2  T=0-множеств сохранено 0
sweep 12000  1324.7s  T по репликам:  49  41  38  22  17   8   4   4   3   2   2   2  лучшее 2  T=0-множеств сохранено 0
sweep 13500  1501.5s  T по репликам:  59  41  25  23  10  11   4   3   2   2   2   2  лучшее 2  T=0-множеств сохранено 0
sweep 15000  1684.1s  T по репликам:  57  44  33  32  15   7   3   2   2   2   2   2  лучшее 2  T=0-множеств сохранено 0
sweep 16500  1869.6s  T по репликам:  47  47  37  29  12  11   4   2   3   2   2   2  лучшее 2  T=0-множеств сохранено 0
sweep 18000  2049.6s  T по репликам:  67  31  24  22  10  11   6   2   2   2   2   1  лучшее 1  T=0-множеств сохранено 0
sweep 19500  2177.7s  T по репликам:  44  42  32  27  15   5   3   2   2   2   2   1  лучшее 1  T=0-множеств сохранено 0
sweep 21000  2288.0s  T по репликам:  42  44  28  23  11   8   7   2   2   2   2   1  лучшее 1  T=0-множеств сохранено 0
sweep 22500  2398.1s  T по репликам:  60  43  32  27   9   7   3   2   2   2   2   1  лучшее 1  T=0-множеств сохранено 0
sweep 24000  2508.2s  T по репликам:  44  40  30  25  16  14   3   3   2   2   2   1  лучшее 1  T=0-множеств сохранено 0
sweep 25500  2618.8s  T по репликам:  49  40  37  23  20  10   3   3   1   2   2   1  лучшее 1  T=0-множеств сохранено 0
sweep 27000  2727.9s  T по репликам:  57  43  24  25  12   9   4   4   4   2   1   1  лучшее 1  T=0-множеств сохранено 0
sweep 28500  2836.5s  T по репликам:  56  36  36  22  15   7   3   4   2   2   1   1  лучшее 1  T=0-множеств сохранено 0
итог: рекорда нет; лучший T = 1; сохранено T=0-множеств размера 74: 0 ; обмены [4314, 4457, 4712, 2811, 3443, 5075, 12917, 16816, 23092, 23029, 20084]; время 2947 с
