sweep     0     0.4s  T по репликам:  66  48  40  42  33  37  36  37  31  32  29  28  лучшее 28  T=0-множеств сохранено 0
sweep   750    87.2s  T по репликам:  52  34  31  23  13  16   4   3   2   3   2   2  лучшее 2  T=0-множеств сохранено 0
sweep  1500   174.6s  T по репликам:  61  42  24  24  15   8   4   3   2   2   2   2  лучшее 2  T=0-множеств сохранено 0
sweep  2250   262.3s  T по репликам:  50  39  28  20  14   5   3   2   3   2   2   2  лучшее 2  T=0-множеств сохранено 0
sweep  3000   350.0s  T по репликам:  49  42  27  24  15   8   6   3   2   2   2   1  лучшее 1  T=0-множеств сохранено 0
sweep  3750   437.4s  T по репликам:  54  32  25  15  13   7   6   2   2   2   1   1  лучшее 1  T=0-множеств сохранено 0
sweep  4500   524.6s  T по репликам:  58  32  23  21  10   7   3   3   3   1   1   1  лучшее 1  T=0-множеств сохранено 0
sweep  5250   611.6s  T по репликам:  57  37  29  23  10   6   6   3   1   1   1   1  лучшее 1  T=0-множеств сохранено 0
sweep  6000   670.4s  T по репликам:  54  35  26  21  13   9   5   1   1   1   1   0  лучшее 0  T=0-множеств сохранено 1
sweep  6750   724.1s  T по репликам:  49  38  26  19  18   6   2   1   1   1   1   0  лучшее 0  T=0-множеств сохранено 1
sweep  7500   777.6s  T по репликам:  61  42  28  24  15   8   4   3   1   1   1   0  лучшее 0  T=0-множеств сохранено 1
sweep  8250   831.3s  T по репликам:  46  37  35  20  13   3   4   2   1   1   1   0  лучшее 0  T=0-множеств сохранено 1
sweep  9000   885.0s  T по репликам:  43  39  32  20  15   9   2   1   1   1   0   0  лучшее 0  T=0-множеств сохранено 2
sweep  9750   938.3s  T по репликам:  49  35  34  23  15   9   3   2   1   1   0   0  лучшее 0  T=0-множеств сохранено 2
sweep 10500   991.8s  T по репликам:  52  41  32  22  12   8   4   1   1   1   0   0  лучшее 0  T=0-множеств сохранено 2
sweep 11250  1045.3s  T по репликам:  69  49  18  26  10   8   4   1   1   1   0   0  лучшее 0  T=0-множеств сохранено 2
sweep 12000  1099.1s  T по репликам:  51  34  31  21  12   5   3   2   1   1   0   0  лучшее 0  T=0-множеств сохранено 2
sweep 12750  1169.3s  T по репликам:  46  43  32  26  11   8   3   4   1   1   0   0  лучшее 0  T=0-множеств сохранено 2
sweep 13500  1256.0s  T по репликам:  56  42  34  23  12  10   2   1   1   1   0   0  лучшее 0  T=0-множеств сохранено 2
sweep 14250  1342.6s  T по репликам:  59  41  28  23  16   7   3   1   1   1   0   0  лучшее 0  T=0-множеств сохранено 2
итог: рекорда нет; лучший T = 0; сохранено T=0-множеств размера 73: 3 ; обмены [2203, 2338, 2429, 1564, 2006, 2856, 6427, 7731, 11395, 9102, 9577]; время 1429 с
