sweep     0     0.4s  T по репликам:  56  47  36  37  37  36  39  36  34  29  34  29  лучшее 29  T=0-множеств сохранено 0
sweep  1500   174.1s  T по репликам:  67  41  29  21  12  11   4   5   4   3   3   3  лучшее 3  T=0-множеств сохранено 0
sweep  3000   347.7s  T по репликам:  54  42  30  26  17   9   6   5   3   3   3   3  лучшее 3  T=0-множеств сохранено 0
sweep  4500   520.6s  T по репликам:  55  52  30  28  14  10   6   3   3   3   3   2  лучшее 2  T=0-множеств сохранено 0
sweep  6000   694.6s  T по репликам:  55  43  23  23  19  10   3   6   3   2   2   1  лучшее 1  T=0-множеств сохранено 0
sweep  7500   869.1s  T по репликам:  55  41  30  18  13   8   7   4   3   2   2   1  лучшее 1  T=0-множеств сохранено 0
sweep  9000   991.5s  T по репликам:  50  39  33  21  18   7   5   5   2   2   2   1  лучшее 1  T=0-множеств сохранено 0
sweep 10500  1101.3s  T по репликам:  72  42  36  26  14  11   4   3   2   2   2   1  лучшее 1  T=0-множеств сохранено 0
sweep 12000  1210.9s  T по репликам:  59  32  32  18  13   9   4   3   2   2   2   1  лучшее 1  T=0-множеств сохранено 0
sweep 13500  1321.5s  T по репликам:  50  35  37  29  14   7   4   5   2   2   2   1  лучшее 1  T=0-множеств сохранено 0
sweep 15000  1431.8s  T по репликам:  52  44  35  22  15   9   6   4   2   2   2   1  лучшее 1  T=0-множеств сохранено 0
sweep 16500  1541.9s  T по репликам:  57  46  27  23  23   9   4   4   2   2   2   1  лучшее 1  T=0-множеств сохранено 0
sweep 18000  1652.1s  T по репликам:  50  39  31  28  13   8   5   5   2   2   2   1  лучшее 1  T=0-множеств сохранено 0
sweep 19500  1762.3s  T по репликам:  49  37  26  19  14   9   5   4   2   2   2   1  лучшее 1  T=0-множеств сохранено 0
sweep 21000  1872.4s  T по репликам:  63  43  29  24  17   9   4   3   2   2   2   1  лучшее 1  T=0-множеств сохранено 0
sweep 22500  1983.0s  T по репликам:  63  35  34  27  15  17   4   2   2   2   2   1  лучшее 1  T=0-множеств сохранено 0
sweep 24000  2115.6s  T по репликам:  51  37  33  20  16   8   6   3   2   2   2   1  лучшее 1  T=0-множеств сохранено 0
sweep 25500  2284.4s  T по репликам:  65  44  30  25  16   6   3   2   3   2   2   1  лучшее 1  T=0-множеств сохранено 0
sweep 27000  2455.0s  T по репликам:  57  45  27  27  11  10   3   3   3   2   2   1  лучшее 1  T=0-множеств сохранено 0
sweep 28500  2627.1s  T по репликам:  48  35  38  20  15   7   3   2   2   2   2   1  лучшее 1  T=0-множеств сохранено 0
итог: рекорда нет; лучший T = 1; сохранено T=0-множеств размера 74: 0 ; обмены [4283, 4526, 4547, 2911, 3320, 5406, 12432, 13700, 23302, 27154, 6505]; время 2798 с
