sweep     0     0.7s  T по репликам:  87  73  66  67  55  68  59  55  61  67  72  53  лучшее 52  T=0-множеств сохранено 0
sweep   750   108.3s  T по репликам:  81  69  47  37  26  15  14   9   9   8   8   7  лучшее 7  T=0-множеств сохранено 0
sweep  1500   215.8s  T по репликам:  90  57  63  27  24  12  10   7   8   8   7   5  лучшее 5  T=0-множеств сохранено 0
sweep  2250   323.3s  T по репликам:  85  50  54  33  23  12  11   7   7   6   6   4  лучшее 4  T=0-множеств сохранено 0
sweep  3000   430.7s  T по репликам:  82  70  54  36  20  12   7   6   7   5   5   4  лучшее 4  T=0-множеств сохранено 0
sweep  3750   537.7s  T по репликам:  84  65  43  34  27  15   8   7   5   6   5   4  лучшее 4  T=0-множеств сохранено 0
sweep  4500   643.5s  T по репликам:  80  66  55  31  31  13  10   7   5   5   4   4  лучшее 4  T=0-множеств сохранено 0
sweep  5250   749.2s  T по репликам:  80  59  54  38  24  12  10   7   5   5   4   4  лучшее 4  T=0-множеств сохранено 0
sweep  6000   855.0s  T по репликам:  78  68  65  32  23  15  12   8   6   5   4   4  лучшее 4  T=0-множеств сохранено 0
sweep  6750   960.9s  T по репликам:  87  67  42  35  23  14   9   7   4   4   4   4  лучшее 4  T=0-множеств сохранено 0
sweep  7500  1066.9s  T по репликам:  74  72  39  36  21  15   7   8   4   4   4   4  лучшее 4  T=0-множеств сохранено 0
sweep  8250  1172.7s  T по репликам:  77  71  47  37  25  14   8   7   4   4   4   4  лучшее 4  T=0-множеств сохранено 0
sweep  9000  1278.5s  T по репликам:  75  52  40  40  22  10   8   4   5   4   4   3  лучшее 3  T=0-множеств сохранено 0
sweep  9750  1349.2s  T по репликам: 107  69  44  31  22  17   6   4   4   4   3   3  лучшее 3  T=0-множеств сохранено 0
sweep 10500  1415.3s  T по репликам:  70  65  43  36  25   9   7   6   4   4   3   3  лучшее 3  T=0-множеств сохранено 0
sweep 11250  1481.3s  T по репликам:  87  61  39  40  26  15   7   3   4   4   3   3  лучшее 3  T=0-множеств сохранено 0
sweep 12000  1547.2s  T по репликам:  83  61  43  41  21   8   9   5   4   3   3   3  лучшее 3  T=0-множеств сохранено 0
sweep 12750  1613.2s  T по репликам:  76  55  51  32  22  13   7   4   4   3   3   3  лучшее 3  T=0-множеств сохранено 0
sweep 13500  1679.2s  T по репликам:  81  49  54  36  25  14   8   4   3   5   3   3  лучшее 3  T=0-множеств сохранено 0
sweep 14250  1745.0s  T по репликам:  84  61  51  32  24  15   7   4   4   3   3   3  лучшее 3  T=0-множеств сохранено 0
итог: рекорда нет; лучший T = 3; сохранено T=0-множеств размера 95: 0 ; обмены [1135, 1185, 1265, 592, 893, 2206, 4363, 6984, 9737, 10219, 9715]; время 1811 с
