sweep     0     0.2s  T по репликам:  67  46  48  35  39  42  33  34  34  32  36  31  лучшее 31  T=0-множеств сохранено 0
sweep  1500   110.0s  T по репликам:  59  46  44  27  14  17   9   4   4   5   3   2  лучшее 2  T=0-множеств сохранено 0
sweep  3000   272.6s  T по репликам:  65  41  30  23  20   9   4   3   2   2   2   1  лучшее 1  T=0-множеств сохранено 0
sweep  4500   454.3s  T по репликам:  63  46  32  24  17  10   2   4   2   2   3   1  лучшее 1  T=0-множеств сохранено 0
sweep  6000   635.8s  T по репликам:  70  48  32  22  15  14   4   2   2   2   2   1  лучшее 1  T=0-множеств сохранено 0
sweep  7500   814.3s  T по репликам:  56  38  38  22  14   8   5   2   2   2   2   1  лучшее 1  T=0-множеств сохранено 0
sweep  9000   992.3s  T по репликам:  49  50  27  18  15  14   4   4   2   2   2   1  лучшее 1  T=0-множеств сохранено 0
sweep 10500  1170.6s  T по репликам:  55  36  32  25  15   4   2   2   2   2   1   1  лучшее 1  T=0-множеств сохранено 0
sweep 12000  1349.1s  T по репликам:  59  41  33  20  17   7   3   2   2   2   1   1  лучшее 1  T=0-множеств сохранено 0
sweep 13500  1525.9s  T по репликам:  68  33  24  27  19  13   2   2   2   1   1   1  лучшее 1  T=0-множеств сохранено 0
sweep 15000  1703.0s  T по репликам:  49  43  33  23  14   8   4   5   2   1   1   1  лучшее 1  T=0-множеств сохранено 0
sweep 16500  1881.6s  T по репликам:  49  37  25  28  13  12   7   5   2   1   1   1  лучшее 1  T=0-множеств сохранено 0
sweep 18000  2057.7s  T по репликам:  55  40  34  26  14  12  10   2   2   1   1   1  лучшее 1  T=0-множеств сохранено 0
sweep 19500  2234.3s  T по репликам:  66  42  32  26  17   9   3   2   2   1   1   1  лучшее 1  T=0-множеств сохранено 0
sweep 21000  2409.7s  T по репликам:  49  50  34  24  15   8   7   2   2   1   1   1  лучшее 1  T=0-множеств сохранено 0
sweep 22500  2585.2s  T по репликам:  44  49  28  18  11   6   4   2   2   1   1   1  лучшее 1  T=0-множеств сохранено 0
sweep 24000  2729.1s  T по репликам:  67  34  24  17  14   6   6   3   1   2   1   1  лучшее 1  T=0-множеств сохранено 0
sweep 25500  2838.5s  T по репликам:  61  36  36  20   9   6   3   3   2   1   1   1  лучшее 1  T=0-множеств сохранено 0
sweep 27000  2947.6s  T по репликам:  42  29  36  25  15   9   4   4   2   1   1   1  лучшее 1  T=0-множеств сохранено 0
sweep 28500  3057.1s  T по репликам:  59  46  35  25  14   7   2   2   3   1   1   1  лучшее 1  T=0-множеств сохранено 0
итог: рекорда нет; лучший T = 1; сохранено T=0-множеств размера 74: 0 ; обмены [4189, 4390, 4830, 2913, 3340, 5436, 12378, 16975, 17436, 22984, 20444]; время 3166 с
