старт из /home/iwasborninbali/strata/n8_c08_ord4_94.txt: 94 точек
sweep     0     0.7s  T по репликам:  61  41  20  10   4   3   3   4   3   3   3   3  лучшее 3  T=0-множеств сохранено 0
sweep   750   111.2s  T по репликам:  89  60  43  32   3   4   3   3   3   3   3   3  лучшее 3  T=0-множеств сохранено 0
sweep  1500   223.3s  T по репликам:  80  55  51  31   3   3   3   3   3   3   3   3  лучшее 3  T=0-множеств сохранено 0
sweep  2250   334.8s  T по репликам:  87  48  56  30   6   3   3   3   3   3   3   3  лучшее 3  T=0-множеств сохранено 0
sweep  3000   446.5s  T по репликам:  76  66  42  34   9   6   3   3   3   3   3   3  лучшее 3  T=0-множеств сохранено 0
sweep  3750   558.2s  T по репликам:  94  61  47  39   8   3   3   3   3   3   3   3  лучшее 3  T=0-множеств сохранено 0
sweep  4500   670.0s  T по репликам:  73  56  38  35   6   5   3   3   3   3   3   3  лучшее 3  T=0-множеств сохранено 0
sweep  5250   781.5s  T по репликам:  84  65  43  34   7   3   3   3   3   3   3   3  лучшее 3  T=0-множеств сохранено 0
sweep  6000   893.4s  T по репликам:  79  53  55  36   3   3   3   3   3   3   3   3  лучшее 3  T=0-множеств сохранено 0
sweep  6750  1005.2s  T по репликам:  83  62  47  35   4   5   3   3   3   3   3   3  лучшее 3  T=0-множеств сохранено 0
sweep  7500  1117.0s  T по репликам: 100  64  41  41  25   3   3   3   3   3   3   3  лучшее 3  T=0-множеств сохранено 0
sweep  8250  1228.5s  T по репликам:  76  57  46  40  23   3   4   3   3   3   3   3  лучшее 3  T=0-множеств сохранено 0
sweep  9000  1339.6s  T по репликам:  84  70  40  44  18   6   3   3   3   3   3   3  лучшее 3  T=0-множеств сохранено 0
sweep  9750  1450.4s  T по репликам:  74  62  40  32  23   3   3   3   3   3   3   3  лучшее 3  T=0-множеств сохранено 0
sweep 10500  1578.2s  T по репликам:  74  56  42  34   9   3   3   3   3   3   3   3  лучшее 3  T=0-множеств сохранено 0
sweep 11250  1696.8s  T по репликам:  78  59  56  42  28   3   3   3   3   3   3   3  лучшее 3  T=0-множеств сохранено 0
sweep 12000  1807.3s  T по репликам: 110  64  45  37  15   4   3   3   3   3   3   3  лучшее 3  T=0-множеств сохранено 0
sweep 12750  1917.5s  T по репликам:  74  63  52  29  19   3   3   3   3   3   3   3  лучшее 3  T=0-множеств сохранено 0
sweep 13500  2027.8s  T по репликам:  82  54  55  27  22   3   3   3   3   3   3   3  лучшее 3  T=0-множеств сохранено 0
sweep 14250  2138.3s  T по репликам:  99  65  48  35  20   3   3   3   3   3   3   3  лучшее 3  T=0-множеств сохранено 0
итог: рекорда нет; лучший T = 3; сохранено T=0-множеств размера 95: 0 ; обмены [1055, 1227, 1154, 318, 2832, 11918, 14257, 14713, 14950, 14986, 14998]; время 2248 с
