sweep     0     0.3s  T по репликам:  68  62  40  41  42  35  36  37  30  лучшее 30
sweep  1000    85.2s  T по репликам:  65  49  35  23  17   8   5   6   5  лучшее 5
sweep  2000   170.0s  T по репликам:  52  50  32  25  25  14   5   4   3  лучшее 3
sweep  3000   254.9s  T по репликам:  47  50  35  24  16   8   7   5   3  лучшее 3
sweep  4000   339.4s  T по репликам:  53  48  36  24  23   7   5   3   2  лучшее 2
sweep  5000   423.8s  T по репликам:  48  39  43  28  24  10   5   4   2  лучшее 2
sweep  6000   507.4s  T по репликам:  56  41  32  23  18   9   5   3   2  лучшее 2
sweep  7000   590.9s  T по репликам:  56  48  36  29  22  11   4   3   2  лучшее 2
sweep  8000   674.1s  T по репликам:  56  40  38  25  23   7   4   2   2  лучшее 2
sweep  9000   757.4s  T по репликам:  53  46  30  26  15   8   3   3   2  лучшее 2
sweep 10000   840.7s  T по репликам:  62  54  31  24  14   8   4   2   2  лучшее 2
sweep 11000   924.1s  T по репликам:  52  43  31  36  18   8   6   2   2  лучшее 2
sweep 12000  1007.4s  T по репликам:  54  53  28  21  17   8   6   3   2  лучшее 2
sweep 13000  1091.1s  T по репликам:  62  38  33  29  18   7   5   3   2  лучшее 2
sweep 14000  1172.8s  T по репликам:  50  51  33  33  23  12   4   3   2  лучшее 2
sweep 15000  1253.6s  T по репликам:  50  49  32  25  23   9   8   3   2  лучшее 2
sweep 16000  1334.5s  T по репликам:  54  57  40  28  16   8   7   3   2  лучшее 2
sweep 17000  1415.2s  T по репликам:  66  36  32  23  17   8   6   3   2  лучшее 2
sweep 18000  1495.8s  T по репликам:  59  52  41  30  22  11   5   3   2  лучшее 2
sweep 19000  1553.9s  T по репликам:  68  45  33  25  17  13   5   3   2  лучшее 2
итог: не найден; лучший T = 2 ; обмены [2801, 2888, 2824, 1681, 845, 1654, 3431, 5112]; время 1608 с
