sweep     0     0.3s  T по репликам:  55  50  40  38  33  32  39  38  31  лучшее 31
sweep   300    26.5s  T по репликам:  58  49  34  22  12   6   6   4   4  лучшее 4
sweep   600    52.8s  T по репликам:  62  39  31  24  12   9   7   4   4  лучшее 3
sweep   900    78.9s  T по репликам:  49  57  35  25  19   9   4   3   3  лучшее 3
sweep  1200   105.3s  T по репликам:  58  47  28  26  20  10   5   3   3  лучшее 3
sweep  1500   131.6s  T по репликам:  60  40  29  24  13   3   4   3   3  лучшее 3
sweep  1800   158.0s  T по репликам:  57  45  36  20  21   9   4   3   3  лучшее 3
sweep  2100   184.7s  T по репликам:  47  48  34  26  22  10   4   3   3  лучшее 3
sweep  2400   211.5s  T по репликам:  55  38  36  19  14  10   5   3   3  лучшее 3
sweep  2700   238.2s  T по репликам:  65  48  44  23  17   8   5   3   3  лучшее 3
sweep  3000   264.8s  T по репликам:  60  43  37  25  22   9   3   3   2  лучшее 2
sweep  3300   291.5s  T по репликам:  59  59  35  26  12  13   4   3   2  лучшее 2
sweep  3600   318.1s  T по репликам:  52  44  28  25  22   5   3   3   2  лучшее 2
sweep  3900   344.7s  T по репликам:  58  43  36  21  18   9   6   2   3  лучшее 2
sweep  4200   371.2s  T по репликам:  58  40  35  26  17   7   6   3   2  лучшее 2
sweep  4500   397.3s  T по репликам:  47  43  40  25  16   6   4   2   2  лучшее 2
sweep  4800   423.6s  T по репликам:  48  45  31  33  18  11   3   2   2  лучшее 2
sweep  5100   449.7s  T по репликам:  57  40  33  24  15  10   4   2   2  лучшее 2
sweep  5400   476.2s  T по репликам:  56  49  32  22  15   9   5   2   2  лучшее 2
sweep  5700   502.5s  T по репликам:  63  50  29  22  16   8   3   3   2  лучшее 2
итог: не найден; лучший T = 1 ; обмены [944, 933, 870, 556, 342, 594, 1870, 3280]; время 529 с
