старт из /home/iwasborninbali/strata/n8_c08_ord4_94.txt: 94 точек
sweep     0     0.7s  T по репликам:  66  51  34   8   3   3   3   3   3   3   3   3  лучшее 3  T=0-множеств сохранено 0
sweep   750   107.0s  T по репликам:  73  72  52  39  27   5   3   3   3   3   3   3  лучшее 3  T=0-множеств сохранено 0
sweep  1500   213.3s  T по репликам: 103  76  48  30  25   3   3   3   3   3   3   3  лучшее 3  T=0-множеств сохранено 0
sweep  2250   319.7s  T по репликам:  85  70  57  25  19   3   3   3   3   3   3   3  лучшее 3  T=0-множеств сохранено 0
sweep  3000   426.0s  T по репликам:  82  61  43  44  25   3   3   3   3   3   3   3  лучшее 3  T=0-множеств сохранено 0
sweep  3750   532.6s  T по репликам:  75  67  53  36  20   6   3   3   3   3   3   3  лучшее 3  T=0-множеств сохранено 0
sweep  4500   631.1s  T по репликам:  89  65  46  28  33   7   3   3   3   3   3   3  лучшее 3  T=0-множеств сохранено 0
sweep  5250   697.6s  T по репликам:  79  56  44  38  24   3   5   3   3   3   3   3  лучшее 3  T=0-множеств сохранено 0
sweep  6000   786.1s  T по репликам:  73  69  42  37  28   3   3   3   3   3   3   3  лучшее 3  T=0-множеств сохранено 0
sweep  6750   893.1s  T по репликам: 102  71  58  32  20   4   3   3   3   3   3   3  лучшее 3  T=0-множеств сохранено 0
sweep  7500  1000.0s  T по репликам:  79  68  46  28  22   3   3   3   3   3   3   3  лучшее 3  T=0-множеств сохранено 0
sweep  8250  1107.1s  T по репликам:  72  61  63  31  18   3   3   3   3   3   3   3  лучшее 3  T=0-множеств сохранено 0
sweep  9000  1214.2s  T по репликам:  77  70  42  32  15   5   3   3   3   3   3   3  лучшее 3  T=0-множеств сохранено 0
sweep  9750  1319.7s  T по репликам:  80  71  45  30  30   3   3   3   3   3   3   3  лучшее 3  T=0-множеств сохранено 0
sweep 10500  1425.2s  T по репликам:  88  48  49  31  18   3   3   3   3   3   3   3  лучшее 3  T=0-множеств сохранено 0
sweep 11250  1530.6s  T по репликам:  94  54  37  38  31   3   3   3   3   3   3   3  лучшее 3  T=0-множеств сохранено 0
sweep 12000  1636.0s  T по репликам:  65  66  47  32  21   3   5   3   3   3   3   3  лучшее 3  T=0-множеств сохранено 0
sweep 12750  1741.6s  T по репликам:  77  63  36  38  21   3   3   3   3   3   3   3  лучшее 3  T=0-множеств сохранено 0
sweep 13500  1847.1s  T по репликам:  78  55  56  41  25   3   3   3   3   3   3   3  лучшее 3  T=0-множеств сохранено 0
sweep 14250  1952.6s  T по репликам:  72  69  54  33  20   3   3   3   3   3   3   3  лучшее 3  T=0-множеств сохранено 0
итог: рекорда нет; лучший T = 3; сохранено T=0-множеств размера 95: 0 ; обмены [1129, 1240, 1289, 583, 76, 11847, 14257, 14715, 14950, 14991, 14999]; время 2058 с
