sweep     0     0.7s  T по репликам:  85  72  75  78  69  60  57  63  62  63  58  54  лучшее 54  T=0-множеств сохранено 0
sweep   750   108.0s  T по репликам:  69  81  59  30  20  18  10  11   9   9   9   8  лучшее 8  T=0-множеств сохранено 0
sweep  1500   214.8s  T по репликам:  65  71  45  44  19  11  10   8   8   8   8   5  лучшее 5  T=0-множеств сохранено 0
sweep  2250   322.1s  T по репликам:  78  60  48  38  25  10   9   8   8   6   5   5  лучшее 5  T=0-множеств сохранено 0
sweep  3000   429.0s  T по репликам:  87  70  55  37  20  17  10   6   8   6   5   5  лучшее 5  T=0-множеств сохранено 0
sweep  3750   535.4s  T по репликам:  68  72  50  32  24  18   8   6   7   6   5   5  лучшее 5  T=0-множеств сохранено 0
sweep  4500   641.0s  T по репликам:  87  74  41  37  24   9   7   9   8   6   5   5  лучшее 5  T=0-множеств сохранено 0
sweep  5250   746.5s  T по репликам:  74  68  52  36  19  16   8   6   7   6   5   5  лучшее 5  T=0-множеств сохранено 0
sweep  6000   851.7s  T по репликам:  75  62  50  34  19  15   8   5   5   5   5   4  лучшее 4  T=0-множеств сохранено 0
sweep  6750   956.4s  T по репликам:  85  66  45  36  24  20   6   5   6   5   5   4  лучшее 4  T=0-множеств сохранено 0
sweep  7500  1061.1s  T по репликам:  80  71  52  33  18  13   5   5   5   4   5   5  лучшее 4  T=0-множеств сохранено 0
sweep  8250  1165.6s  T по репликам:  87  59  44  39  19   9   9   7   5   5   5   4  лучшее 4  T=0-множеств сохранено 0
sweep  9000  1269.9s  T по репликам:  70  73  45  36  25  11   7   6   5   5   4   3  лучшее 3  T=0-множеств сохранено 0
sweep  9750  1374.2s  T по репликам:  76  59  45  28  22  13   5   6   6   4   4   3  лучшее 3  T=0-множеств сохранено 0
sweep 10500  1478.1s  T по репликам:  96  52  49  34  22  11   8   5   4   4   5   3  лучшее 3  T=0-множеств сохранено 0
sweep 11250  1582.3s  T по репликам:  79  65  47  36  22  11   6   6   5   4   4   3  лучшее 3  T=0-множеств сохранено 0
sweep 12000  1686.2s  T по репликам:  83  60  46  32  22  16   5   6   6   4   4   3  лучшее 3  T=0-множеств сохранено 0
sweep 12750  1790.2s  T по репликам:  84  68  38  39  24  15   6   5   5   4   4   3  лучшее 3  T=0-множеств сохранено 0
sweep 13500  1894.1s  T по репликам:  80  56  49  47  23  12   5   5   5   4   4   3  лучшее 3  T=0-множеств сохранено 0
sweep 14250  1998.2s  T по репликам:  79  54  43  36  18  11   8   4   5   4   4   3  лучшее 3  T=0-множеств сохранено 0
итог: рекорда нет; лучший T = 3; сохранено T=0-множеств размера 95: 0 ; обмены [1143, 1207, 1126, 563, 782, 1852, 6572, 8023, 9115, 9382, 5343]; время 2102 с
