sweep     0     0.3s  T по репликам:  60  48  49  45  32  34  35  32  32  36  39  27  лучшее 27  T=0-множеств сохранено 0
sweep  1500   165.3s  T по репликам:  60  43  33  24  17   8   6   6   3   3   3   2  лучшее 2  T=0-множеств сохранено 0
sweep  3000   331.0s  T по репликам:  44  33  33  28  11  10   4   3   3   3   3   2  лучшее 2  T=0-множеств сохранено 0
sweep  4500   497.4s  T по репликам:  63  36  38  23  21  12   6   4   4   3   3   2  лучшее 2  T=0-множеств сохранено 0
sweep  6000   663.9s  T по репликам:  59  35  33  25  16   9   5   3   3   3   2   2  лучшее 2  T=0-множеств сохранено 0
sweep  7500   831.5s  T по репликам:  44  44  33  18  15  11   4   3   3   2   2   2  лучшее 2  T=0-множеств сохранено 0
sweep  9000  1000.5s  T по репликам:  64  39  31  19  16  13   4   4   3   2   2   2  лучшее 2  T=0-множеств сохранено 0
sweep 10500  1170.4s  T по репликам:  55  39  32  22   7   9   6   3   2   2   2   2  лучшее 2  T=0-множеств сохранено 0
sweep 12000  1341.4s  T по репликам:  46  45  41  27  18   8   2   5   2   2   2   2  лучшее 2  T=0-множеств сохранено 0
sweep 13500  1513.0s  T по репликам:  59  40  31  19  18   7   7   2   2   2   2   2  лучшее 2  T=0-множеств сохранено 0
sweep 15000  1692.6s  T по репликам:  56  42  28  21  13   7   3   2   2   2   2   2  лучшее 2  T=0-множеств сохранено 0
sweep 16500  1872.5s  T по репликам:  52  26  38  21  13   6   3   2   2   2   2   1  лучшее 1  T=0-множеств сохранено 0
sweep 18000  2050.2s  T по репликам:  64  48  28  24  13   8   3   2   2   2   2   1  лучшее 1  T=0-множеств сохранено 0
sweep 19500  2228.3s  T по репликам:  48  34  26  27  12   9   4   2   2   2   2   1  лучшее 1  T=0-множеств сохранено 0
sweep 21000  2399.0s  T по репликам:  57  33  31  18  15  11   4   3   2   2   2   1  лучшее 1  T=0-множеств сохранено 0
sweep 22500  2507.9s  T по репликам:  36  49  26  25  15  12   4   3   2   2   2   1  лучшее 1  T=0-множеств сохранено 0
sweep 24000  2671.1s  T по репликам:  55  38  32  20  12   7   3   4   2   2   2   1  лучшее 1  T=0-множеств сохранено 0
sweep 25500  2796.3s  T по репликам:  59  33  37  25  20   5   3   3   2   2   2   1  лучшее 1  T=0-множеств сохранено 0
sweep 27000  2905.0s  T по репликам:  49  46  28  27  16   9   4   2   2   2   2   1  лучшее 1  T=0-множеств сохранено 0
sweep 28500  3013.8s  T по репликам:  54  45  38  24  14  14   3   2   2   2   2   1  лучшее 1  T=0-множеств сохранено 0
итог: рекорда нет; лучший T = 1; сохранено T=0-множеств размера 74: 0 ; обмены [4255, 4467, 4694, 2976, 3284, 4433, 13994, 19972, 25629, 26543, 11981]; время 3122 с
