sweep     0     0.4s  T по репликам:  59  39  41  41  37  38  33  37  37  45  30  30  лучшее 30  T=0-множеств сохранено 0
sweep  1500   156.6s  T по репликам:  52  36  30  30  11   7   4   4   3   3   3   2  лучшее 2  T=0-множеств сохранено 0
sweep  3000   332.7s  T по репликам:  62  33  32  19  21  12   4   6   3   3   2   2  лучшее 2  T=0-множеств сохранено 0
sweep  4500   508.2s  T по репликам:  85  36  30  24  17   8   4   5   3   2   2   2  лучшее 2  T=0-множеств сохранено 0
sweep  6000   684.9s  T по репликам:  55  41  23  21  14  13   3   4   2   2   3   2  лучшее 2  T=0-множеств сохранено 0
sweep  7500   861.2s  T по репликам:  55  35  33  18  12  13   4   2   2   3   2   2  лучшее 2  T=0-множеств сохранено 0
sweep  9000  1029.5s  T по репликам:  56  39  23  25  15   6   3   2   3   2   2   2  лучшее 2  T=0-множеств сохранено 0
sweep 10500  1197.4s  T по репликам:  58  43  30  21  16   9   4   4   2   2   2   1  лучшее 1  T=0-множеств сохранено 0
sweep 12000  1365.4s  T по репликам:  71  48  32  26  14  10   5   3   2   2   2   1  лучшее 1  T=0-множеств сохранено 0
sweep 13500  1533.5s  T по репликам:  52  32  39  28  18   7   3   2   2   2   2   1  лучшее 1  T=0-множеств сохранено 0
sweep 15000  1701.0s  T по репликам:  65  35  33  19  15  15   2   4   2   2   2   1  лучшее 1  T=0-множеств сохранено 0
sweep 16500  1868.5s  T по репликам:  66  43  32  25  16   9   4   3   2   2   2   1  лучшее 1  T=0-множеств сохранено 0
sweep 18000  2035.7s  T по репликам:  58  33  29  18  14   9   3   2   2   2   2   1  лучшее 1  T=0-множеств сохранено 0
sweep 19500  2162.8s  T по репликам:  55  34  30  20  19  11   3   4   2   2   2   1  лучшее 1  T=0-множеств сохранено 0
sweep 21000  2272.3s  T по репликам:  62  44  27  19  13   6   4   2   2   2   2   1  лучшее 1  T=0-множеств сохранено 0
sweep 22500  2381.6s  T по репликам:  50  42  33  20  18  12   2   2   2   2   2   1  лучшее 1  T=0-множеств сохранено 0
sweep 24000  2490.5s  T по репликам:  53  31  27  27  20   5   4   2   2   2   2   1  лучшее 1  T=0-множеств сохранено 0
sweep 25500  2599.3s  T по репликам:  63  47  31  20  17  11   5   3   2   2   1   1  лучшее 1  T=0-множеств сохранено 0
sweep 27000  2716.6s  T по репликам:  45  41  37  23  16  13   3   4   3   2   1   1  лучшее 1  T=0-множеств сохранено 0
sweep 28500  2897.1s  T по репликам:  53  40  37  25  13  10   4   3   3   2   1   1  лучшее 1  T=0-множеств сохранено 0
итог: рекорда нет; лучший T = 1; сохранено T=0-множеств размера 74: 0 ; обмены [4108, 4478, 4510, 2867, 3388, 4297, 14498, 17487, 24464, 23036, 13608]; время 3077 с
