sweep     0     0.4s  T по репликам:  70  47  46  44  43  41  40  39  37  32  31  30  лучшее 30
sweep  1000   113.0s  T по репликам:  68  44  32  28  18  10   6   4   4   4   3   3  лучшее 3
sweep  2000   225.3s  T по репликам:  57  41  29  20  16   9   5   5   4   3   3   3  лучшее 3
sweep  3000   337.4s  T по репликам:  62  36  42  24  17   9   8   7   4   3   3   3  лучшее 3
sweep  4000   449.6s  T по репликам:  49  47  35  26  15   9   6   5   4   4   3   3  лучшее 3
sweep  5000   562.4s  T по репликам:  44  36  32  19  17   7   6   3   4   3   3   3  лучшее 3
sweep  6000   675.5s  T по репликам:  63  38  38  30  11  12   5   4   3   2   3   2  лучшее 2
sweep  7000   763.5s  T по репликам:  54  45  33  29  22  10   7   4   4   3   2   2  лучшее 2
sweep  8000   834.0s  T по репликам:  65  47  26  26  18   7   6   5   2   2   2   2  лучшее 2
sweep  9000   926.5s  T по репликам:  51  44  28  23  17   7   3   3   2   2   1   1  лучшее 1
sweep 10000  1041.1s  T по репликам:  50  34  27  15  12   6   6   3   2   2   1   1  лучшее 1
sweep 11000  1117.3s  T по репликам:  59  44  28  21  16   6   3   4   2   2   1   1  лучшее 1
sweep 12000  1188.4s  T по репликам:  56  49  31  14  12   9   3   2   2   1   2   1  лучшее 1
sweep 13000  1259.2s  T по репликам:  62  44  34  29  22   8   2   2   2   2   1   1  лучшее 1
sweep 14000  1330.6s  T по репликам:  43  45  30  21  12  13   4   2   2   2   1   1  лучшее 1
sweep 15000  1410.3s  T по репликам:  75  48  28  27  17   8   4   3   2   2   1   1  лучшее 1
sweep 16000  1526.3s  T по репликам:  54  35  36  25  18  11   3   2   2   2   1   1  лучшее 1
sweep 17000  1620.7s  T по репликам:  55  41  26  20  13   4   9   2   2   2   1   1  лучшее 1
sweep 18000  1692.3s  T по репликам:  48  38  33  27  12  10   3   3   2   2   1   1  лучшее 1
sweep 19000  1763.8s  T по репликам:  55  44  31  24  13   9   2   2   2   2   1   1  лучшее 1
