sweep     0     0.3s  T по репликам:  65  53  55  47  41  41  38  42  37  лучшее 37
sweep  1000    83.5s  T по репликам:  58  48  34  28  21   7   7   5   4  лучшее 4
sweep  2000   166.9s  T по репликам:  53  39  37  27  18   6   5   4   4  лучшее 4
sweep  3000   250.3s  T по репликам:  53  37  46  26  21  13   4   3   2  лучшее 2
sweep  4000   333.9s  T по репликам:  53  56  32  24  18   6   6   3   2  лучшее 2
sweep  5000   417.5s  T по репликам:  71  58  35  27  14   5   5   4   2  лучшее 2
sweep  6000   500.8s  T по репликам:  50  52  29  28  18  10   3   4   2  лучшее 2
sweep  7000   583.5s  T по репликам:  66  50  30  28  19   8   4   3   2  лучшее 2
sweep  8000   666.2s  T по репликам:  55  51  44  20  21   8   3   3   2  лучшее 2
sweep  9000   749.2s  T по репликам:  49  46  30  30  17  10   4   3   2  лучшее 2
sweep 10000   832.1s  T по репликам:  49  37  34  30  20   9   3   3   2  лучшее 2
sweep 11000   915.0s  T по репликам:  56  38  39  26  15  12   3   3   2  лучшее 2
sweep 12000   997.8s  T по репликам:  62  44  34  26  19  10   4   3   2  лучшее 2
sweep 13000  1080.4s  T по репликам:  60  42  36  28  18  10   4   3   2  лучшее 2
sweep 14000  1162.4s  T по репликам:  52  44  39  29  18  12   5   4   2  лучшее 2
sweep 15000  1243.4s  T по репликам:  61  40  26  26  15  11   2   2   2  лучшее 2
sweep 16000  1324.8s  T по репликам:  57  47  25  27  19   8   3   2   2  лучшее 2
sweep 17000  1406.3s  T по репликам:  56  51  32  27  16  13   4   2   2  лучшее 2
sweep 18000  1487.8s  T по репликам:  51  39  33  27  14  14   2   3   2  лучшее 2
sweep 19000  1547.8s  T по репликам:  54  54  34  32  19   6   7   2   2  лучшее 2
итог: не найден; лучший T = 2 ; обмены [2930, 2844, 2927, 1552, 844, 1116, 8582, 7518]; время 1600 с
