sweep     0     0.3s  T по репликам:  51  48  41  41  40  40  46  40  34  лучшее 34
sweep  1000    86.3s  T по репликам:  58  47  36  18  19  12   5   5   4  лучшее 4
sweep  2000   172.6s  T по репликам:  59  54  34  29  18  10   8   4   4  лучшее 4
sweep  3000   258.6s  T по репликам:  62  46  31  20  22   6   5   5   4  лучшее 4
sweep  4000   344.5s  T по репликам:  53  43  34  28  19   9   7   4   4  лучшее 4
sweep  5000   430.3s  T по репликам:  48  45  39  31  16  13   8   5   3  лучшее 3
sweep  6000   515.7s  T по репликам:  70  41  40  22  20  13   6   4   2  лучшее 2
sweep  7000   602.7s  T по репликам:  52  46  38  18  22   9   5   3   2  лучшее 2
sweep  8000   689.9s  T по репликам:  63  47  40  28  23   8   8   3   2  лучшее 2
sweep  9000   776.6s  T по репликам:  64  42  36  28  22   7   5   3   2  лучшее 2
sweep 10000   863.6s  T по репликам:  51  43  40  28  18  11   5   3   2  лучшее 2
sweep 11000   950.7s  T по репликам:  69  47  43  22  14   9   4   3   2  лучшее 2
sweep 12000  1037.7s  T по репликам:  71  46  36  31  19   7   7   2   3  лучшее 2
sweep 13000  1124.4s  T по репликам:  59  46  38  29  19  11   4   3   2  лучшее 2
sweep 14000  1209.5s  T по репликам:  66  48  34  23  21  13   3   4   2  лучшее 2
sweep 15000  1291.0s  T по репликам:  68  44  27  27  20   9   4   3   2  лучшее 2
sweep 16000  1368.5s  T по репликам:  51  47  36  23  22  13   5   4   2  лучшее 2
sweep 17000  1421.0s  T по репликам:  65  47  33  28  22   9   4   3   2  лучшее 2
sweep 18000  1473.6s  T по репликам:  61  47  34  26  15   9   5   3   2  лучшее 2
sweep 19000  1551.4s  T по репликам:  51  51  34  28  21   7   7   3   2  лучшее 2
итог: не найден; лучший T = 2 ; обмены [2825, 2991, 2916, 1667, 868, 1872, 4708, 4848]; время 1604 с
