старт из /home/iwasborninbali/strata/n8_c11_ord4_94.txt: 94 точек
sweep     0     0.7s  T по репликам:  69  43  17  10   5   4   3   2   2   2   2   2  лучшее 2  T=0-множеств сохранено 0
sweep   750    91.4s  T по репликам:  86  62  50  44  22   4   3   3   2   2   2   2  лучшее 2  T=0-множеств сохранено 0
sweep  1500   171.0s  T по репликам:  83  61  46  34  21   7   2   3   2   2   1   1  лучшее 1  T=0-множеств сохранено 0
sweep  2250   274.4s  T по репликам:  93  71  47  37  18   6   4   2   2   2   1   1  лучшее 1  T=0-множеств сохранено 0
sweep  3000   377.5s  T по репликам:  64  58  54  35  17   3   4   3   2   1   1   1  лучшее 1  T=0-множеств сохранено 0
sweep  3750   482.6s  T по репликам:  70  70  57  33  16  18   4   3   2   1   1   1  лучшее 1  T=0-множеств сохранено 0
sweep  4500   557.6s  T по репликам:  74  58  47  38  20  10   4   2   1   2   1   1  лучшее 1  T=0-множеств сохранено 0
sweep  5250   625.3s  T по репликам:  90  65  50  36  30   7   4   2   2   1   1   1  лучшее 1  T=0-множеств сохранено 0
sweep  6000   692.8s  T по репликам:  70  65  44  37  28   8   2   1   2   2   1   1  лучшее 1  T=0-множеств сохранено 0
sweep  6750   784.8s  T по репликам:  75  58  45  40  16   6   4   2   1   2   1   1  лучшее 1  T=0-множеств сохранено 0
sweep  7500   857.3s  T по репликам:  81  70  53  29  21   8   2   3   1   2   1   1  лучшее 1  T=0-множеств сохранено 0
sweep  8250   960.8s  T по репликам:  76  64  44  38  22  10   4   2   2   1   1   1  лучшее 1  T=0-множеств сохранено 0
sweep  9000  1069.4s  T по репликам:  93  79  47  42  28   9   4   2   2   1   1   1  лучшее 1  T=0-множеств сохранено 0
sweep  9750  1178.2s  T по репликам:  88  51  48  33  17   9   2   2   1   2   1   1  лучшее 1  T=0-множеств сохранено 0
sweep 10500  1286.5s  T по репликам:  71  61  47  35  22  14   3   2   2   1   1   1  лучшее 1  T=0-множеств сохранено 0
sweep 11250  1394.0s  T по репликам:  73  58  53  43  23  16   2   2   2   1   1   1  лучшее 1  T=0-множеств сохранено 0
sweep 12000  1506.7s  T по репликам:  70  54  40  39  22   7   5   2   2   1   1   1  лучшее 1  T=0-множеств сохранено 0
sweep 12750  1632.0s  T по репликам:  97  62  53  36  18   8   4   2   1   2   1   1  лучшее 1  T=0-множеств сохранено 0
sweep 13500  1741.9s  T по репликам:  73  57  53  35  23  11   3   2   3   1   1   1  лучшее 1  T=0-множеств сохранено 0
sweep 14250  1849.9s  T по репликам:  79  62  54  31  28   6   5   2   2   1   1   1  лучшее 1  T=0-множеств сохранено 0
итог: рекорда нет; лучший T = 1; сохранено T=0-множеств размера 95: 0 ; обмены [1044, 1214, 1239, 521, 313, 2141, 8223, 9283, 7129, 11525, 14240]; время 1958 с
