sweep     0     0.3s  T по репликам:  56  55  55  49  42  41  39  38  38  лучшее 38
sweep  1000    89.0s  T по репликам:  55  46  40  29  17  13   5   5   4  лучшее 4
sweep  2000   177.7s  T по репликам:  59  46  33  22  18  11   4   5   4  лучшее 4
sweep  3000   266.9s  T по репликам:  50  52  36  29  20  13   4   5   4  лучшее 4
sweep  4000   356.8s  T по репликам:  51  39  40  29  17   6   6   5   4  лучшее 4
sweep  5000   446.1s  T по репликам:  69  47  42  25  16   8   4   4   4  лучшее 4
sweep  6000   535.4s  T по репликам:  67  39  42  39  19   5   5   4   3  лучшее 3
sweep  7000   624.0s  T по репликам:  67  44  44  24  14   9   5   3   3  лучшее 3
sweep  8000   712.8s  T по репликам:  73  41  36  24  16  14   4   4   3  лучшее 3
sweep  9000   802.0s  T по репликам:  59  41  44  23  12  10   3   3   3  лучшее 3
sweep 10000   891.0s  T по репликам:  63  39  41  25  18   7   4   3   3  лучшее 3
sweep 11000   980.0s  T по репликам:  54  40  46  37  21   8   5   3   3  лучшее 3
sweep 12000  1068.8s  T по репликам:  73  45  35  32  22  14   5   3   2  лучшее 2
sweep 13000  1155.9s  T по репликам:  56  52  29  27  23   9   4   3   2  лучшее 2
sweep 14000  1241.3s  T по репликам:  52  46  37  29  16   8   5   3   2  лучшее 2
sweep 15000  1327.3s  T по репликам:  67  63  33  26  16   7   3   2   1  лучшее 1
sweep 16000  1414.0s  T по репликам:  63  52  32  25  17  14   5   2   1  лучшее 1
sweep 17000  1491.4s  T по репликам:  59  39  36  27  17  15   2   2   1  лучшее 1
sweep 18000  1543.6s  T по репликам:  57  40  30  21  13   5   2   2   1  лучшее 1
sweep 19000  1595.5s  T по репликам:  53  45  31  28  23   8   5   2   1  лучшее 1
итог: не найден; лучший T = 1 ; обмены [2933, 2833, 2887, 1744, 739, 1431, 6559, 7834]; время 1647 с
