sweep     0     0.7s  T по репликам:  79  71  71  67  67  62  64  70  62  68  59  58  лучшее 58  T=0-множеств сохранено 0
sweep   750   107.6s  T по репликам:  70  65  45  34  21  11  12   8   7   7   6   6  лучшее 6  T=0-множеств сохранено 0
sweep  1500   214.6s  T по репликам:  86  66  57  28  23  17   8   9   6   6   6   4  лучшее 4  T=0-множеств сохранено 0
sweep  2250   321.3s  T по репликам:  89  72  44  40  22  18   9   9   7   6   6   4  лучшее 4  T=0-множеств сохранено 0
sweep  3000   428.3s  T по репликам:  96  64  53  30  24  18   7   7   6   5   5   4  лучшее 4  T=0-множеств сохранено 0
sweep  3750   534.7s  T по репликам:  79  60  49  31  20  14   9   6   7   5   5   4  лучшее 4  T=0-множеств сохранено 0
sweep  4500   640.0s  T по репликам:  85  59  52  42  21  13   8   7   5   5   5   4  лучшее 4  T=0-множеств сохранено 0
sweep  5250   745.3s  T по репликам:  75  67  48  39  23  12  12   6   5   5   5   4  лучшее 4  T=0-множеств сохранено 0
sweep  6000   850.5s  T по репликам:  66  63  49  36  27  15   8   4   4   5   4   4  лучшее 4  T=0-множеств сохранено 0
sweep  6750   955.9s  T по репликам: 104  57  40  32  25   8   6   6   6   4   4   4  лучшее 4  T=0-множеств сохранено 0
sweep  7500  1061.3s  T по репликам:  84  62  52  38  24  10   7   5   4   4   4   4  лучшее 4  T=0-множеств сохранено 0
sweep  8250  1166.5s  T по репликам:  93  57  50  38  19  16   5   5   4   4   4   4  лучшее 4  T=0-множеств сохранено 0
sweep  9000  1271.7s  T по репликам:  96  62  43  35  27  14   5   7   4   4   4   4  лучшее 4  T=0-множеств сохранено 0
sweep  9750  1359.4s  T по репликам:  86  56  47  32  29   8   7   4   5   4   4   3  лучшее 3  T=0-множеств сохранено 0
sweep 10500  1425.5s  T по репликам:  88  57  41  34  24  19   7   5   4   4   4   3  лучшее 3  T=0-множеств сохранено 0
sweep 11250  1491.7s  T по репликам:  89  67  50  27  18  16   8   4   4   4   4   3  лучшее 3  T=0-множеств сохранено 0
sweep 12000  1557.9s  T по репликам:  82  63  46  31  17  10   7   6   5   4   4   3  лучшее 3  T=0-множеств сохранено 0
sweep 12750  1623.9s  T по репликам:  69  61  62  42  21  15   5   6   5   4   4   3  лучшее 3  T=0-множеств сохранено 0
sweep 13500  1690.0s  T по репликам:  82  58  43  43  32  12   8   4   4   4   3   3  лучшее 3  T=0-множеств сохранено 0
sweep 14250  1756.3s  T по репликам:  85  66  39  31  26  12   7   4   4   4   3   3  лучшее 3  T=0-множеств сохранено 0
итог: рекорда нет; лучший T = 3; сохранено T=0-множеств размера 95: 0 ; обмены [1117, 1208, 1261, 683, 900, 1394, 5648, 6990, 11087, 11529, 6608]; время 1822 с
