старт из /home/iwasborninbali/strata/n8_c11_ord4_94.txt: 94 точек
sweep     0     0.7s  T по репликам:  70  42  25  13   9   3   3   2   2   2   2   2  лучшее 2  T=0-множеств сохранено 0
sweep   750   109.2s  T по репликам:  81  56  46  25  23   7   6   2   2   2   2   1  лучшее 1  T=0-множеств сохранено 0
sweep  1500   217.2s  T по репликам:  82  63  46  30  30   6   2   2   2   1   1   1  лучшее 1  T=0-множеств сохранено 0
sweep  2250   325.1s  T по репликам:  86  51  54  32  19   6   2   4   2   1   1   1  лучшее 1  T=0-множеств сохранено 0
sweep  3000   432.9s  T по репликам:  83  50  53  41  19   3   4   4   3   1   1   1  лучшее 1  T=0-множеств сохранено 0
sweep  3750   527.9s  T по репликам:  99  64  46  35  22   9   2   3   2   1   1   1  лучшее 1  T=0-множеств сохранено 0
sweep  4500   595.4s  T по репликам:  94  54  46  38  21   5   5   2   1   2   1   1  лучшее 1  T=0-множеств сохранено 0
sweep  5250   662.9s  T по репликам:  81  63  43  35  19   7   2   2   1   1   1   1  лучшее 1  T=0-множеств сохранено 0
sweep  6000   731.3s  T по репликам:  86  66  47  42  21  13   3   3   1   1   1   1  лучшее 1  T=0-множеств сохранено 0
sweep  6750   839.5s  T по репликам:  96  63  51  29  24   3   3   2   1   1   1   1  лучшее 1  T=0-множеств сохранено 0
sweep  7500   947.7s  T по репликам:  75  66  45  39  14   8   1   2   1   1   1   1  лучшее 1  T=0-множеств сохранено 0
sweep  8250  1055.9s  T по репликам:  82  58  44  44  22   5   3   1   1   1   1   1  лучшее 1  T=0-множеств сохранено 0
sweep  9000  1163.9s  T по репликам:  86  67  46  23  24   6   5   1   1   1   1   1  лучшее 1  T=0-множеств сохранено 0
sweep  9750  1271.4s  T по репликам:  77  57  46  31  23   5   3   1   2   1   1   1  лучшее 1  T=0-множеств сохранено 0
sweep 10500  1377.9s  T по репликам:  85  64  44  36  20  11   4   3   1   2   1   1  лучшее 1  T=0-множеств сохранено 0
sweep 11250  1484.6s  T по репликам:  89  73  56  28  20   4   5   1   1   1   1   1  лучшее 1  T=0-множеств сохранено 0
sweep 12000  1591.2s  T по репликам:  97  59  48  35  24   4   2   2   1   1   1   1  лучшее 1  T=0-множеств сохранено 0
sweep 12750  1698.2s  T по репликам:  74  61  50  35  26   4   2   1   1   1   1   1  лучшее 1  T=0-множеств сохранено 0
sweep 13500  1805.1s  T по репликам:  91  70  52  32  20  10   1   1   1   1   1   1  лучшее 1  T=0-множеств сохранено 0
sweep 14250  1911.9s  T по репликам:  73  64  51  37  17   6   4   2   1   1   1   1  лучшее 1  T=0-множеств сохранено 0
итог: рекорда нет; лучший T = 1; сохранено T=0-множеств размера 95: 0 ; обмены [1082, 1234, 1207, 582, 82, 3044, 7486, 9402, 11705, 13501, 14577]; время 2018 с
