sweep     0     0.4s  T по репликам:  52  44  44  39  37  34  47  28  43  36  38  29  лучшее 28
sweep  1000   116.8s  T по репликам:  53  47  24  20  19   9   8   4   4   4   3   3  лучшее 3
sweep  2000   234.6s  T по репликам:  51  38  31  15  14   9   7   3   3   3   3   2  лучшее 2
sweep  3000   352.4s  T по репликам:  58  42  25  28  11   6   6   4   3   3   2   2  лучшее 2
sweep  4000   470.4s  T по репликам:  47  44  24  20  14  10   4   3   4   3   2   2  лучшее 2
sweep  5000   588.3s  T по репликам:  48  42  26  19  20  10   9   3   3   3   2   2  лучшее 2
sweep  6000   705.8s  T по репликам:  56  45  37  22  14   9   4   4   4   3   2   2  лучшее 2
sweep  7000   783.5s  T по репликам:  51  38  30  31  16   8   6   4   2   2   2   2  лучшее 2
sweep  8000   854.0s  T по репликам:  54  38  31  25  19  10   4   3   2   2   2   2  лучшее 2
sweep  9000   924.4s  T по репликам:  57  49  37  25  12   6   6   2   2   2   2   2  лучшее 2
sweep 10000   994.9s  T по репликам:  59  37  29  21  18  12   5   2   2   3   2   2  лучшее 2
sweep 11000  1065.4s  T по репликам:  41  40  34  25  17   9   3   2   2   2   2   2  лучшее 2
sweep 12000  1135.7s  T по репликам:  56  35  35  25  20  10   3   4   2   2   2   2  лучшее 2
sweep 13000  1206.1s  T по репликам:  55  42  31  28  16   8   2   3   3   2   2   2  лучшее 2
sweep 14000  1276.4s  T по репликам:  55  51  30  21  16   7   2   2   4   2   2   2  лучшее 2
sweep 15000  1346.7s  T по репликам:  55  47  34  26  19   4   6   2   3   2   2   2  лучшее 2
sweep 16000  1435.0s  T по репликам:  54  41  29  20  21   9   2   3   2   2   2   2  лучшее 2
sweep 17000  1550.1s  T по репликам:  52  37  25  27  12   6   2   2   2   2   2   2  лучшее 2
sweep 18000  1665.3s  T по репликам:  51  47  26  23  21   9   4   2   2   2   2   2  лучшее 2
sweep 19000  1780.2s  T по репликам:  43  42  32  25  19   9   8   2   2   2   2   2  лучшее 2
итог: не найден; лучший T = 2 ; обмены [2901, 3042, 3117, 2029, 2068, 3303, 8856, 12101, 17247, 15881, 18335]; время 1895 с
