sweep     0     0.4s  T по репликам:  62  49  52  38  34  39  37  35  35  35  42  32  лучшее 32  T=0-множеств сохранено 0
sweep  1500   176.9s  T по репликам:  66  44  38  23  20   7   7   5   4   3   3   3  лучшее 3  T=0-множеств сохранено 0
sweep  3000   353.0s  T по репликам:  57  37  26  23  17  11   5   4   4   3   3   2  лучшее 2  T=0-множеств сохранено 0
sweep  4500   531.1s  T по репликам:  63  45  35  18  19   6   5   4   3   2   2   2  лучшее 2  T=0-множеств сохранено 0
sweep  6000   709.6s  T по репликам:  63  33  28  25  14  13   6   4   3   2   2   2  лучшее 2  T=0-множеств сохранено 0
sweep  7500   887.5s  T по репликам:  48  46  26  30  13   9   6   3   2   2   2   2  лучшее 2  T=0-множеств сохранено 0
sweep  9000  1064.4s  T по репликам:  56  42  33  26  13   8   4   3   2   2   2   2  лучшее 2  T=0-множеств сохранено 0
sweep 10500  1241.4s  T по репликам:  56  47  25  26  19  12   5   3   2   2   2   2  лучшее 2  T=0-множеств сохранено 0
sweep 12000  1388.0s  T по репликам:  67  46  28  27  18  10   4   6   2   2   2   1  лучшее 1  T=0-множеств сохранено 0
sweep 13500  1497.5s  T по репликам:  60  39  29  23   9   9   3   3   2   2   1   1  лучшее 1  T=0-множеств сохранено 0
sweep 15000  1607.2s  T по репликам:  51  35  26  22  16  12   2   2   2   1   1   1  лучшее 1  T=0-множеств сохранено 0
sweep 16500  1716.8s  T по репликам:  60  37  27  20  15  11   3   2   2   2   1   1  лучшее 1  T=0-множеств сохранено 0
sweep 18000  1826.1s  T по репликам:  73  43  40  19  13   9   4   2   2   1   1   1  лучшее 1  T=0-множеств сохранено 0
sweep 19500  1935.2s  T по репликам:  59  42  33  22  14   5   2   2   2   1   1   1  лучшее 1  T=0-множеств сохранено 0
sweep 21000  2044.4s  T по репликам:  46  41  34  24  17   5   4   2   2   1   1   1  лучшее 1  T=0-множеств сохранено 0
sweep 22500  2153.6s  T по репликам:  52  48  30  21  15  11   2   2   2   1   1   1  лучшее 1  T=0-множеств сохранено 0
sweep 24000  2262.9s  T по репликам:  50  40  24  28  16   7   2   2   2   1   1   1  лучшее 1  T=0-множеств сохранено 0
sweep 25500  2372.0s  T по репликам:  57  54  29  21  17   9   4   2   1   2   1   1  лучшее 1  T=0-множеств сохранено 0
sweep 27000  2481.0s  T по репликам:  61  29  29  25  12   6   3   2   1   1   1   1  лучшее 1  T=0-множеств сохранено 0
sweep 28500  2589.6s  T по репликам:  61  34  32  23  12  14   3   2   1   1   1   1  лучшее 1  T=0-множеств сохранено 0
итог: рекорда нет; лучший T = 1; сохранено T=0-множеств размера 74: 0 ; обмены [4234, 4534, 4660, 3008, 3450, 3733, 16148, 16681, 17490, 24311, 26951]; время 2701 с
