SOL 0 7 19 25 40 42 50 52 61 72 78 89 99 101 105 108 133 134 141 144 151 152 171 178 182 184 203 206 215 218
SOL 0 9 18 21 40 41 46 58 64 70 81 88 91 95 113 117 127 134 135 147 152 154 167 179 187 189 198 200 218 221
SOL 1 6 15 23 39 42 49 52 63 64 85 88 90 96 108 115 121 133 137 146 155 157 174 179 182 194 200 203 221 222
SOL 1 9 15 19 41 42 50 53 61 68 78 80 100 103 115 119 123 124 135 149 156 157 167 176 182 193 201 207 217 219
SOL 1 10 15 22 40 42 48 59 65 67 79 83 102 103 106 109 125 128 146 149 150 152 174 178 182 186 201 206 213 219
SOL 1 11 15 21 34 38 56 58 62 64 82 85 91 104 110 115 122 134 144 147 155 157 165 168 189 193 198 207 216 218
SOL 2 3 21 24 30 42 45 50 67 69 78 87 91 103 109 116 128 134 136 139 160 161 172 175 182 185 201 209 218 223
SOL 2 5 21 24 30 36 54 56 65 71 75 79 91 92 115 119 130 134 136 138 157 158 168 169 192 193 207 208 217 218
SOL 2 10 21 28 30 36 48 54 65 74 79 86 91 92 117 119 129 132 138 143 150 163 170 176 187 188 196 205 214 217
SOL 3 5 16 27 38 42 45 48 65 68 75 79 100 103 115 119 122 124 146 149 156 157 174 178 181 182 201 206 217 219
SOL 3 6 24 26 35 37 45 57 70 72 77 89 90 97 107 111 129 133 136 143 154 160 166 178 183 184 203 206 215 224
SOL 3 6 23 26 38 41 45 49 63 67 87 88 90 104 109 112 121 122 145 149 159 162 166 167 185 190 200 208 216 219
SOL 3 9 22 27 34 43 45 53 62 68 80 89 100 101 106 118 123 124 135 144 156 162 171 179 181 190 197 202 215 221
SOL 4 6 21 24 41 43 50 56 60 68 78 87 90 91 117 119 124 134 136 144 160 163 167 168 185 187 197 205 217 218
SOL 5 7 17 23 31 42 48 57 67 68 75 89 100 101 105 109 121 124 144 146 156 163 171 174 182 183 205 209 215 223
SOL 5 7 18 23 42 43 46 50 67 68 75 78 100 102 105 109 121 124 145 149 156 159 176 179 182 186 197 208 219 221
SOL 5 8 16 24 34 39 57 58 62 65 75 79 102 103 112 115 120 134 136 137 157 161 175 179 183 186 198 201 218 221
SOL 5 9 20 25 32 42 49 52 63 69 75 76 102 104 108 119 128 131 135 139 151 163 173 178 182 186 205 206 216 217
SOL 5 9 16 18 40 41 46 58 64 70 75 81 95 104 113 117 127 134 135 147 152 154 167 178 187 189 198 206 216 218
SOL 5 11 17 22 31 40 51 59 66 72 75 84 93 94 106 118 130 131 140 149 152 158 165 173 184 193 202 207 213 219
SOL 5 11 18 23 38 42 46 50 72 74 75 78 96 99 115 118 121 122 141 145 157 159 165 176 182 184 202 209 214 223
SOL 6 7 19 27 37 39 56 57 61 64 80 88 90 100 105 107 133 134 137 146 156 164 168 174 181 183 200 203 218 220
SOL 6 7 16 17 31 32 55 56 66 67 86 88 90 94 105 109 132 133 145 149 153 159 168 170 188 194 200 203 219 222
SOL 6 8 17 26 31 35 56 59 67 69 77 80 90 102 109 114 120 133 139 142 160 162 166 168 186 190 203 209 213 223
SOL 6 8 18 26 35 37 46 57 70 72 77 89 90 97 107 111 120 129 143 149 154 160 166 178 183 184 206 208 215 219
SOL 6 9 18 21 40 42 46 53 72 73 80 83 90 91 116 119 123 125 135 146 152 163 172 174 182 184 199 205 217 224
SOL 7 8 18 19 38 42 46 51 61 73 85 89 93 96 105 116 120 122 148 149 155 161 172 175 182 192 199 204 215 219
SOL 7 10 19 28 36 37 48 54 61 74 81 86 92 95 105 107 132 133 138 145 150 159 170 176 188 194 196 203 214 222
TRACE n=15 group=diag order=1 nodes=77878222 solutions=28 seconds=171.98 complete=1
