SOL 0 3 18 20 34 35 39 49 57 60 66 69 87 89 92 98 106 108 119 123 133 142 149 155 166 167
SOL 1 2 13 19 26 35 45 49 60 62 70 76 79 81 99 102 108 111 119 129 133 134 148 150 165 168
SOL 1 4 13 20 33 35 42 43 52 55 76 77 86 87 92 93 110 115 119 123 140 142 148 151 161 166
SOL 1 6 13 16 32 34 40 49 59 60 75 77 78 80 95 103 106 108 126 128 133 135 152 154 161 163
SOL 2 7 17 20 26 28 45 49 53 58 75 76 81 82 91 92 113 116 125 126 133 135 148 155 164 167
SOL 2 10 19 23 26 32 42 50 57 64 69 73 79 80 99 103 109 111 126 128 130 131 146 152 160 163
SOL 3 4 17 21 34 35 39 42 52 53 72 75 88 90 96 103 105 106 119 128 135 136 152 154 162 163
SOL 3 5 14 16 34 35 39 40 57 60 65 69 88 90 101 103 106 108 119 128 136 137 152 154 162 163
SOL 3 5 19 20 28 30 39 49 54 63 65 70 79 90 92 100 113 116 124 125 133 141 147 153 162 164
SOL 3 6 21 25 29 35 39 41 58 60 74 76 78 82 101 103 105 108 119 122 137 140 148 154 157 163
SOL 3 7 14 18 32 34 39 45 62 64 66 75 80 81 91 103 106 113 125 128 134 135 152 154 160 163
SOL 4 6 14 22 31 35 49 50 52 57 67 69 78 90 99 101 111 116 118 119 133 137 146 154 162 164
SOL 4 6 15 21 27 35 43 44 52 55 68 76 78 89 98 103 105 114 119 129 138 140 148 149 163 165
SOL 5 6 14 16 31 32 40 49 60 62 65 67 78 80 99 103 108 111 128 129 133 134 152 154 163 165
SOL 5 6 14 16 32 33 40 49 62 63 65 72 78 80 93 96 115 116 126 129 133 134 147 151 164 165
SOL 5 7 14 16 33 35 40 42 60 62 65 73 88 90 91 93 108 109 119 128 134 136 152 155 162 167
SOL 5 8 16 22 37 38 40 42 57 59 65 69 88 89 95 99 104 111 118 126 136 142 145 149 158 166
SOL 5 8 14 16 33 34 40 43 55 62 65 77 87 88 93 102 104 106 123 129 134 136 150 154 161 165
SOL 5 11 14 20 28 31 46 49 60 63 65 67 86 90 92 94 108 110 127 129 133 139 143 147 162 165
SOL 6 8 16 24 29 33 40 41 59 64 73 75 78 90 93 95 104 109 127 128 135 139 144 152 160 162
TRACE n=13 group=diag order=1 nodes=3655829 solutions=20 seconds=6.20 complete=1
