SOL 0 1 15 17 25 27 41 42 44 46 58 62 74 76 78 79 93 95 103 105 119 120
SOL 0 1 17 19 25 27 39 42 44 46 58 62 74 76 78 81 93 95 101 103 119 120
SOL 0 4 11 18 26 29 35 38 45 53 57 63 67 75 82 85 91 94 102 109 116 120
SOL 0 4 11 18 26 31 35 38 51 53 57 63 67 69 82 85 89 94 102 109 116 120
SOL 1 3 17 19 28 30 33 34 49 54 58 62 66 71 86 87 90 92 101 103 117 119
SOL 1 3 17 20 24 25 38 39 44 46 55 65 74 76 81 82 95 96 100 103 117 119
SOL 1 5 14 17 22 25 39 42 44 52 57 63 68 76 78 81 95 98 103 106 115 119
SOL 1 5 15 18 24 32 34 40 46 54 59 61 66 74 80 86 88 96 102 105 115 119
SOL 1 6 12 14 28 29 35 38 44 54 57 63 66 76 82 85 91 92 106 108 114 119
SOL 1 6 14 16 28 30 41 43 45 47 55 65 73 75 77 79 90 92 104 106 114 119
SOL 1 8 14 16 26 28 41 43 45 47 55 65 73 75 77 79 92 94 104 106 112 119
SOL 1 8 15 16 28 30 33 36 47 53 55 65 67 73 84 87 90 92 104 105 112 119
SOL 2 4 11 18 27 28 34 35 51 53 55 65 67 69 85 86 92 93 102 109 116 118
SOL 2 4 16 18 23 26 41 43 45 47 55 65 73 75 77 79 94 97 102 104 116 118
SOL 2 4 16 18 26 31 33 35 51 53 55 65 67 69 85 87 89 94 102 104 116 118
SOL 2 4 18 21 28 30 34 36 49 53 55 65 67 71 84 86 90 92 99 102 116 118
SOL 2 6 14 16 28 31 33 35 51 53 55 65 67 69 85 87 89 92 104 106 114 118
SOL 2 6 16 18 28 31 33 35 51 53 55 65 67 69 85 87 89 92 102 104 114 118
SOL 2 7 12 15 29 31 37 38 44 52 55 65 68 76 82 83 89 91 105 108 113 118
SOL 2 9 16 17 24 26 40 43 45 51 55 65 69 75 77 80 94 96 103 104 111 118
SOL 2 9 16 18 26 28 33 35 51 53 55 65 67 69 85 87 92 94 102 104 111 118
SOL 3 4 12 18 27 31 37 41 52 54 55 65 66 68 79 83 89 93 102 108 116 117
SOL 3 4 16 19 23 26 41 43 45 47 55 65 73 75 77 79 94 97 101 104 116 117
SOL 3 4 17 20 23 25 38 41 44 54 57 63 66 76 79 82 95 97 100 103 116 117
SOL 3 4 18 19 23 26 38 41 44 45 55 65 75 76 79 82 94 97 101 102 116 117
SOL 3 4 18 19 23 27 34 43 46 54 59 61 66 74 77 86 93 97 101 102 116 117
SOL 3 4 18 19 23 28 34 43 49 54 57 63 66 71 77 86 92 97 101 102 116 117
SOL 3 4 18 20 23 26 38 41 44 54 57 63 66 76 79 82 94 97 100 102 116 117
SOL 3 4 18 20 26 27 41 42 44 46 55 65 74 76 78 79 93 94 100 102 116 117
SOL 3 4 18 20 26 31 38 41 44 54 57 63 66 76 79 82 89 94 100 102 116 117
SOL 3 5 11 17 30 32 36 37 45 52 56 64 68 75 83 84 88 90 103 109 115 117
SOL 3 5 12 19 26 28 41 43 44 45 58 62 75 76 77 79 92 94 101 108 115 117
SOL 3 5 13 15 24 26 42 43 44 53 58 62 67 76 77 78 94 96 105 107 115 117
SOL 3 5 17 19 22 25 34 39 52 54 56 64 66 68 81 86 95 98 101 103 115 117
SOL 3 5 17 19 22 25 39 42 44 46 56 64 74 76 78 81 95 98 101 103 115 117
SOL 3 5 17 19 22 25 39 42 52 54 56 64 66 68 78 81 95 98 101 103 115 117
SOL 3 5 17 19 23 25 39 43 52 54 56 64 66 68 77 81 95 97 101 103 115 117
SOL 3 5 17 19 25 32 34 39 52 54 56 64 66 68 81 86 88 95 101 103 115 117
SOL 3 5 17 21 22 25 39 42 46 52 56 64 68 74 78 81 95 98 99 103 115 117
SOL 3 5 17 21 24 25 39 42 44 46 56 64 74 76 78 81 95 96 99 103 115 117
SOL 3 6 11 14 30 31 33 38 52 53 59 61 67 68 82 87 89 90 106 109 114 117
SOL 3 6 12 14 27 28 34 35 52 54 55 65 66 68 85 86 92 93 106 108 114 117
SOL 3 6 12 19 25 27 34 41 50 54 55 65 66 70 79 86 93 95 101 108 114 117
SOL 3 6 13 19 27 29 34 43 44 50 56 64 70 76 77 86 91 93 101 107 114 117
SOL 3 6 14 15 30 31 38 43 52 53 55 65 67 68 77 82 89 90 105 106 114 117
SOL 3 6 14 17 23 27 34 35 52 54 55 65 66 68 85 86 93 97 103 106 114 117
SOL 3 6 16 18 23 31 35 43 44 48 57 63 72 76 77 85 89 97 102 104 114 117
SOL 3 6 17 20 23 25 38 43 46 52 55 65 68 74 77 82 95 97 100 103 114 117
SOL 3 7 13 19 26 27 34 42 44 54 59 61 66 76 78 86 93 94 101 107 113 117
SOL 3 7 13 19 27 28 34 42 44 54 59 61 66 76 78 86 92 93 101 107 113 117
SOL 3 8 17 20 23 25 38 39 46 54 55 65 66 74 81 82 95 97 100 103 112 117
SOL 4 5 11 20 24 26 33 35 51 53 58 62 67 69 85 87 94 96 100 109 115 116
SOL 4 5 12 19 22 28 41 43 45 47 58 62 73 75 77 79 92 98 101 108 115 116
SOL 4 5 13 15 29 31 33 42 44 46 58 62 74 76 78 87 89 91 105 107 115 116
SOL 4 5 13 20 25 26 34 43 51 54 57 63 66 69 77 86 94 95 100 107 115 116
SOL 4 5 18 19 26 29 42 43 44 45 57 63 75 76 77 78 91 94 101 102 115 116
SOL 4 5 18 20 23 25 41 43 44 48 57 63 72 76 77 79 95 97 100 102 115 116
SOL 4 5 18 20 26 29 33 42 44 46 57 63 74 76 78 87 91 94 100 102 115 116
SOL 4 5 18 20 26 29 42 43 44 46 57 63 74 76 77 78 91 94 100 102 115 116
SOL 4 6 11 12 25 27 34 41 52 54 58 62 66 68 79 86 93 95 108 109 114 116
SOL 4 6 12 13 25 27 34 43 52 54 58 62 66 68 77 86 93 95 107 108 114 116
SOL 4 6 12 19 25 27 34 43 52 54 58 62 66 68 77 86 93 95 101 108 114 116
SOL 4 6 12 19 25 27 41 43 45 54 58 62 66 75 77 79 93 95 101 108 114 116
SOL 4 6 13 20 27 29 33 35 44 53 58 62 67 76 85 87 91 93 100 107 114 116
SOL 4 6 13 20 27 29 33 42 44 46 58 62 74 76 78 87 91 93 100 107 114 116
SOL 4 6 14 18 23 31 33 43 46 49 57 63 71 74 77 87 89 97 102 106 114 116
SOL 4 6 14 18 23 31 33 43 49 52 57 63 68 71 77 87 89 97 102 106 114 116
SOL 4 6 19 20 27 29 33 42 44 46 58 62 74 76 78 87 91 93 100 101 114 116
SOL 4 6 20 21 27 29 35 42 44 46 58 62 74 76 78 85 91 93 99 100 114 116
SOL 4 7 12 15 29 31 33 38 46 52 55 65 68 74 82 87 89 91 105 108 113 116
SOL 4 7 13 19 25 27 33 42 48 54 56 64 66 72 78 87 93 95 101 107 113 116
SOL 4 7 13 20 27 29 35 42 44 48 55 65 72 76 78 85 91 93 100 107 113 116
SOL 4 7 14 16 23 31 33 41 50 54 57 63 66 70 79 87 89 97 104 106 113 116
SOL 4 7 15 18 27 31 41 42 44 46 55 65 74 76 78 79 89 93 102 105 113 116
SOL 4 7 17 18 23 24 33 38 45 46 55 65 74 75 82 87 96 97 102 103 113 116
SOL 4 7 18 20 26 27 41 42 44 46 55 65 74 76 78 79 93 94 100 102 113 116
SOL 4 7 18 21 23 24 38 43 45 46 59 61 74 75 77 82 96 97 99 102 113 116
SOL 4 8 14 16 23 26 41 43 45 47 55 65 73 75 77 79 94 97 104 106 112 116
SOL 4 8 16 18 23 26 41 43 45 47 55 65 73 75 77 79 94 97 102 104 112 116
SOL 4 9 16 18 24 26 33 35 51 53 55 65 67 69 85 87 94 96 102 104 111 116
SOL 4 9 18 20 25 26 38 41 44 54 57 63 66 76 79 82 94 95 100 102 111 116
SOL 5 6 12 14 25 28 33 34 52 54 57 63 66 68 86 87 92 95 106 108 114 115
SOL 5 6 12 14 25 28 34 43 52 54 57 63 66 68 77 86 92 95 106 108 114 115
SOL 5 6 12 14 29 31 33 35 50 54 57 63 66 70 85 87 89 91 106 108 114 115
SOL 5 6 12 19 28 29 33 42 44 47 57 63 73 76 78 87 91 92 101 108 114 115
SOL 5 6 12 21 28 30 41 43 45 47 58 62 73 75 77 79 90 92 99 108 114 115
SOL 5 6 13 14 25 28 33 34 53 54 57 63 66 67 86 87 92 95 106 107 114 115
SOL 5 6 13 20 26 32 33 35 51 53 58 62 67 69 85 87 88 94 100 107 114 115
SOL 5 6 17 19 23 25 34 43 52 54 58 62 66 68 77 86 95 97 101 103 114 115
SOL 5 7 11 15 29 30 34 37 52 54 56 64 66 68 83 86 90 91 105 109 113 115
SOL 5 7 11 15 29 32 34 37 46 52 56 64 68 74 83 86 88 91 105 109 113 115
SOL 5 7 13 15 22 29 37 42 44 46 56 64 74 76 78 83 91 98 105 107 113 115
SOL 5 7 13 15 29 31 33 37 44 46 56 64 74 76 83 87 89 91 105 107 113 115
SOL 5 7 13 15 29 32 34 37 44 46 56 64 74 76 83 86 88 91 105 107 113 115
SOL 5 7 13 15 29 32 34 37 52 54 56 64 66 68 83 86 88 91 105 107 113 115
SOL 5 7 13 15 29 32 37 42 44 46 56 64 74 76 78 83 88 91 105 107 113 115
SOL 5 7 13 20 26 28 33 35 53 54 58 62 66 67 85 87 92 94 100 107 113 115
SOL 5 7 15 21 22 24 39 40 46 53 56 64 67 74 80 81 96 98 99 105 113 115
SOL 5 7 17 19 28 30 33 34 45 54 58 62 66 75 86 87 90 92 101 103 113 115
SOL 5 9 14 17 22 30 36 42 44 52 59 61 68 76 78 84 90 98 103 106 111 115
SOL 5 9 15 18 29 32 34 37 46 54 57 63 66 74 83 86 88 91 102 105 111 115
SOL 6 7 12 14 23 28 35 38 44 54 57 63 66 76 82 85 92 97 106 108 113 114
SOL 6 7 12 14 27 28 34 35 52 54 55 65 66 68 85 86 92 93 106 108 113 114
SOL 6 7 12 14 28 31 35 38 44 54 57 63 66 76 82 85 89 92 106 108 113 114
SOL 6 7 12 15 29 31 35 38 44 54 57 63 66 76 82 85 89 91 105 108 113 114
SOL 6 7 13 14 26 31 33 42 44 49 57 63 71 76 78 87 89 94 106 107 113 114
SOL 6 7 13 14 27 31 33 42 44 52 59 61 68 76 78 87 89 93 106 107 113 114
SOL 6 7 13 14 28 31 35 38 53 54 55 65 66 67 82 85 89 92 106 107 113 114
SOL 6 7 13 16 28 31 33 35 51 53 55 65 67 69 85 87 89 92 104 107 113 114
SOL 6 7 14 20 23 27 35 39 44 46 55 65 74 76 81 85 93 97 100 106 113 114
SOL 6 8 11 14 24 26 40 42 45 49 55 65 71 75 78 80 94 96 106 109 112 114
SOL 6 8 14 16 23 28 41 43 45 47 55 65 73 75 77 79 92 97 104 106 112 114
SOL 6 8 14 16 28 31 33 35 51 53 55 65 67 69 85 87 89 92 104 106 112 114
SOL 6 8 14 21 26 27 41 42 45 47 55 65 73 75 78 79 93 94 99 106 112 114
SOL 6 10 14 21 23 28 38 41 45 47 57 63 73 75 79 82 92 97 99 106 110 114
SOL 6 10 14 21 25 28 38 41 45 53 57 63 67 75 79 82 92 95 99 106 110 114
SOL 7 9 12 15 29 30 37 38 52 54 55 65 66 68 82 83 90 91 105 108 111 113
SOL 7 9 13 15 24 26 42 43 44 49 58 62 71 76 77 78 94 96 105 107 111 113
SOL 9 10 13 15 27 29 34 37 52 54 58 62 66 68 83 86 91 93 105 107 110 111
SOL 9 10 15 17 27 29 34 35 52 54 58 62 66 68 85 86 91 93 103 105 110 111
TRACE n=11 group=rot2 order=1 nodes=147314 solutions=120 seconds=0.26 complete=1
