SOL 0 3 18 19 27 29 44 47 62 64 66 67 82 86 101 102 104 106 121 124 139 141 149 150 165 168
SOL 0 4 20 22 30 32 49 51 53 61 67 72 79 89 96 101 107 115 117 119 136 138 146 148 164 168
SOL 0 5 17 19 35 36 40 43 54 59 74 76 78 90 92 94 109 114 125 128 132 133 149 151 163 168
SOL 0 6 16 20 30 36 46 49 53 55 65 73 79 89 95 103 113 115 119 122 132 138 148 152 162 168
SOL 0 6 16 25 34 36 44 46 53 55 73 75 79 89 93 95 113 115 122 124 132 134 143 152 162 168
SOL 0 6 17 20 30 36 46 49 53 61 74 77 79 89 91 94 107 115 119 122 132 138 148 151 162 168
SOL 0 7 17 19 35 36 46 47 53 54 74 76 78 90 92 94 114 115 121 122 132 133 149 151 161 168
SOL 0 8 15 18 31 34 39 41 58 61 66 68 79 89 100 102 107 110 127 129 134 137 150 153 160 168
SOL 0 9 17 19 31 35 47 50 52 54 72 76 80 88 92 96 114 116 118 121 133 137 149 151 159 168
SOL 0 11 17 19 33 36 40 43 59 62 68 74 78 90 94 100 106 109 125 128 132 135 149 151 157 168
SOL 0 12 17 18 32 35 41 44 61 63 67 69 79 89 99 101 105 107 124 127 133 136 150 151 156 168
SOL 0 12 17 19 33 35 41 43 59 63 74 76 80 88 92 94 105 109 125 127 133 135 149 151 156 168
SOL 0 12 17 21 29 35 44 45 54 62 66 76 83 85 92 102 106 114 123 124 133 139 147 151 156 168
SOL 0 12 17 21 29 35 45 46 54 62 66 76 83 85 92 102 106 114 122 123 133 139 147 151 156 168
SOL 0 12 18 20 30 34 41 49 53 63 68 71 81 87 97 100 105 115 119 127 134 138 148 150 156 168
SOL 0 12 18 20 30 34 41 49 53 63 71 74 81 87 94 97 105 115 119 127 134 138 148 150 156 168
SOL 0 12 19 21 29 31 47 49 53 57 66 68 80 88 100 102 111 115 119 121 137 139 147 149 156 168
SOL 0 12 20 21 29 32 46 49 53 55 73 75 79 89 93 95 113 115 119 122 136 139 147 148 156 168
SOL 1 2 19 21 31 33 48 50 52 54 73 74 78 90 94 95 114 116 118 120 135 137 147 149 166 167
SOL 1 2 19 21 33 34 39 42 52 55 72 76 80 88 92 96 113 116 126 129 134 135 147 149 166 167
SOL 1 3 15 20 33 35 45 47 52 54 76 77 82 86 91 92 114 116 121 123 133 135 148 153 165 167
SOL 1 3 18 20 29 36 45 47 62 64 65 66 82 86 102 103 104 106 121 123 132 139 148 150 165 167
SOL 1 3 19 20 33 36 43 50 52 54 73 74 78 90 94 95 114 116 118 125 132 135 148 149 165 167
SOL 1 3 19 22 33 36 40 43 52 54 70 73 78 90 95 98 114 116 125 128 132 135 146 149 165 167
SOL 1 4 17 19 31 35 48 50 52 54 70 75 78 90 93 98 114 116 118 120 133 137 149 151 164 167
SOL 1 6 16 21 33 38 41 42 52 53 72 73 80 88 95 96 115 116 126 127 130 135 147 152 162 167
SOL 1 6 18 21 34 38 40 49 52 55 67 72 81 87 96 101 113 116 119 128 130 134 147 150 162 167
SOL 1 6 18 22 28 34 47 51 63 64 67 68 83 85 100 101 104 105 117 121 134 140 146 150 162 167
SOL 1 6 20 22 28 30 43 46 52 53 75 77 81 87 91 93 115 116 122 125 138 140 146 148 162 167
SOL 1 6 20 22 28 30 46 49 52 53 69 77 81 87 91 99 115 116 119 122 138 140 146 148 162 167
SOL 1 6 21 23 31 38 44 47 53 55 74 75 78 90 93 94 113 115 121 124 130 137 145 147 162 167
SOL 1 7 19 21 28 33 48 50 52 54 73 74 78 90 94 95 114 116 118 120 135 140 147 149 161 167
SOL 1 7 20 23 29 37 39 42 58 60 65 67 82 86 101 103 108 110 126 129 131 139 145 148 161 167
SOL 1 8 16 18 34 36 39 42 57 58 65 67 79 89 101 103 110 111 126 129 132 134 150 152 160 167
SOL 1 8 16 19 33 34 39 42 62 63 72 77 80 88 91 96 105 106 126 129 134 135 149 152 160 167
SOL 1 8 17 19 29 31 40 42 62 64 72 75 78 90 93 96 104 106 126 128 137 139 149 151 160 167
SOL 1 8 18 23 31 37 42 48 58 64 65 67 82 86 101 103 104 110 120 126 131 137 145 150 160 167
SOL 1 8 19 21 29 31 40 42 62 64 72 75 78 90 93 96 104 106 126 128 137 139 147 149 160 167
SOL 1 8 19 21 29 33 40 42 62 64 67 72 78 90 96 101 104 106 126 128 135 139 147 149 160 167
SOL 1 9 20 23 27 30 46 49 56 58 65 77 81 87 91 103 110 112 119 122 138 141 145 148 159 167
SOL 1 12 19 21 28 31 47 50 54 57 68 74 78 90 94 100 111 114 118 121 137 140 147 149 156 167
SOL 2 3 19 21 29 37 41 44 60 64 66 70 78 90 98 102 104 108 124 127 131 139 147 149 165 166
SOL 2 3 19 21 34 37 39 41 55 63 70 72 78 90 96 98 105 113 127 129 131 134 147 149 165 166
SOL 2 3 19 21 34 37 41 44 55 63 65 70 78 90 98 103 105 113 124 127 131 134 147 149 165 166
SOL 2 4 15 19 33 35 48 50 52 53 69 70 78 90 98 99 115 116 118 120 133 135 149 153 164 166
SOL 2 4 16 20 32 34 39 42 57 63 65 67 79 89 101 103 105 111 126 129 134 136 148 152 164 166
SOL 2 4 19 21 33 35 48 50 52 53 67 70 78 90 98 101 115 116 118 120 133 135 147 149 164 166
SOL 2 4 19 23 30 33 50 51 55 59 74 76 78 90 92 94 109 113 117 118 135 138 145 149 164 166
SOL 2 5 14 21 32 34 39 41 52 61 72 76 81 87 92 96 107 116 127 129 134 136 147 154 163 166
SOL 2 5 16 21 35 36 45 47 52 53 66 70 78 90 98 102 115 116 121 123 132 133 147 152 163 166
SOL 2 5 18 24 28 29 45 47 63 64 68 73 78 90 95 100 104 105 121 123 139 140 144 150 163 166
SOL 2 5 19 21 27 31 42 50 62 64 68 69 78 90 99 100 104 106 118 126 137 141 147 149 163 166
SOL 2 5 19 22 28 31 48 50 52 63 69 73 78 90 95 99 105 116 118 120 137 140 146 149 163 166
SOL 2 5 21 24 29 32 42 50 57 64 67 73 78 90 95 101 104 111 118 126 136 139 144 147 163 166
SOL 2 5 21 24 31 35 45 47 52 54 74 76 78 90 92 94 114 116 121 123 133 137 144 147 163 166
SOL 2 6 21 24 28 31 47 50 55 57 65 74 78 90 94 103 111 113 118 121 137 140 144 147 162 166
SOL 2 6 21 24 31 35 44 50 52 55 73 75 78 90 93 95 113 116 118 124 133 137 144 147 162 166
SOL 2 6 21 25 27 31 44 47 53 55 74 75 78 90 93 94 113 115 121 124 137 141 143 147 162 166
SOL 2 7 15 19 33 35 48 50 52 56 66 69 78 90 99 102 112 116 118 120 133 135 149 153 161 166
SOL 2 7 17 19 33 37 48 50 52 54 73 74 78 90 94 95 114 116 118 120 131 135 149 151 161 166
SOL 2 7 19 21 28 29 47 50 52 57 74 76 78 90 92 94 111 116 118 121 139 140 147 149 161 166
SOL 2 7 19 21 33 37 48 50 52 54 73 74 78 90 94 95 114 116 118 120 131 135 147 149 161 166
SOL 2 8 19 20 28 29 47 51 55 63 66 72 78 90 96 102 105 113 117 121 139 140 148 149 160 166
SOL 2 8 19 20 28 35 39 47 55 63 66 72 78 90 96 102 105 113 121 129 133 140 148 149 160 166
SOL 2 8 19 22 28 34 39 40 57 61 66 77 83 85 91 102 107 111 128 129 134 140 146 149 160 166
SOL 2 8 19 22 34 37 42 44 53 57 75 77 78 90 91 93 111 115 124 126 131 134 146 149 160 166
SOL 2 8 20 21 36 37 42 45 52 55 66 77 83 85 91 102 113 116 123 126 131 132 147 148 160 166
SOL 2 8 21 25 32 35 48 50 53 57 67 70 78 90 98 101 111 115 118 120 133 136 143 147 160 166
SOL 2 8 22 25 29 33 45 47 53 54 70 76 78 90 92 98 114 115 121 123 135 139 143 146 160 166
SOL 2 9 19 21 27 35 41 44 60 64 66 70 78 90 98 102 104 108 124 127 133 141 147 149 159 166
SOL 2 10 17 18 27 30 45 48 61 64 65 76 83 85 92 103 104 107 120 123 138 141 150 151 158 166
SOL 2 10 20 21 34 37 42 45 52 55 66 77 83 85 91 102 113 116 123 126 131 134 147 148 158 166
SOL 3 4 13 20 26 32 42 43 62 63 72 75 79 89 93 96 105 106 125 126 136 142 148 155 164 165
SOL 3 4 14 20 26 29 45 47 62 63 65 72 80 88 96 103 105 106 121 123 139 142 148 154 164 165
SOL 3 4 17 25 33 36 40 46 54 55 71 76 78 90 92 97 113 114 122 128 132 135 143 151 164 165
SOL 3 4 20 23 27 33 42 49 52 58 76 77 82 86 91 92 110 116 119 126 135 141 145 148 164 165
SOL 3 5 13 19 31 36 40 42 62 64 66 69 82 86 99 102 104 106 126 128 132 137 149 155 163 165
SOL 3 5 13 23 31 37 41 42 58 60 76 77 82 86 91 92 108 110 126 127 131 137 145 155 163 165
SOL 3 5 18 19 28 37 41 50 60 64 69 77 81 87 91 99 104 108 118 127 131 140 149 150 163 165
SOL 3 5 19 21 26 31 40 42 52 62 69 76 80 88 92 99 106 116 126 128 137 142 147 149 163 165
SOL 3 6 14 23 33 34 39 41 61 64 66 72 82 86 96 102 104 107 127 129 134 135 145 154 162 165
SOL 3 6 15 21 34 37 44 50 52 55 65 72 80 88 96 103 113 116 118 124 131 134 147 153 162 165
SOL 3 6 15 21 34 37 44 50 52 55 72 77 80 88 91 96 113 116 118 124 131 134 147 153 162 165
SOL 3 6 16 18 27 38 44 47 62 64 67 69 79 89 99 101 104 106 121 124 130 141 150 152 162 165
SOL 3 6 17 20 36 38 47 49 52 55 66 70 79 89 98 102 113 116 119 121 130 132 148 151 162 165
SOL 3 6 18 21 26 28 43 49 61 64 72 76 79 89 92 96 104 107 119 125 140 142 147 150 162 165
SOL 3 6 18 22 27 28 44 47 52 64 67 69 79 89 99 101 104 116 121 124 140 141 146 150 162 165
SOL 3 6 21 23 26 29 39 43 62 63 70 72 79 89 96 98 105 106 125 129 139 142 145 147 162 165
SOL 3 6 21 23 29 37 39 41 63 64 70 72 82 86 96 98 104 105 127 129 131 139 145 147 162 165
SOL 3 6 21 24 28 31 47 50 54 64 68 77 83 85 91 100 104 114 118 121 137 140 144 147 162 165
SOL 3 7 13 21 32 34 40 42 62 64 72 75 79 89 93 96 104 106 126 128 134 136 147 155 161 165
SOL 3 7 15 20 34 36 42 47 52 64 66 71 79 89 97 102 104 116 121 126 132 134 148 153 161 165
SOL 3 7 16 18 26 28 47 50 62 64 69 71 79 89 97 99 104 106 118 121 140 142 150 152 161 165
SOL 3 7 17 20 34 36 40 42 52 54 65 71 79 89 97 103 114 116 126 128 132 134 148 151 161 165
SOL 3 7 17 20 34 36 42 50 52 54 65 71 79 89 97 103 114 116 118 126 132 134 148 151 161 165
SOL 3 8 14 18 29 37 39 47 58 62 72 75 78 90 93 96 106 110 121 129 131 139 150 154 160 165
SOL 3 8 18 24 27 29 44 47 58 62 65 67 78 90 101 103 106 110 121 124 139 141 144 150 160 165
SOL 3 8 21 23 29 37 39 41 58 63 70 72 78 90 96 98 105 110 127 129 131 139 145 147 160 165
SOL 3 9 15 21 31 37 43 49 52 58 66 72 78 90 96 102 110 116 119 125 131 137 147 153 159 165
SOL 3 9 15 21 31 37 43 49 52 58 72 76 78 90 92 96 110 116 119 125 131 137 147 153 159 165
SOL 3 9 15 21 31 37 43 49 58 64 66 72 78 90 96 102 104 110 119 125 131 137 147 153 159 165
SOL 3 9 15 21 31 37 43 49 58 64 72 76 78 90 92 96 104 110 119 125 131 137 147 153 159 165
SOL 3 9 17 23 27 33 41 47 52 58 66 70 78 90 98 102 110 116 121 127 135 141 145 151 159 165
SOL 3 9 17 23 27 33 41 47 52 58 70 76 78 90 92 98 110 116 121 127 135 141 145 151 159 165
SOL 3 9 17 23 27 33 41 47 58 64 66 70 78 90 98 102 104 110 121 127 135 141 145 151 159 165
SOL 3 9 17 23 27 33 41 47 58 64 70 76 78 90 92 98 104 110 121 127 135 141 145 151 159 165
SOL 3 9 18 19 36 37 43 44 62 64 65 66 82 86 102 103 104 106 124 125 131 132 149 150 159 165
SOL 3 9 19 20 27 28 46 47 52 54 76 77 82 86 91 92 114 116 121 122 140 141 148 149 159 165
SOL 3 10 17 19 29 37 46 49 52 56 72 76 78 90 92 96 112 116 119 122 131 139 149 151 158 165
SOL 3 11 15 18 34 37 41 44 58 60 65 77 81 87 91 103 108 110 124 127 131 134 150 153 157 165
SOL 3 12 19 21 29 33 40 43 62 64 66 70 80 88 98 102 104 106 125 128 135 139 147 149 156 165
SOL 4 5 14 16 34 36 46 51 53 55 71 75 78 90 93 97 113 115 117 122 132 134 152 154 163 164
SOL 4 5 15 16 35 36 45 51 56 59 76 77 79 89 91 92 109 112 117 123 132 133 152 153 163 164
SOL 4 5 16 19 30 36 39 42 53 62 76 77 83 85 91 92 106 115 126 129 132 138 149 152 163 164
SOL 4 5 17 23 32 35 40 42 63 64 72 75 78 90 93 96 104 105 126 128 133 136 145 151 163 164
SOL 4 5 19 22 30 36 39 42 53 62 76 77 83 85 91 92 106 115 126 129 132 138 146 149 163 164
SOL 4 5 22 23 27 32 39 43 62 63 68 72 78 90 96 100 105 106 125 129 136 141 145 146 163 164
SOL 4 6 13 16 30 36 39 50 55 59 70 75 79 89 93 98 109 113 118 129 132 138 152 155 162 164
SOL 4 6 13 22 26 30 46 48 59 63 67 75 79 89 93 101 105 109 120 122 138 142 146 155 162 164
SOL 4 6 13 22 28 30 46 48 59 63 75 77 79 89 91 93 105 109 120 122 138 140 146 155 162 164
SOL 4 6 13 22 30 33 48 49 52 53 67 70 79 89 98 101 115 116 119 120 135 138 146 155 162 164
SOL 4 6 13 22 30 36 39 46 55 59 75 76 79 89 92 93 109 113 122 129 132 138 146 155 162 164
SOL 4 6 14 16 33 38 48 49 53 57 73 77 80 88 91 95 111 115 119 120 130 135 152 154 162 164
SOL 4 6 14 17 36 38 46 49 55 57 76 77 81 87 91 92 111 113 119 122 130 132 151 154 162 164
SOL 4 6 14 22 31 35 49 50 52 57 67 69 78 90 99 101 111 116 118 119 133 137 146 154 162 164
SOL 4 6 15 16 33 37 43 46 63 64 67 68 78 90 100 101 104 105 122 125 131 135 152 153 162 164
SOL 4 6 15 17 33 35 40 50 57 61 67 77 78 90 91 101 107 111 118 128 133 135 151 153 162 164
SOL 4 6 15 17 33 37 40 46 61 64 67 68 78 90 100 101 104 107 122 128 131 135 151 153 162 164
SOL 4 6 15 17 33 37 46 50 61 64 67 68 78 90 100 101 104 107 118 122 131 135 151 153 162 164
SOL 4 6 15 18 29 37 39 51 53 61 70 75 82 86 93 98 107 115 117 129 131 139 150 153 162 164
SOL 4 6 15 20 29 37 39 51 53 61 70 75 82 86 93 98 107 115 117 129 131 139 148 153 162 164
SOL 4 6 15 20 35 38 49 51 53 56 72 74 79 89 94 96 112 115 117 119 130 133 148 153 162 164
SOL 4 6 15 22 33 37 40 43 59 64 67 68 78 90 100 101 104 109 125 128 131 135 146 153 162 164
SOL 4 6 15 22 33 37 40 46 61 64 67 69 78 90 99 101 104 107 122 128 131 135 146 153 162 164
SOL 4 6 15 22 33 37 43 46 63 64 67 68 78 90 100 101 104 105 122 125 131 135 146 153 162 164
SOL 4 6 16 23 30 38 46 48 53 59 75 77 79 89 91 93 109 115 120 122 130 138 145 152 162 164
SOL 4 6 17 18 26 36 40 49 61 63 65 70 81 87 98 103 105 107 119 128 132 142 150 151 162 164
SOL 4 6 17 22 26 27 48 49 52 57 70 75 79 89 93 98 111 116 119 120 141 142 146 151 162 164
SOL 4 6 17 22 26 31 48 49 52 63 70 75 79 89 93 98 105 116 119 120 137 142 146 151 162 164
SOL 4 6 17 22 27 31 41 48 63 64 70 77 80 88 91 98 104 105 120 127 137 141 146 151 162 164
SOL 4 6 17 23 33 36 40 50 55 59 65 74 78 90 94 103 109 113 118 128 132 135 145 151 162 164
SOL 4 6 18 22 26 27 48 49 56 57 75 77 79 89 91 93 111 112 119 120 141 142 146 150 162 164
SOL 4 6 18 23 27 35 39 51 55 63 67 72 82 86 96 101 105 113 117 129 133 141 145 150 162 164
SOL 4 6 20 22 26 28 41 46 61 63 69 77 79 89 91 99 105 107 122 127 140 142 146 148 162 164
SOL 4 6 20 23 27 35 39 51 55 63 67 72 82 86 96 101 105 113 117 129 133 141 145 148 162 164
SOL 4 6 20 23 35 38 39 41 53 56 72 74 79 89 94 96 112 115 127 129 130 133 145 148 162 164
SOL 4 6 20 24 26 30 46 49 61 63 65 67 81 87 101 103 105 107 119 122 138 142 144 148 162 164
SOL 4 6 21 22 26 28 48 50 57 59 65 67 79 89 101 103 109 111 118 120 140 142 146 147 162 164
SOL 4 6 22 23 26 30 46 48 53 59 75 77 79 89 91 93 109 115 120 122 138 142 145 146 162 164
SOL 4 6 22 23 26 30 46 48 59 63 75 77 79 89 91 93 105 109 120 122 138 142 145 146 162 164
SOL 4 6 22 23 28 30 46 48 53 59 65 77 79 89 91 103 109 115 120 122 138 140 145 146 162 164
SOL 4 6 22 24 26 33 43 49 59 63 67 68 78 90 100 101 105 109 119 125 135 142 144 146 162 164
SOL 4 6 22 25 30 31 48 49 52 53 70 75 79 89 93 98 115 116 119 120 137 138 143 146 162 164
SOL 4 6 22 25 30 31 48 49 52 63 70 75 79 89 93 98 105 116 119 120 137 138 143 146 162 164
SOL 4 6 22 25 30 33 48 49 52 53 67 70 79 89 98 101 115 116 119 120 135 138 143 146 162 164
SOL 4 7 13 17 28 33 45 50 54 55 74 76 78 90 92 94 113 114 118 123 135 140 151 155 161 164
SOL 4 7 13 17 28 35 45 50 54 57 74 76 78 90 92 94 111 114 118 123 133 140 151 155 161 164
SOL 4 7 13 20 27 30 39 49 58 61 75 76 81 87 92 93 107 110 119 129 138 141 148 155 161 164
SOL 4 7 15 20 27 37 42 48 52 58 75 77 82 86 91 93 110 116 120 126 131 141 148 153 161 164
SOL 4 7 15 20 28 30 39 51 58 61 74 76 79 89 92 94 107 110 117 129 138 140 148 153 161 164
SOL 4 7 15 20 35 37 39 42 52 58 75 76 82 86 92 93 110 116 126 129 131 133 148 153 161 164
SOL 4 7 15 23 27 33 42 48 52 58 76 77 82 86 91 92 110 116 120 126 135 141 145 153 161 164
SOL 4 7 15 23 27 33 42 48 58 64 65 76 82 86 92 103 104 110 120 126 135 141 145 153 161 164
SOL 4 7 15 25 27 33 42 48 52 58 75 76 82 86 92 93 110 116 120 126 135 141 143 153 161 164
SOL 4 7 18 23 26 36 42 43 63 64 71 76 81 87 92 97 104 105 125 126 132 142 145 150 161 164
SOL 4 7 18 23 26 38 42 43 62 63 71 76 81 87 92 97 105 106 125 126 130 142 145 150 161 164
SOL 4 7 18 23 27 37 42 48 58 64 65 67 82 86 101 103 104 110 120 126 131 141 145 150 161 164
SOL 4 7 20 25 28 30 49 51 55 58 66 76 81 87 92 102 110 113 117 119 138 140 143 148 161 164
SOL 4 7 22 23 27 32 39 43 62 63 68 72 78 90 96 100 105 106 125 129 136 141 145 146 161 164
SOL 4 8 15 19 28 31 39 50 57 61 66 68 78 90 100 102 107 111 118 129 137 140 149 153 160 164
SOL 4 8 18 19 27 36 39 42 61 62 76 77 83 85 91 92 106 107 126 129 132 141 149 150 160 164
SOL 4 8 19 20 28 37 48 51 54 55 65 66 83 85 102 103 113 114 117 120 131 140 148 149 160 164
SOL 4 8 19 23 33 36 40 51 55 59 74 76 78 90 92 94 109 113 117 128 132 135 145 149 160 164
SOL 4 9 14 20 35 37 43 46 54 58 75 77 78 90 91 93 110 114 122 125 131 133 148 154 159 164
SOL 4 9 15 17 27 35 49 51 53 58 70 72 78 90 96 98 110 115 117 119 133 141 151 153 159 164
SOL 4 9 20 24 27 35 43 51 54 58 67 70 78 90 98 101 110 114 117 125 133 141 144 148 159 164
SOL 4 10 13 16 31 35 43 45 62 63 66 72 78 90 96 102 105 106 123 125 133 137 152 155 158 164
SOL 4 10 13 17 29 32 40 42 59 63 72 75 78 90 93 96 105 109 126 128 136 139 151 155 158 164
SOL 4 10 16 19 27 30 46 48 59 63 65 67 78 90 101 103 105 109 120 122 138 141 149 152 158 164
SOL 4 10 16 19 30 36 50 51 55 59 65 76 83 85 92 103 109 113 117 118 132 138 149 152 158 164
SOL 4 10 17 18 27 28 45 48 61 64 65 76 83 85 92 103 104 107 120 123 140 141 150 151 158 164
SOL 4 10 18 19 29 36 43 51 53 61 70 76 78 90 92 98 107 115 117 125 132 139 149 150 158 164
SOL 4 10 18 19 35 36 39 43 53 61 70 76 78 90 92 98 107 115 125 129 132 133 149 150 158 164
SOL 4 11 15 20 27 33 42 48 52 58 75 77 82 86 91 93 110 116 120 126 135 141 148 153 157 164
SOL 4 11 17 19 31 35 48 50 52 54 70 75 78 90 93 98 114 116 118 120 133 137 149 151 157 164
SOL 4 11 17 19 33 35 48 50 52 54 67 70 78 90 98 101 114 116 118 120 133 135 149 151 157 164
SOL 4 11 19 21 33 35 48 50 52 54 67 70 78 90 98 101 114 116 118 120 133 135 147 149 157 164
SOL 4 11 19 22 30 31 48 51 53 54 65 70 80 88 98 103 114 115 117 120 137 138 146 149 157 164
SOL 4 11 20 22 28 30 48 51 58 59 75 77 79 89 91 93 109 110 117 120 138 140 146 148 157 164
SOL 4 12 20 23 30 33 49 51 55 58 74 76 79 89 92 94 110 113 117 119 135 138 145 148 156 164
SOL 5 6 15 21 31 38 40 48 52 54 73 74 79 89 94 95 114 116 120 128 130 137 147 153 162 163
SOL 5 6 15 24 31 34 39 41 61 64 66 68 82 86 100 102 104 107 127 129 134 137 144 153 162 163
SOL 5 6 16 22 33 37 41 43 63 64 67 73 78 90 95 101 104 105 125 127 131 135 146 152 162 163
SOL 5 6 16 22 36 37 43 46 52 53 73 75 78 90 93 95 115 116 122 125 131 132 146 152 162 163
SOL 5 6 21 23 26 29 39 43 62 63 68 70 79 89 98 100 105 106 125 129 139 142 145 147 162 163
SOL 5 6 22 24 26 28 43 46 61 63 67 69 78 90 99 101 105 107 122 125 140 142 144 146 162 163
SOL 5 7 13 15 35 37 45 51 54 56 74 76 82 86 92 94 112 114 117 123 131 133 153 155 161 163
SOL 5 7 17 19 28 37 48 50 52 54 73 74 78 90 94 95 114 116 118 120 131 140 149 151 161 163
SOL 5 7 19 21 27 36 40 42 62 64 68 69 78 90 99 100 104 106 126 128 132 141 147 149 161 163
SOL 5 7 23 25 27 29 39 45 60 62 66 68 82 86 100 102 106 108 123 129 139 141 143 145 161 163
SOL 5 8 13 18 34 36 39 41 58 61 66 76 81 87 92 102 107 110 127 129 132 134 150 155 160 163
SOL 5 8 13 23 31 37 42 48 58 64 66 67 82 86 101 102 104 110 120 126 131 137 145 155 160 163
SOL 5 8 15 16 32 37 47 51 53 54 70 74 78 90 94 98 114 115 117 121 131 136 152 153 160 163
SOL 5 8 15 20 26 38 47 48 53 54 66 71 81 87 97 102 114 115 120 121 130 142 148 153 160 163
SOL 5 8 15 20 27 37 42 48 52 58 75 77 82 86 91 93 110 116 120 126 131 141 148 153 160 163
SOL 5 8 15 20 28 38 47 48 52 53 66 71 81 87 97 102 115 116 120 121 130 140 148 153 160 163
SOL 5 8 15 23 31 37 42 48 52 58 66 77 82 86 91 102 110 116 120 126 131 137 145 153 160 163
SOL 5 8 15 23 31 37 42 48 58 64 65 66 82 86 102 103 104 110 120 126 131 137 145 153 160 163
SOL 5 8 18 23 27 29 48 51 58 64 66 67 82 86 101 102 104 110 117 120 139 141 145 150 160 163
SOL 5 8 18 23 27 37 42 48 58 64 65 67 82 86 101 103 104 110 120 126 131 141 145 150 160 163
SOL 5 8 18 23 34 36 39 51 55 58 66 68 79 89 100 102 110 113 117 129 132 134 145 150 160 163
SOL 5 8 18 25 34 37 41 51 55 58 66 67 81 87 101 102 110 113 117 127 131 134 143 150 160 163
SOL 5 8 21 25 29 36 40 45 59 62 66 68 78 90 100 102 106 109 123 128 132 139 143 147 160 163
SOL 5 8 21 25 31 36 40 45 61 62 66 68 78 90 100 102 106 107 123 128 132 137 143 147 160 163
SOL 5 9 17 25 30 32 48 50 52 54 67 70 79 89 98 101 114 116 118 120 136 138 143 151 159 163
SOL 5 9 18 21 28 30 40 48 62 64 71 77 79 89 91 97 104 106 120 128 138 140 147 150 159 163
SOL 5 9 18 21 28 30 48 50 62 64 71 77 79 89 91 97 104 106 118 120 138 140 147 150 159 163
SOL 5 9 18 23 28 30 43 48 52 64 71 76 79 89 92 97 104 116 120 125 138 140 145 150 159 163
SOL 5 9 20 22 36 38 40 43 52 54 71 73 79 89 95 97 114 116 125 128 130 132 146 148 159 163
SOL 5 10 17 19 27 31 40 42 62 64 68 69 78 90 99 100 104 106 126 128 137 141 149 151 158 163
SOL 5 10 17 19 35 36 40 43 59 64 66 68 78 90 100 102 104 109 125 128 132 133 149 151 158 163
SOL 5 10 19 21 27 31 40 42 62 64 68 69 78 90 99 100 104 106 126 128 137 141 147 149 158 163
SOL 5 10 19 23 29 31 40 42 60 64 73 76 78 90 92 95 104 108 126 128 137 139 145 149 158 163
SOL 5 11 15 18 27 35 48 51 56 58 75 77 82 86 91 93 110 112 117 120 133 141 150 153 157 163
SOL 5 11 17 19 31 36 40 42 62 64 68 69 78 90 99 100 104 106 126 128 132 137 149 151 157 163
SOL 5 12 19 21 28 29 43 44 62 63 66 68 78 90 100 102 105 106 124 125 139 140 147 149 156 163
SOL 6 7 14 16 36 38 44 47 53 55 73 75 78 90 93 95 113 115 121 124 130 132 152 154 161 162
SOL 6 7 14 23 30 33 49 51 52 55 74 76 82 86 92 94 113 116 117 119 135 138 145 154 161 162
SOL 6 7 15 17 35 38 47 51 53 54 72 74 79 89 94 96 114 115 117 121 130 133 151 153 161 162
SOL 6 7 16 22 27 28 44 47 63 64 67 69 78 90 99 101 104 105 121 124 140 141 146 152 161 162
SOL 6 7 16 22 27 31 47 49 52 53 69 75 78 90 93 99 115 116 119 121 137 141 146 152 161 162
SOL 6 7 17 23 26 33 42 50 62 64 68 69 79 89 99 100 104 106 118 126 135 142 145 151 161 162
SOL 6 8 13 16 31 34 41 42 63 64 72 75 79 89 93 96 104 105 126 127 134 137 152 155 160 162
SOL 6 8 13 16 33 34 41 42 53 64 67 72 79 89 96 101 104 115 126 127 134 135 152 155 160 162
SOL 6 8 13 16 33 34 41 42 63 64 67 72 79 89 96 101 104 105 126 127 134 135 152 155 160 162
SOL 6 8 14 16 31 38 41 47 53 57 74 75 78 90 93 94 111 115 121 127 130 137 152 154 160 162
SOL 6 8 14 18 34 38 41 44 53 55 75 77 81 87 91 93 113 115 124 127 130 134 150 154 160 162
SOL 6 8 15 16 34 36 42 44 57 63 65 77 79 89 91 103 105 111 124 126 132 134 152 153 160 162
SOL 6 8 15 16 34 38 42 44 53 57 65 67 79 89 101 103 111 115 124 126 130 134 152 153 160 162
SOL 6 8 15 16 34 38 42 44 57 63 65 67 79 89 101 103 105 111 124 126 130 134 152 153 160 162
SOL 6 8 15 18 26 29 49 51 60 63 68 70 79 89 98 100 105 108 117 119 139 142 150 153 160 162
SOL 6 8 15 18 29 37 39 51 53 61 70 75 82 86 93 98 107 115 117 129 131 139 150 153 160 162
SOL 6 8 15 20 29 37 39 51 53 61 70 75 82 86 93 98 107 115 117 129 131 139 148 153 160 162
SOL 6 8 15 21 28 31 40 50 57 61 68 77 78 90 91 100 107 111 118 128 137 140 147 153 160 162
SOL 6 8 15 22 26 34 42 44 57 63 65 67 79 89 101 103 105 111 124 126 134 142 146 153 160 162
SOL 6 8 16 17 36 38 40 42 57 59 75 77 79 89 91 93 109 111 126 128 130 132 151 152 160 162
SOL 6 8 16 18 36 38 44 49 53 55 65 73 79 89 95 103 113 115 119 124 130 132 150 152 160 162
SOL 6 8 16 20 37 38 41 42 59 60 65 67 79 89 101 103 108 109 126 127 130 131 148 152 160 162
SOL 6 8 16 21 33 37 42 49 52 53 65 72 80 88 96 103 115 116 119 126 131 135 147 152 160 162
SOL 6 8 16 21 33 38 41 42 53 64 67 72 79 89 96 101 104 115 126 127 130 135 147 152 160 162
SOL 6 8 16 21 37 38 41 42 59 64 67 72 79 89 96 101 104 109 126 127 130 131 147 152 160 162
SOL 6 8 16 23 27 31 44 47 52 53 74 75 78 90 93 94 115 116 121 124 137 141 145 152 160 162
SOL 6 8 16 23 27 31 44 50 52 55 73 75 78 90 93 95 113 116 118 124 137 141 145 152 160 162
SOL 6 8 16 23 27 31 47 50 52 57 74 75 78 90 93 94 111 116 118 121 137 141 145 152 160 162
SOL 6 8 16 24 29 33 40 41 59 64 73 75 78 90 93 95 104 109 127 128 135 139 144 152 160 162
SOL 6 8 16 25 28 34 44 51 57 61 66 67 79 89 101 102 107 111 117 124 134 140 143 152 160 162
SOL 6 8 16 25 31 34 41 42 63 64 72 75 79 89 93 96 104 105 126 127 134 137 143 152 160 162
SOL 6 8 16 25 34 36 42 44 53 57 65 67 79 89 101 103 111 115 124 126 132 134 143 152 160 162
SOL 6 8 16 25 34 38 42 44 53 57 67 75 79 89 93 101 111 115 124 126 130 134 143 152 160 162
SOL 6 8 18 23 26 29 39 41 60 63 68 70 79 89 98 100 105 108 127 129 139 142 145 150 160 162
SOL 6 8 18 23 27 35 39 51 55 63 67 72 82 86 96 101 105 113 117 129 133 141 145 150 160 162
SOL 6 8 20 21 28 38 41 50 53 55 72 77 81 87 91 96 113 115 118 127 130 140 147 148 160 162
SOL 6 8 20 23 27 35 39 51 55 63 67 72 82 86 96 101 105 113 117 129 133 141 145 148 160 162
SOL 6 8 21 23 27 31 40 44 52 55 74 75 78 90 93 94 113 116 124 128 137 141 145 147 160 162
SOL 6 8 21 23 27 31 44 50 52 55 74 75 78 90 93 94 113 116 118 124 137 141 145 147 160 162
SOL 6 8 21 23 29 31 40 50 55 59 65 75 78 90 93 103 109 113 118 128 137 139 145 147 160 162
SOL 6 8 21 24 26 28 41 44 59 61 65 66 81 87 102 103 107 109 124 127 140 142 144 147 160 162
SOL 6 8 22 23 27 31 44 47 52 53 74 75 78 90 93 94 115 116 121 124 137 141 145 146 160 162
SOL 6 8 22 24 26 31 41 42 59 63 65 69 80 88 99 103 105 109 126 127 137 142 144 146 160 162
SOL 6 8 22 25 28 34 40 51 57 61 67 72 79 89 96 101 107 111 117 128 134 140 143 146 160 162
SOL 6 9 14 17 33 36 40 43 52 62 65 74 83 85 94 103 106 116 125 128 132 135 151 154 159 162
SOL 6 9 15 17 27 35 49 51 52 53 70 72 82 86 96 98 115 116 117 119 133 141 151 153 159 162
SOL 6 9 15 17 35 38 47 51 53 54 70 72 79 89 96 98 114 115 117 121 130 133 151 153 159 162
SOL 6 9 15 24 30 31 49 51 52 55 70 76 82 86 92 98 113 116 117 119 137 138 144 153 159 162
SOL 6 9 16 20 36 37 43 46 52 64 73 75 79 89 93 95 104 116 122 125 131 132 148 152 159 162
SOL 6 9 17 20 36 38 41 47 52 55 66 70 79 89 98 102 113 116 121 127 130 132 148 151 159 162
SOL 6 9 17 23 27 30 40 46 61 64 65 70 80 88 98 103 104 107 122 128 138 141 145 151 159 162
SOL 6 9 17 23 27 30 40 46 61 64 70 77 80 88 91 98 104 107 122 128 138 141 145 151 159 162
SOL 6 9 18 21 26 28 41 43 61 64 72 76 79 89 92 96 104 107 125 127 140 142 147 150 159 162
SOL 6 9 20 22 26 37 43 46 52 54 73 75 79 89 93 95 114 116 122 125 131 142 146 148 159 162
SOL 6 10 13 17 33 37 43 46 61 63 67 68 78 90 100 101 105 107 122 125 131 135 151 155 158 162
SOL 6 10 14 17 29 33 40 46 61 64 67 69 78 90 99 101 104 107 122 128 135 139 151 154 158 162
SOL 6 10 14 17 33 36 40 43 59 61 68 77 78 90 91 100 107 109 125 128 132 135 151 154 158 162
SOL 6 11 15 17 26 33 43 46 61 63 67 68 78 90 100 101 105 107 122 125 135 142 151 153 157 162
SOL 6 11 16 18 34 36 41 44 63 64 65 73 81 87 95 103 104 105 124 127 132 134 150 152 157 162
SOL 6 11 16 18 34 36 44 47 63 64 65 67 81 87 101 103 104 105 121 124 132 134 150 152 157 162
SOL 6 11 16 20 30 36 39 43 52 53 74 75 83 85 93 94 115 116 125 129 132 138 148 152 157 162
SOL 6 11 17 20 26 30 41 50 61 64 70 75 81 87 93 98 104 107 118 127 138 142 148 151 157 162
SOL 6 11 17 22 26 31 48 49 63 64 69 70 80 88 98 99 104 105 119 120 137 142 146 151 157 162
SOL 6 12 13 22 28 30 44 46 61 63 67 69 79 89 99 101 105 107 122 124 138 140 146 155 156 162
SOL 6 12 18 21 28 34 41 44 55 63 65 68 79 89 100 103 105 113 124 127 134 140 147 150 156 162
SOL 6 12 18 22 28 34 41 44 61 63 69 77 79 89 91 99 105 107 124 127 134 140 146 150 156 162
SOL 7 8 15 16 32 37 47 51 53 54 70 74 78 90 94 98 114 115 117 121 131 136 152 153 160 161
SOL 7 8 15 21 29 32 48 50 52 53 67 70 78 90 98 101 115 116 118 120 136 139 147 153 160 161
SOL 7 8 16 19 28 34 48 51 54 63 65 66 83 85 102 103 105 114 117 120 134 140 149 152 160 161
SOL 7 8 19 22 28 34 48 51 54 63 65 66 83 85 102 103 105 114 117 120 134 140 146 149 160 161
SOL 7 8 22 23 28 29 39 45 57 60 65 66 79 89 102 103 108 111 123 129 139 140 145 146 160 161
SOL 7 8 22 24 28 30 39 44 61 63 67 71 78 90 97 101 105 107 124 129 138 140 144 146 160 161
SOL 7 9 15 25 27 33 48 49 56 58 65 66 82 86 102 103 110 112 119 120 135 141 143 153 159 161
SOL 7 9 17 19 33 38 48 50 54 64 66 73 80 88 95 102 104 114 118 120 130 135 149 151 159 161
SOL 7 9 19 20 27 36 40 49 52 56 65 73 81 87 95 103 112 116 119 128 132 141 148 149 159 161
SOL 7 9 19 25 28 33 48 50 52 54 73 76 82 86 92 95 114 116 118 120 135 140 143 149 159 161
SOL 7 10 14 17 29 33 43 45 62 64 66 68 78 90 100 102 104 106 123 125 135 139 151 154 158 161
SOL 7 10 14 17 32 35 40 48 52 59 69 75 78 90 93 99 109 116 120 128 133 136 151 154 158 161
SOL 7 10 14 20 35 36 43 45 52 53 69 74 78 90 94 99 115 116 123 125 132 133 148 154 158 161
SOL 7 10 16 19 33 36 40 42 53 64 69 73 78 90 95 99 104 115 126 128 132 135 149 152 158 161
SOL 7 10 17 19 33 37 40 48 52 54 73 74 78 90 94 95 114 116 120 128 131 135 149 151 158 161
SOL 7 10 17 22 28 29 43 45 63 64 72 76 78 90 92 96 104 105 123 125 139 140 146 151 158 161
SOL 7 10 17 24 30 32 49 51 55 64 66 70 81 87 98 102 104 113 117 119 136 138 144 151 158 161
SOL 7 12 19 21 28 29 47 50 57 62 66 68 78 90 100 102 106 111 118 121 139 140 147 149 156 161
SOL 8 9 13 21 28 31 44 50 61 62 66 71 78 90 97 102 106 107 118 124 137 140 147 155 159 160
SOL 8 9 15 18 31 37 41 48 58 64 65 66 82 86 102 103 104 110 120 127 131 137 150 153 159 160
SOL 8 9 18 24 35 38 43 45 53 54 70 77 80 88 91 98 114 115 123 125 130 133 144 150 159 160
SOL 8 9 18 25 32 38 47 48 53 54 67 70 79 89 98 101 114 115 120 121 130 136 143 150 159 160
SOL 8 10 15 19 31 34 39 40 57 61 66 68 78 90 100 102 107 111 128 129 134 137 149 153 158 160
SOL 8 10 17 19 29 31 40 42 63 64 72 75 78 90 93 96 104 105 126 128 137 139 149 151 158 160
SOL 8 10 18 22 30 32 48 51 53 59 75 77 79 89 91 93 109 115 117 120 136 138 146 150 158 160
SOL 8 10 19 23 29 31 40 42 63 64 72 73 78 90 95 96 104 105 126 128 137 139 145 149 158 160
SOL 8 11 19 21 29 33 40 42 62 64 67 72 78 90 96 101 104 106 126 128 135 139 147 149 157 160
SOL 8 12 16 18 32 34 39 41 55 63 70 75 79 89 93 98 105 113 127 129 134 136 150 152 156 160
SOL 9 10 17 19 27 30 46 49 53 61 72 77 78 90 91 96 107 115 119 122 138 141 149 151 158 159
SOL 9 10 17 19 27 30 49 51 53 61 70 72 78 90 96 98 107 115 117 119 138 141 149 151 158 159
SOL 9 10 17 19 27 35 46 49 52 56 72 76 78 90 92 96 112 116 119 122 133 141 149 151 158 159
SOL 9 11 16 19 28 31 47 50 62 64 69 72 78 90 96 99 104 106 118 121 137 140 149 152 157 159
SOL 9 11 18 19 28 31 40 47 62 64 68 69 78 90 99 100 104 106 121 128 137 140 149 150 157 159
SOL 9 11 18 20 28 35 43 45 52 54 76 77 82 86 91 92 114 116 123 125 133 140 148 150 157 159
SOL 9 11 18 23 29 31 43 45 62 64 65 66 82 86 102 103 104 106 123 125 137 139 145 150 157 159
SOL 9 12 19 20 35 37 43 46 52 54 75 76 82 86 92 93 114 116 122 125 131 133 148 149 156 159
SOL 10 11 17 19 30 31 48 51 61 64 66 70 80 88 98 102 104 107 117 120 137 138 149 151 157 158
SOL 10 11 17 19 31 33 40 42 62 64 68 69 78 90 99 100 104 106 126 128 135 137 149 151 157 158
TRACE n=13 group=rot2 order=1 nodes=2294863 solutions=330 seconds=4.72 complete=1
