SOL 0 5 26 28 40 46 55 65 76 81 99 101 103 115 120 128 142 146 160 168 173 185 187 189 207 212 223 233 242 248 260 262 283 288
SOL 0 6 26 28 38 48 53 59 78 84 88 94 107 115 131 134 137 151 154 157 173 181 194 200 204 210 229 235 240 250 260 262 282 288
SOL 0 6 26 28 38 48 59 65 78 84 88 94 107 115 131 134 137 151 154 157 173 181 194 200 204 210 223 229 240 250 260 262 282 288
SOL 0 6 27 28 38 46 59 62 71 83 88 99 111 116 119 120 143 145 168 169 172 177 189 200 205 217 226 229 242 250 260 261 282 288
SOL 0 7 24 29 44 45 55 56 70 82 98 100 102 117 127 129 139 149 159 161 171 186 188 190 206 218 232 233 243 244 259 264 281 288
SOL 0 9 23 29 38 44 56 64 73 77 86 87 117 118 127 132 138 150 156 161 170 171 201 202 211 215 224 232 244 250 259 265 279 288
SOL 0 10 22 27 39 42 60 64 70 83 88 89 103 116 131 135 143 145 153 157 172 185 199 200 205 218 224 228 246 249 261 266 278 288
SOL 0 11 23 24 45 47 61 63 71 82 85 100 104 110 128 134 140 148 154 160 178 184 188 203 206 217 225 227 241 243 264 265 277 288
SOL 0 12 25 26 37 48 56 61 70 77 91 100 102 114 130 134 139 149 154 158 174 186 188 197 211 218 227 232 240 251 262 263 276 288
SOL 0 12 25 26 47 48 56 61 70 77 91 100 102 114 130 134 139 149 154 158 174 186 188 197 211 218 227 232 240 241 262 263 276 288
SOL 1 4 21 28 42 44 65 66 68 82 90 91 111 115 119 128 139 149 160 169 173 177 197 198 206 220 222 223 244 246 260 267 284 287
SOL 1 5 28 29 40 41 58 64 70 74 93 97 102 117 132 133 136 152 155 156 171 186 191 195 214 218 224 230 247 248 259 260 283 287
SOL 1 6 20 23 38 50 60 64 76 79 99 101 103 104 123 126 141 147 162 165 184 185 187 189 209 212 224 228 238 250 265 268 282 287
SOL 1 6 21 31 43 48 57 63 73 77 86 98 110 118 124 132 136 152 156 164 170 178 190 202 211 215 225 231 240 245 257 267 282 287
SOL 1 6 23 28 34 43 59 65 72 81 86 87 109 114 122 124 136 152 164 166 174 179 201 202 207 216 223 229 245 254 260 265 282 287
SOL 1 6 23 29 39 43 53 59 81 82 86 92 114 118 122 124 136 152 164 166 170 174 196 202 206 207 229 235 245 249 259 265 282 287
SOL 1 6 23 29 39 43 59 65 81 82 86 92 114 118 122 124 136 152 164 166 170 174 196 202 206 207 223 229 245 249 259 265 282 287
SOL 1 6 24 25 38 45 55 64 69 81 94 95 116 118 119 121 141 147 167 169 170 172 193 194 207 219 224 233 243 250 263 264 282 287
SOL 1 6 25 27 45 50 54 58 69 80 88 92 114 116 119 121 141 147 167 169 172 174 196 200 208 219 230 234 238 243 261 263 282 287
SOL 1 7 22 30 38 48 51 61 72 76 85 98 103 109 124 129 138 150 159 164 179 185 190 203 212 216 227 237 240 250 258 266 281 287
SOL 1 7 23 28 37 46 59 65 74 79 86 101 114 116 122 128 136 152 160 166 172 174 187 202 209 214 223 229 242 251 260 265 281 287
SOL 1 8 21 27 43 48 60 67 73 74 85 98 104 106 130 132 137 151 156 158 182 184 190 203 214 215 221 228 240 245 261 267 280 287
SOL 1 8 26 28 40 47 55 60 69 82 96 99 105 106 119 135 142 146 153 169 182 183 189 192 206 219 228 233 241 248 260 262 280 287
SOL 1 8 27 28 38 47 54 60 74 77 97 101 103 104 130 135 138 150 153 158 184 185 187 191 211 214 228 234 241 250 260 261 280 287
SOL 1 9 20 28 36 46 57 67 76 80 88 101 111 117 125 130 138 150 158 163 171 177 187 200 208 212 221 231 242 252 260 268 279 287
SOL 1 9 21 25 45 48 54 66 74 77 91 97 104 118 130 132 136 152 156 158 170 184 191 197 211 214 222 234 240 243 263 267 279 287
SOL 1 9 23 26 36 46 56 65 68 78 93 97 105 117 124 132 136 152 156 164 171 183 191 195 210 220 223 232 242 252 262 265 279 287
SOL 1 10 20 23 38 50 60 64 76 79 99 101 103 104 123 126 141 147 162 165 184 185 187 189 209 212 224 228 238 250 265 268 278 287
SOL 1 10 22 25 47 48 60 61 69 71 90 94 114 116 131 135 136 152 153 157 172 174 194 198 217 219 227 228 240 241 263 266 278 287
SOL 1 10 22 31 38 48 59 62 74 83 85 94 111 115 123 132 136 152 156 165 173 177 194 203 205 214 226 229 240 250 257 266 278 287
SOL 1 10 23 25 34 38 60 64 72 83 94 98 104 107 133 135 141 147 153 155 181 184 190 194 205 216 224 228 250 254 263 265 278 287
SOL 1 10 23 26 38 50 59 60 69 72 98 99 104 107 132 135 141 147 153 156 181 184 189 190 216 219 228 229 238 250 262 265 278 287
SOL 1 10 23 29 41 47 63 66 71 75 90 96 104 110 133 135 136 152 153 155 178 184 192 198 213 217 222 225 241 247 259 265 278 287
SOL 1 10 24 26 37 40 63 67 76 84 96 97 103 105 121 133 141 147 155 167 183 185 191 192 204 212 221 225 248 251 262 264 278 287
SOL 1 10 24 29 41 44 54 63 70 71 96 100 110 113 133 135 136 152 153 155 175 178 188 192 217 218 225 234 244 247 259 264 278 287
SOL 1 10 29 31 41 45 55 58 79 84 86 88 108 110 133 135 139 149 153 155 178 180 200 202 204 209 230 233 243 247 257 259 278 287
SOL 1 11 19 25 44 47 54 60 69 74 96 99 106 111 131 135 136 152 153 157 177 182 189 192 214 219 228 234 241 244 263 269 277 287
SOL 1 11 20 24 44 50 59 63 72 78 87 99 113 118 122 128 137 151 160 166 170 175 189 201 210 216 225 229 238 244 264 268 277 287
SOL 1 11 24 27 38 41 64 67 78 83 87 90 110 116 119 122 140 148 166 169 172 178 198 201 205 210 221 224 247 250 261 264 277 287
SOL 1 13 23 26 36 49 56 60 81 82 91 93 114 118 123 124 136 152 164 165 170 174 195 197 206 207 228 232 239 252 262 265 275 287
SOL 1 13 24 25 38 50 57 58 79 80 85 87 107 116 120 122 142 146 166 168 172 181 201 203 208 209 230 231 238 250 263 264 275 287
SOL 2 3 23 25 38 46 58 61 69 71 85 96 109 117 130 135 138 150 153 158 171 179 192 203 217 219 227 230 242 250 263 265 285 286
SOL 2 3 23 25 38 46 58 61 69 71 96 101 109 117 130 135 138 150 153 158 171 179 187 192 217 219 227 230 242 250 263 265 285 286
SOL 2 3 24 28 42 44 54 63 68 80 86 95 109 117 119 121 141 147 167 169 171 179 193 202 208 220 225 234 244 246 260 264 285 286
SOL 2 4 25 26 38 45 58 66 79 81 85 101 108 116 120 125 139 149 163 168 172 180 187 203 207 209 222 230 243 250 262 263 284 286
SOL 2 4 26 27 38 43 64 66 68 71 93 100 108 113 119 121 141 147 167 169 175 180 188 195 217 220 222 224 245 250 261 262 284 286
SOL 2 5 24 29 37 39 57 58 80 84 86 91 110 116 119 120 139 149 168 169 172 178 197 202 204 208 230 231 249 251 259 264 283 286
SOL 2 5 24 29 37 45 57 58 80 84 86 91 110 116 119 120 139 149 168 169 172 178 197 202 204 208 230 231 243 251 259 264 283 286
SOL 2 5 24 29 39 47 57 58 80 84 86 91 110 116 119 120 139 149 168 169 172 178 197 202 204 208 230 231 241 249 259 264 283 286
SOL 2 5 24 29 45 47 57 58 80 84 86 91 110 116 119 120 139 149 168 169 172 178 197 202 204 208 230 231 241 243 259 264 283 286
SOL 2 5 25 27 44 46 53 55 68 81 86 92 113 115 120 126 136 152 162 168 173 175 196 202 207 220 233 235 242 244 261 263 283 286
SOL 2 5 25 28 40 46 57 58 69 80 99 101 102 115 120 126 139 149 162 168 173 186 187 189 208 219 230 231 242 248 260 263 283 286
SOL 2 5 25 29 39 44 58 64 70 75 95 97 102 117 120 122 136 152 166 168 171 186 191 193 213 218 224 230 244 249 259 263 283 286
SOL 2 5 26 28 40 46 55 57 69 76 99 101 102 115 120 128 139 149 160 168 173 186 187 189 212 219 231 233 242 248 260 262 283 286
SOL 2 5 26 29 45 49 55 57 76 84 91 98 102 104 120 128 139 149 160 168 184 186 190 197 204 212 231 233 239 243 259 262 283 286
SOL 2 5 27 33 39 44 54 66 77 82 89 93 102 117 122 128 140 148 160 166 171 186 195 199 206 211 222 234 244 249 255 261 283 286
SOL 2 5 27 33 39 44 54 66 77 82 89 93 117 118 122 128 140 148 160 166 170 171 195 199 206 211 222 234 244 249 255 261 283 286
SOL 2 6 21 28 43 47 57 63 68 77 99 100 102 110 130 134 139 149 154 158 178 186 188 189 211 220 225 231 241 245 260 267 282 286
SOL 2 6 23 32 42 50 54 58 68 79 88 89 109 117 121 123 141 147 165 167 171 179 199 200 209 220 230 234 238 246 256 265 282 286
SOL 2 6 24 27 39 43 52 64 68 83 89 90 115 118 121 127 140 148 161 167 170 173 198 199 205 220 224 236 245 249 261 264 282 286
SOL 2 6 25 30 45 46 56 57 80 81 85 86 104 109 119 134 143 145 154 169 179 184 202 203 207 208 231 232 242 243 258 263 282 286
SOL 2 6 25 33 39 45 60 66 71 80 85 91 104 106 126 134 139 149 154 162 182 184 197 203 208 217 222 228 243 249 255 263 282 286
SOL 2 7 20 29 44 45 51 57 68 82 90 100 114 117 122 127 143 145 161 166 171 174 188 198 206 220 231 237 243 244 259 268 281 286
SOL 2 7 23 25 37 47 56 66 77 83 91 96 104 118 123 135 140 148 153 165 170 184 192 197 205 211 222 232 241 251 263 265 281 286
SOL 2 7 23 26 35 46 61 63 82 84 86 90 102 105 127 132 141 147 156 161 183 186 198 202 204 206 225 227 242 253 262 265 281 286
SOL 2 7 23 29 38 42 64 66 75 79 85 100 104 107 125 132 136 152 156 163 181 184 188 203 209 213 222 224 246 250 259 265 281 286
SOL 2 7 24 29 44 49 55 67 76 82 88 90 102 117 129 130 139 149 158 159 171 186 198 200 206 212 221 233 239 244 259 264 281 286
SOL 2 7 25 27 38 45 57 62 80 84 85 100 104 109 120 122 139 149 166 168 179 184 188 203 204 208 226 231 243 250 261 263 281 286
SOL 2 7 26 28 38 42 53 61 72 81 86 100 105 113 125 135 136 152 153 163 175 183 188 202 207 216 227 235 246 250 260 262 281 286
SOL 2 7 27 32 37 40 62 63 68 75 85 100 105 114 124 127 138 150 161 164 174 183 188 203 213 220 225 226 248 251 256 261 281 286
SOL 2 7 28 30 46 47 53 57 79 80 92 93 102 103 120 125 136 152 163 168 185 186 195 196 208 209 231 235 241 242 258 260 281 286
SOL 2 7 29 33 39 44 56 58 80 82 93 95 102 117 120 122 139 149 166 168 171 186 193 195 206 208 230 232 244 249 255 259 281 286
SOL 2 8 17 22 39 47 58 63 72 78 92 100 102 103 125 133 139 149 155 163 185 186 188 196 210 216 225 230 241 249 266 271 280 286
SOL 2 8 19 29 39 41 54 62 75 81 85 97 112 118 120 125 137 151 163 168 170 176 191 203 207 213 226 234 247 249 259 269 280 286
SOL 2 8 22 24 37 49 55 61 69 84 95 96 116 118 123 126 139 149 162 165 170 172 192 193 204 219 227 233 239 251 264 266 280 286
SOL 2 8 22 24 47 50 55 57 68 70 96 98 103 109 129 131 137 151 157 159 179 185 190 192 218 220 231 233 238 241 264 266 280 286
SOL 2 8 23 32 41 45 54 56 69 75 97 98 114 118 119 125 138 150 163 169 170 174 190 191 213 219 232 234 243 247 256 265 280 286
SOL 2 8 27 28 40 47 51 55 77 83 94 98 103 118 123 124 138 150 164 165 170 185 190 194 205 211 233 237 241 248 260 261 280 286
SOL 2 9 17 29 40 43 62 64 70 72 91 93 103 118 130 132 137 151 156 158 170 185 195 197 216 218 224 226 245 248 259 271 279 286
SOL 2 9 22 25 37 43 63 67 78 80 87 100 102 103 124 129 139 149 159 164 185 186 188 201 208 210 221 225 245 251 263 266 279 286
SOL 2 9 23 26 35 46 61 63 82 84 86 90 102 105 127 132 141 147 156 161 183 186 198 202 204 206 225 227 242 253 262 265 279 286
SOL 2 9 25 27 38 39 64 66 77 84 95 97 102 104 120 122 141 147 166 168 184 186 191 193 204 211 222 224 249 250 261 263 279 286
SOL 2 9 27 29 36 47 51 55 75 78 96 100 110 113 122 134 136 152 154 166 175 178 188 192 210 213 233 237 241 252 259 261 279 286
SOL 2 9 29 33 40 43 62 64 72 74 87 93 103 118 130 132 137 151 156 158 170 185 195 201 214 216 224 226 245 248 255 259 279 286
SOL 2 10 23 29 41 46 51 52 68 83 90 96 105 116 127 132 143 145 156 161 172 183 192 198 205 220 236 237 242 247 259 265 278 286
SOL 2 10 24 25 37 39 63 67 80 83 87 95 102 117 124 126 139 149 162 164 171 186 193 201 205 208 221 225 249 251 263 264 278 286
SOL 2 10 24 28 39 42 65 66 72 81 85 94 112 115 131 135 137 151 153 157 173 176 194 203 207 216 222 223 246 249 260 264 278 286
SOL 2 10 25 30 41 46 53 56 68 83 90 97 109 117 129 132 136 152 156 159 171 179 191 198 205 220 232 235 242 247 258 263 278 286
SOL 2 10 26 30 35 46 59 63 81 84 87 101 109 112 120 124 141 147 164 168 176 179 187 201 204 207 225 229 242 253 258 262 278 286
SOL 2 11 24 30 38 47 59 63 82 84 86 90 109 112 119 125 137 151 163 169 176 179 198 202 204 206 225 229 241 250 258 264 277 286
SOL 2 11 26 33 40 45 51 60 72 82 89 95 110 115 132 134 137 151 154 156 173 178 193 199 206 216 228 237 243 248 255 262 277 286
SOL 2 12 18 23 43 50 62 64 77 79 89 93 117 118 129 132 138 150 156 159 170 171 195 199 209 211 224 226 238 245 265 270 276 286
SOL 2 12 22 24 39 47 53 59 72 75 98 100 112 118 119 125 137 151 163 169 170 176 188 190 213 216 229 235 241 249 264 266 276 286
SOL 2 12 24 27 44 49 58 66 71 80 88 93 113 118 121 135 141 147 153 167 170 175 195 200 208 217 222 230 239 244 261 264 276 286
SOL 2 12 25 26 39 46 60 65 69 71 85 90 115 117 125 135 142 146 153 163 171 173 198 203 217 219 223 228 242 249 262 263 276 286
SOL 2 12 25 27 46 50 53 56 75 81 90 100 109 115 129 134 136 152 154 159 173 179 188 198 207 213 232 235 238 242 261 263 276 286
SOL 2 13 20 26 42 44 57 66 68 83 85 89 107 113 126 133 140 148 155 162 175 181 199 203 205 220 222 231 244 246 262 268 275 286
SOL 2 13 24 25 44 47 55 57 68 72 92 96 103 118 133 134 141 147 154 155 170 185 192 196 216 220 231 233 241 244 263 264 275 286
SOL 3 4 19 25 37 41 52 62 75 84 95 97 112 118 120 124 138 150 164 168 170 176 191 193 204 213 226 236 247 251 263 269 284 285
SOL 3 4 19 27 41 44 62 66 70 76 96 101 105 106 119 120 143 145 168 169 182 183 187 192 212 218 222 226 244 247 261 269 284 285
SOL 3 4 20 29 34 44 57 60 82 83 90 96 103 118 121 127 143 145 161 167 170 185 192 198 205 206 228 231 244 254 259 268 284 285
SOL 3 4 24 25 36 37 57 62 82 83 85 95 106 118 120 124 143 145 164 168 170 182 193 203 205 206 226 231 251 252 263 264 284 285
SOL 3 4 25 26 37 45 52 63 79 84 91 94 116 118 120 121 142 146 167 168 170 172 194 197 204 209 225 236 243 251 262 263 284 285
SOL 3 4 27 28 34 46 52 58 78 83 90 99 105 116 119 127 143 145 161 169 172 183 189 198 205 210 230 236 242 254 260 261 284 285
SOL 3 4 27 33 41 43 61 65 71 73 90 93 102 116 120 134 140 148 154 168 172 186 195 198 215 217 223 227 245 247 255 261 284 285
SOL 3 5 17 23 42 48 62 66 70 72 86 92 111 115 119 125 140 148 163 169 173 177 196 202 216 218 222 226 240 246 265 271 283 285
SOL 3 5 19 24 42 46 56 58 82 83 85 91 112 115 123 135 137 151 153 165 173 176 197 203 205 206 230 232 242 246 264 269 283 285
SOL 3 5 21 26 45 48 58 61 72 84 98 100 102 103 127 133 142 146 155 161 185 186 188 190 204 216 227 230 240 243 262 267 283 285
SOL 3 5 23 33 42 48 62 66 70 72 86 92 111 115 119 125 140 148 163 169 173 177 196 202 216 218 222 226 240 246 255 265 283 285
SOL 3 5 24 26 36 46 61 63 68 74 99 101 105 107 120 127 137 151 161 168 181 183 187 189 214 220 225 227 242 252 262 264 283 285
SOL 3 5 24 29 36 39 53 63 68 76 92 95 115 117 119 120 142 146 168 169 171 173 193 196 212 220 225 235 249 252 259 264 283 285
SOL 3 5 26 27 46 48 51 52 78 79 92 99 102 115 127 134 140 148 154 161 173 186 189 196 209 210 236 237 240 242 261 262 283 285
SOL 3 5 26 29 36 39 53 63 68 76 92 95 115 117 119 120 142 146 168 169 171 173 193 196 212 220 225 235 249 252 259 262 283 285
SOL 3 5 26 29 43 44 65 66 82 84 88 91 102 106 120 127 141 147 161 168 182 186 197 200 204 206 222 223 244 245 259 262 283 285
SOL 3 5 27 29 37 48 56 58 76 83 92 97 102 103 119 129 138 150 159 169 185 186 191 196 205 212 230 232 240 251 259 261 283 285
SOL 3 5 27 32 41 46 52 58 68 78 97 99 105 107 119 127 138 150 161 169 181 183 189 191 210 220 230 236 242 247 256 261 283 285
SOL 3 6 18 26 43 45 55 67 79 81 87 89 110 118 120 121 142 146 167 168 170 178 199 201 207 209 221 233 243 245 262 270 282 285
SOL 3 6 20 26 45 48 51 61 76 82 85 97 114 117 124 134 143 145 154 164 171 174 191 203 206 212 227 237 240 243 262 268 282 285
SOL 3 6 20 28 38 43 53 59 69 72 94 99 113 118 125 134 136 152 154 163 170 175 189 194 216 219 229 235 245 250 260 268 282 285
SOL 3 6 21 27 41 45 53 59 82 83 86 92 114 118 122 124 136 152 164 166 170 174 196 202 205 206 229 235 243 247 261 267 282 285
SOL 3 6 22 28 43 48 52 57 76 81 89 99 106 118 119 120 143 145 168 169 170 182 189 199 207 212 231 236 240 245 260 266 282 285
SOL 3 6 26 27 38 47 56 59 79 83 87 94 116 118 119 120 140 148 168 169 170 172 194 201 205 209 229 232 241 250 261 262 282 285
SOL 3 6 26 32 43 45 55 67 79 81 87 89 110 118 120 121 142 146 167 168 170 178 199 201 207 209 221 233 243 245 256 262 282 285
SOL 3 6 27 31 42 46 54 56 68 83 94 97 116 117 119 128 141 147 160 169 171 172 191 194 205 220 232 234 242 246 257 261 282 285
SOL 3 7 20 26 39 42 63 66 79 82 86 91 102 104 125 131 136 152 157 163 184 186 197 202 206 209 222 225 246 249 262 268 281 285
SOL 3 7 23 29 46 48 54 56 68 74 86 99 107 111 127 135 137 151 153 161 177 181 189 202 214 220 232 234 240 242 259 265 281 285
SOL 3 7 23 29 46 49 54 57 73 76 99 101 102 117 124 128 138 150 160 164 171 186 187 189 212 215 231 234 239 242 259 265 281 285
SOL 3 7 24 27 35 39 53 63 78 80 85 101 110 116 122 124 137 151 164 166 172 178 187 203 208 210 225 235 249 253 261 264 281 285
SOL 3 7 24 27 39 49 53 63 78 80 85 101 110 116 122 124 137 151 164 166 172 178 187 203 208 210 225 235 239 249 261 264 281 285
SOL 3 7 24 29 40 48 59 63 82 84 86 95 107 118 132 134 141 147 154 156 170 181 193 202 204 206 225 229 240 248 259 264 281 285
SOL 3 7 26 29 40 48 59 63 82 84 86 95 107 118 120 132 141 147 156 168 170 181 193 202 204 206 225 229 240 248 259 262 281 285
SOL 3 7 27 29 35 41 59 65 70 71 96 97 102 108 124 134 136 152 154 164 180 186 191 192 217 218 223 229 247 253 259 261 281 285
SOL 3 7 27 29 35 41 59 65 70 71 96 97 108 118 124 134 136 152 154 164 170 180 191 192 217 218 223 229 247 253 259 261 281 285
SOL 3 7 27 31 37 44 53 58 68 83 97 101 110 114 124 134 141 147 154 164 174 178 187 191 205 220 230 235 244 251 257 261 281 285
SOL 3 8 21 27 44 45 52 60 70 71 85 86 114 118 130 133 143 145 155 158 170 174 202 203 217 218 228 236 243 244 261 267 280 285
SOL 3 8 21 28 41 44 52 64 68 78 89 99 102 103 130 133 143 145 155 158 185 186 189 199 210 220 224 236 244 247 260 267 280 285
SOL 3 8 22 27 39 47 52 58 78 82 99 100 102 106 119 131 143 145 157 169 182 186 188 189 206 210 230 236 241 249 261 266 280 285
SOL 3 8 22 27 45 47 52 53 72 75 85 95 109 114 119 134 138 150 154 169 174 179 193 203 213 216 235 236 241 243 261 266 280 285
SOL 3 8 22 28 43 44 51 61 81 82 86 89 106 109 120 135 138 150 153 168 179 182 199 202 206 207 227 237 244 245 260 266 280 285
SOL 3 8 23 29 37 45 52 55 69 84 92 95 104 118 126 130 138 150 158 162 170 184 193 196 204 219 233 236 243 251 259 265 280 285
SOL 3 8 23 29 44 45 52 60 70 71 86 101 114 118 130 133 143 145 155 158 170 174 187 202 217 218 228 236 243 244 259 265 280 285
SOL 3 8 23 29 45 47 52 55 69 84 92 95 104 118 126 130 138 150 158 162 170 184 193 196 204 219 233 236 241 243 259 265 280 285
SOL 3 8 23 29 45 48 58 60 69 81 100 101 106 107 119 121 142 146 167 169 181 182 187 188 207 219 228 230 240 243 259 265 280 285
SOL 3 8 26 28 34 36 58 65 71 83 95 96 114 117 123 135 142 146 153 165 171 174 192 193 205 217 223 230 252 254 260 262 280 285
SOL 3 8 27 28 36 41 57 66 70 71 96 97 114 118 119 134 143 145 154 169 170 174 191 192 217 218 222 231 247 252 260 261 280 285
SOL 3 8 27 28 37 43 52 61 72 82 85 86 106 109 130 135 138 150 153 158 179 182 202 203 206 216 227 236 245 251 260 261 280 285
SOL 3 8 27 28 37 43 52 67 72 82 85 86 106 109 129 130 138 150 158 159 179 182 202 203 206 216 221 236 245 251 260 261 280 285
SOL 3 8 27 28 41 45 57 67 70 71 97 100 104 114 119 134 143 145 154 169 174 184 188 191 217 218 221 231 243 247 260 261 280 285
SOL 3 8 27 28 45 47 52 53 72 75 85 95 109 114 119 134 138 150 154 169 174 179 193 203 213 216 235 236 241 243 260 261 280 285
SOL 3 8 27 31 37 43 60 67 73 74 85 100 104 106 130 131 137 151 157 158 182 184 188 203 214 215 221 228 245 251 257 261 280 285
SOL 3 9 18 26 39 42 55 63 79 82 86 88 102 112 125 133 136 152 155 163 176 186 200 202 206 209 225 233 246 249 262 270 279 285
SOL 3 9 21 33 40 45 54 60 76 82 85 96 103 106 133 134 142 146 154 155 182 185 192 203 206 212 228 234 243 248 255 267 279 285
SOL 3 9 22 24 42 46 51 63 73 74 86 100 115 116 125 133 136 152 155 163 172 173 188 202 214 215 225 237 242 246 264 266 279 285
SOL 3 9 22 24 44 46 63 67 73 74 86 87 103 115 127 133 136 152 155 161 173 185 201 202 214 215 221 225 242 244 264 266 279 285
SOL 3 9 22 29 39 42 52 64 77 84 91 97 104 118 120 133 142 146 155 168 170 184 191 197 204 211 224 236 246 249 259 266 279 285
SOL 3 9 22 29 39 42 64 66 77 84 91 97 104 118 120 133 142 146 155 168 170 184 191 197 204 211 222 224 246 249 259 266 279 285
SOL 3 9 23 26 45 46 54 65 76 79 86 89 116 118 119 120 142 146 168 169 170 172 199 202 209 212 223 234 242 243 262 265 279 285
SOL 3 9 23 29 40 46 52 60 69 84 85 90 107 115 127 133 138 150 155 161 173 181 198 203 204 219 228 236 242 248 259 265 279 285
SOL 3 9 23 29 40 46 60 66 69 84 85 90 107 115 127 133 138 150 155 161 173 181 198 203 204 219 222 228 242 248 259 265 279 285
SOL 3 9 25 27 37 39 56 60 70 82 86 91 114 118 119 134 140 148 154 169 170 174 197 202 206 218 228 232 249 251 261 263 279 285
SOL 3 10 19 23 38 50 59 62 69 81 92 96 104 109 134 135 140 148 153 154 179 184 192 196 207 219 226 229 238 250 265 269 278 285
SOL 3 10 21 23 45 50 59 65 71 72 94 99 102 107 128 134 137 151 154 160 181 186 189 194 216 217 223 229 238 243 265 267 278 285
SOL 3 10 21 25 41 44 53 66 71 83 97 99 102 113 124 126 136 152 162 164 175 186 189 191 205 217 222 235 244 247 263 267 278 285
SOL 3 10 21 25 41 44 53 66 71 83 97 99 113 118 124 126 136 152 162 164 170 175 189 191 205 217 222 235 244 247 263 267 278 285
SOL 3 10 21 27 41 45 53 59 70 71 94 100 102 106 120 130 136 152 158 168 182 186 188 194 217 218 229 235 243 247 261 267 278 285
SOL 3 10 21 27 41 45 59 65 70 71 94 100 102 106 120 130 136 152 158 168 182 186 188 194 217 218 223 229 243 247 261 267 278 285
SOL 3 10 22 25 44 46 58 62 83 84 87 89 102 103 128 133 139 149 155 160 185 186 199 201 204 205 226 230 242 244 263 266 278 285
SOL 3 10 22 26 44 48 52 56 76 82 85 89 114 115 120 135 143 145 153 168 173 174 199 203 206 212 232 236 240 244 262 266 278 285
SOL 3 10 22 27 45 50 59 65 71 72 94 100 106 109 119 121 137 151 167 169 179 182 188 194 216 217 223 229 238 243 261 266 278 285
SOL 3 10 23 24 46 49 54 60 73 76 99 101 104 107 119 131 137 151 157 169 181 184 187 189 212 215 228 234 239 242 264 265 278 285
SOL 3 10 23 28 42 48 52 55 79 84 86 88 109 111 131 133 136 152 155 157 177 179 200 202 204 209 233 236 240 246 260 265 278 285
SOL 3 10 23 29 34 42 62 65 71 75 92 100 104 117 130 131 136 152 157 158 171 184 188 196 213 217 223 226 246 254 259 265 278 285
SOL 3 10 24 26 44 46 54 65 73 76 99 101 103 107 119 131 137 151 157 169 181 185 187 189 212 215 223 234 242 244 262 264 278 285
SOL 3 10 26 27 37 38 55 66 76 79 99 101 102 104 120 128 141 147 160 168 184 186 187 189 209 212 222 233 250 251 261 262 278 285
SOL 3 10 27 29 39 41 59 65 70 71 94 100 102 106 120 130 136 152 158 168 182 186 188 194 217 218 223 229 247 249 259 261 278 285
SOL 3 10 27 29 41 45 59 65 70 71 94 100 102 106 120 130 136 152 158 168 182 186 188 194 217 218 223 229 243 247 259 261 278 285
SOL 3 10 28 31 42 44 52 55 75 79 86 88 102 109 131 133 136 152 155 157 179 186 200 202 209 213 233 236 244 246 257 260 278 285
SOL 3 10 28 31 42 44 63 66 71 75 86 96 104 109 131 135 136 152 153 157 179 184 192 202 213 217 222 225 244 246 257 260 278 285
SOL 3 11 22 24 35 38 61 64 76 83 87 89 116 118 119 126 142 146 162 169 170 172 199 201 205 212 224 227 250 253 264 266 277 285
SOL 3 11 22 25 35 44 65 67 75 78 92 97 103 114 121 122 136 152 166 167 174 185 191 196 210 213 221 223 244 253 263 266 277 285
SOL 3 11 23 26 37 45 55 61 69 72 92 101 110 116 120 135 138 150 153 168 172 178 187 196 216 219 227 233 243 251 262 265 277 285
SOL 3 11 23 31 38 42 62 65 78 84 86 100 105 109 128 131 136 152 157 160 179 183 188 202 204 210 223 226 246 250 257 265 277 285
SOL 3 11 24 25 38 44 60 62 72 83 85 87 103 118 122 133 142 146 155 166 170 185 201 203 205 216 226 228 244 250 263 264 277 285
SOL 3 11 25 29 40 48 60 66 71 74 97 99 103 118 124 126 136 152 162 164 170 185 189 191 214 217 222 228 240 248 259 263 277 285
SOL 3 11 25 33 36 44 56 58 78 83 92 97 103 114 121 122 136 152 166 167 174 185 191 196 205 210 230 232 244 252 255 263 277 285
SOL 3 11 28 30 38 42 65 67 78 80 86 92 103 109 121 129 136 152 159 167 179 185 196 202 208 210 221 223 246 250 258 260 277 285
SOL 3 12 24 25 46 48 54 60 70 73 91 101 103 113 119 134 142 146 154 169 175 185 187 197 215 218 228 234 240 242 263 264 276 285
SOL 3 12 25 26 37 46 52 65 74 79 94 101 104 108 120 135 141 147 153 168 180 184 187 194 209 214 223 236 242 251 262 263 276 285
SOL 3 13 23 24 46 49 59 62 70 73 91 92 104 118 134 135 140 148 153 154 170 184 196 197 215 218 226 229 239 242 264 265 275 285
SOL 3 13 26 27 35 38 56 59 79 82 94 95 102 116 119 120 140 148 168 169 172 186 193 194 206 209 229 232 250 253 261 262 275 285
SOL 3 14 24 30 40 42 52 61 69 84 97 101 107 113 121 128 140 148 160 167 175 181 187 191 204 219 227 236 246 248 258 264 274 285
SOL 3 14 25 26 37 40 61 63 80 84 90 94 102 117 120 121 141 147 167 168 171 186 194 198 204 208 225 227 248 251 262 263 274 285
SOL 3 15 24 27 35 48 58 62 70 71 93 95 102 106 130 131 136 152 157 158 182 186 193 195 217 218 226 230 240 253 261 264 273 285
SOL 3 15 25 26 34 46 60 61 72 73 99 101 104 113 132 134 142 146 154 156 175 184 187 189 215 216 227 228 242 254 262 263 273 285
SOL 4 5 19 31 37 44 59 63 75 78 88 100 102 118 126 134 141 147 154 162 170 186 188 200 210 213 225 229 244 251 257 269 283 284
SOL 4 5 23 27 46 47 56 64 69 83 92 93 104 116 119 135 143 145 153 169 172 184 195 196 205 219 224 232 241 242 261 265 283 284
SOL 4 5 25 28 43 44 54 55 68 69 98 99 102 117 121 128 142 146 160 167 171 186 189 190 219 220 233 234 244 245 260 263 283 284
SOL 4 5 26 31 42 45 52 55 70 71 94 100 102 108 129 135 139 149 153 159 180 186 188 194 217 218 233 236 243 246 257 262 283 284
SOL 4 5 26 31 45 50 52 55 70 71 93 94 102 108 120 129 139 149 159 168 180 186 194 195 217 218 233 236 238 243 257 262 283 284
SOL 4 5 27 31 40 42 55 60 82 84 88 98 103 107 128 135 137 151 153 160 181 185 190 200 204 206 228 233 246 248 257 261 283 284
SOL 4 5 28 32 34 42 53 57 78 81 92 98 104 117 119 123 143 145 165 169 171 184 190 196 207 210 231 235 246 254 256 260 283 284
SOL 4 5 29 30 34 43 52 67 73 76 91 95 105 116 126 134 138 150 154 162 172 183 193 197 212 215 221 236 245 254 258 259 283 284
SOL 4 5 30 32 44 47 52 57 73 76 99 101 106 111 119 126 138 150 162 169 177 182 187 189 212 215 231 236 241 244 256 258 283 284
SOL 4 6 19 23 41 45 64 65 68 71 93 97 102 117 124 126 137 151 162 164 171 186 191 195 217 220 223 224 243 247 265 269 282 284
SOL 4 6 19 23 45 46 59 65 68 81 92 100 105 107 128 134 136 152 154 160 181 183 188 196 207 220 223 229 242 243 265 269 282 284
SOL 4 6 19 29 40 50 59 65 77 81 90 100 105 107 128 134 136 152 154 160 181 183 188 198 207 211 223 229 238 248 259 269 282 284
SOL 4 6 20 23 43 45 51 64 69 73 94 100 114 116 121 127 136 152 161 167 172 174 188 194 215 219 224 237 243 245 265 268 282 284
SOL 4 6 20 26 41 44 54 67 69 73 99 100 110 113 119 123 138 150 165 169 175 178 188 189 215 219 221 234 244 247 262 268 282 284
SOL 4 6 20 28 43 48 57 60 69 83 98 99 106 107 127 135 136 152 153 161 181 182 189 190 205 219 228 231 240 245 260 268 282 284
SOL 4 6 21 27 41 45 54 62 68 71 85 100 110 116 128 133 137 151 155 160 172 178 188 203 217 220 226 234 243 247 261 267 282 284
SOL 4 6 21 31 35 40 62 65 77 83 85 90 105 110 128 132 136 152 156 160 178 183 198 203 205 211 223 226 248 253 257 267 282 284
SOL 4 6 22 30 42 43 52 65 77 83 87 88 108 113 119 123 136 152 165 169 175 180 200 201 205 211 223 236 245 246 258 266 282 284
SOL 4 6 23 25 38 45 60 66 69 81 92 98 104 107 119 121 136 152 167 169 181 184 190 196 207 219 222 228 243 250 263 265 282 284
SOL 4 6 24 28 36 38 58 67 69 71 93 95 107 116 134 135 139 149 153 154 172 181 193 195 217 219 221 230 250 252 260 264 282 284
SOL 4 6 24 28 43 47 53 57 69 70 98 101 106 118 127 130 137 151 158 161 170 182 187 190 218 219 231 235 241 245 260 264 282 284
SOL 4 6 25 27 35 47 55 64 68 79 92 99 102 103 121 126 141 147 162 167 185 186 189 196 209 220 224 233 241 253 261 263 282 284
SOL 4 6 25 27 36 38 58 64 69 81 92 100 107 113 119 121 136 152 167 169 175 181 188 196 207 219 224 230 250 252 261 263 282 284
SOL 4 6 26 27 35 43 64 65 72 81 86 93 116 118 119 124 141 147 164 169 170 172 195 202 207 216 223 224 245 253 261 262 282 284
SOL 4 6 26 28 34 45 59 65 69 81 94 100 102 105 131 133 142 146 155 157 183 186 188 194 207 219 223 229 243 254 260 262 282 284
SOL 4 6 26 28 35 36 55 61 77 81 88 100 102 110 130 133 136 152 155 158 178 186 188 200 207 211 227 233 252 253 260 262 282 284
SOL 4 6 26 28 36 38 58 67 69 71 93 95 107 116 120 135 139 149 153 168 172 181 193 195 217 219 221 230 250 252 260 262 282 284
SOL 4 6 26 30 40 43 65 67 71 84 87 89 110 113 120 124 137 151 164 168 175 178 199 201 204 217 221 223 245 248 258 262 282 284
SOL 4 6 26 30 41 44 54 67 69 73 99 100 110 113 119 123 138 150 165 169 175 178 188 189 215 219 221 234 244 247 258 262 282 284
SOL 4 6 26 30 42 49 65 67 73 84 88 94 107 108 131 133 137 151 155 157 180 181 194 200 204 215 221 223 239 246 258 262 282 284
SOL 4 6 27 29 36 42 56 58 69 81 92 100 105 113 119 121 136 152 167 169 175 183 188 196 207 219 230 232 246 252 259 261 282 284
SOL 4 6 28 30 41 49 55 56 77 84 87 88 102 112 127 133 137 151 155 161 176 186 200 201 204 211 232 233 239 247 258 260 282 284
SOL 4 6 29 30 42 44 53 67 69 81 87 92 107 117 128 130 136 152 158 160 171 181 196 201 207 219 221 235 244 246 258 259 282 284
SOL 4 6 29 30 42 44 65 67 69 81 87 92 107 117 128 130 136 152 158 160 171 181 196 201 207 219 221 223 244 246 258 259 282 284
SOL 4 6 29 31 35 40 59 60 81 82 85 90 115 118 124 128 137 151 160 164 170 173 198 203 206 207 228 229 248 253 257 259 282 284
SOL 4 7 17 30 46 47 59 61 68 69 90 100 107 116 128 129 138 150 159 160 172 181 188 198 219 220 227 229 241 242 258 271 281 284
SOL 4 7 20 27 35 44 58 66 73 80 87 101 110 113 132 135 138 150 153 156 175 178 187 201 208 215 222 230 244 253 261 268 281 284
SOL 4 7 20 27 38 45 59 62 71 82 85 100 102 116 120 129 143 145 159 168 172 186 188 203 206 217 226 229 243 250 261 268 281 284
SOL 4 7 20 32 42 45 51 57 79 82 85 91 114 117 121 122 143 145 166 167 171 174 197 203 206 209 231 237 243 246 256 268 281 284
SOL 4 7 21 27 44 48 58 62 70 71 88 100 102 113 127 135 137 151 153 161 175 186 188 200 217 218 226 230 240 244 261 267 281 284
SOL 4 7 21 28 41 42 64 66 68 69 91 98 107 108 119 121 138 150 167 169 180 181 190 197 219 220 222 224 246 247 260 267 281 284
SOL 4 7 21 30 41 42 62 64 68 69 91 100 107 108 119 121 138 150 167 169 180 181 188 197 219 220 224 226 246 247 258 267 281 284
SOL 4 7 22 27 34 41 51 54 80 81 93 100 113 116 120 125 138 150 163 168 172 175 188 195 207 208 234 237 247 254 261 266 281 284
SOL 4 7 24 27 36 37 51 61 81 83 85 87 110 113 120 124 140 148 164 168 175 178 201 203 205 207 227 237 251 252 261 264 281 284
SOL 4 7 24 27 36 37 51 61 81 83 85 87 110 113 124 134 140 148 154 164 175 178 201 203 205 207 227 237 251 252 261 264 281 284
SOL 4 7 25 27 35 38 56 62 81 84 95 101 103 116 122 126 138 150 162 166 172 185 187 193 204 207 226 232 250 253 261 263 281 284
SOL 4 7 27 29 44 49 51 54 79 82 88 93 102 117 128 130 138 150 158 160 171 186 195 200 206 209 234 237 239 244 259 261 281 284
SOL 4 7 27 30 36 48 55 58 78 83 85 88 102 113 124 127 137 151 161 164 175 186 200 203 205 210 230 233 240 252 258 261 281 284
SOL 4 7 27 30 40 46 52 54 75 79 85 99 102 103 124 127 138 150 161 164 185 186 189 203 209 213 234 236 242 248 258 261 281 284
SOL 4 7 27 31 46 48 54 58 78 83 100 101 102 105 124 127 141 147 161 164 183 186 187 188 205 210 230 234 240 242 257 261 281 284
SOL 4 7 28 30 34 41 55 64 68 70 93 95 108 117 133 134 141 147 154 155 171 180 193 195 218 220 224 233 247 254 258 260 281 284
SOL 4 7 28 33 35 41 59 62 69 81 87 89 102 112 132 133 142 146 155 156 176 186 199 201 207 219 226 229 247 253 255 260 281 284
SOL 4 7 29 30 40 44 52 66 75 79 88 99 102 107 127 135 138 150 153 161 181 186 189 200 209 213 222 236 244 248 258 259 281 284
SOL 4 7 30 32 41 45 55 59 68 70 98 100 108 118 129 133 141 147 155 159 170 180 188 190 218 220 229 233 243 247 256 258 281 284
SOL 4 8 17 27 36 47 57 60 79 82 88 92 103 114 134 135 141 147 153 154 174 185 196 200 206 209 228 231 241 252 261 271 280 284
SOL 4 8 18 21 45 47 52 62 75 81 85 91 102 104 125 128 138 150 160 163 184 186 197 203 207 213 226 236 241 243 267 270 280 284
SOL 4 8 19 29 44 49 54 58 78 79 85 88 102 117 121 128 141 147 160 167 171 186 200 203 209 210 230 234 239 244 259 269 280 284
SOL 4 8 19 29 44 49 54 58 78 79 85 88 102 117 128 133 141 147 155 160 171 186 200 203 209 210 230 234 239 244 259 269 280 284
SOL 4 8 20 28 41 44 61 65 69 75 88 90 102 117 131 135 138 150 153 157 171 186 198 200 213 219 223 227 244 247 260 268 280 284
SOL 4 8 22 24 34 37 61 63 71 82 85 95 116 117 124 126 137 151 162 164 171 172 193 203 206 217 225 227 251 254 264 266 280 284
SOL 4 8 22 28 35 37 61 67 75 82 85 88 106 117 126 129 138 150 159 162 171 182 200 203 206 213 221 227 251 253 260 266 280 284
SOL 4 8 23 29 37 44 52 66 75 81 87 92 102 107 130 135 138 150 153 158 181 186 196 201 207 213 222 236 244 251 259 265 280 284
SOL 4 8 24 29 37 45 52 57 75 81 86 95 116 118 119 124 138 150 164 169 170 172 193 202 207 213 231 236 243 251 259 264 280 284
SOL 4 8 26 28 35 47 57 63 68 82 91 99 102 103 124 128 139 149 160 164 185 186 189 197 206 220 225 231 241 253 260 262 280 284
SOL 4 8 26 28 37 38 54 56 69 82 95 101 111 117 119 125 138 150 163 169 171 177 187 193 206 219 232 234 250 251 260 262 280 284
SOL 4 8 27 29 34 37 60 66 79 82 88 90 111 118 121 125 137 151 163 167 170 177 198 200 206 209 222 228 251 254 259 261 280 284
SOL 4 8 27 29 48 49 56 60 69 81 90 92 102 118 121 125 139 149 163 167 170 186 196 198 207 219 228 232 239 240 259 261 280 284
SOL 4 8 28 30 36 41 62 67 75 81 86 89 102 117 125 129 138 150 159 163 171 186 199 202 207 213 221 226 247 252 258 260 280 284
SOL 4 8 28 32 41 45 55 57 70 83 98 101 104 118 126 129 139 149 159 162 170 184 187 190 205 218 231 233 243 247 256 260 280 284
SOL 4 9 20 21 35 44 59 65 77 82 90 91 102 118 130 132 137 151 156 158 170 186 197 198 206 211 223 229 244 253 267 268 279 284
SOL 4 9 20 21 35 45 54 60 76 82 91 96 103 118 119 133 142 146 155 169 170 185 192 197 206 212 228 234 243 253 267 268 279 284
SOL 4 9 20 22 42 44 54 56 77 78 85 87 116 117 119 123 137 151 165 169 171 172 201 203 210 211 232 234 244 246 266 268 279 284
SOL 4 9 21 26 36 49 56 62 70 78 85 93 117 118 125 132 139 149 156 163 170 171 195 203 210 218 226 232 239 252 262 267 279 284
SOL 4 9 22 25 45 48 51 54 82 83 88 91 103 106 119 129 143 145 159 169 182 185 197 200 205 206 234 237 240 243 263 266 279 284
SOL 4 9 22 31 41 44 54 55 81 83 85 96 110 116 119 120 142 146 168 169 172 178 192 203 205 207 233 234 244 247 257 266 279 284
SOL 4 9 25 28 38 50 52 53 71 82 85 96 108 111 129 134 139 149 154 159 177 180 192 203 206 217 235 236 238 250 260 263 279 284
SOL 4 9 26 28 35 38 54 65 76 83 85 96 115 118 121 129 142 146 159 167 170 173 192 203 205 212 223 234 250 253 260 262 279 284
SOL 4 9 26 28 40 50 53 59 69 72 87 101 113 115 132 134 142 146 154 156 173 175 187 201 216 219 229 235 238 248 260 262 279 284
SOL 4 9 26 28 40 50 53 59 69 72 99 101 113 115 132 134 142 146 154 156 173 175 187 189 216 219 229 235 238 248 260 262 279 284
SOL 4 9 26 28 40 50 59 65 69 72 87 101 113 115 132 134 142 146 154 156 173 175 187 201 216 219 223 229 238 248 260 262 279 284
SOL 4 9 26 28 40 50 59 65 69 72 99 101 113 115 132 134 142 146 154 156 173 175 187 189 216 219 223 229 238 248 260 262 279 284
SOL 4 9 26 28 46 49 52 54 76 79 99 101 102 105 125 133 142 146 155 163 183 186 187 189 209 212 234 236 239 242 260 262 279 284
SOL 4 9 28 29 37 43 52 53 78 81 90 93 116 118 119 120 142 146 168 169 170 172 195 198 207 210 235 236 245 251 259 260 279 284
SOL 4 10 18 26 41 45 61 65 82 84 88 89 102 117 124 127 139 149 161 164 171 186 199 200 204 206 223 227 243 247 262 270 278 284
SOL 4 10 19 25 41 45 52 62 81 84 86 98 108 118 123 133 143 145 155 165 170 180 190 202 204 207 226 236 243 247 263 269 278 284
SOL 4 10 19 26 44 50 56 59 69 81 87 101 113 115 120 126 140 148 162 168 173 175 187 201 207 219 229 232 238 244 262 269 278 284
SOL 4 10 20 26 37 38 62 67 69 78 93 101 104 113 120 121 143 145 167 168 175 184 187 195 210 219 221 226 250 251 262 268 278 284
SOL 4 10 20 26 44 50 54 60 73 82 93 99 103 107 119 123 137 151 165 169 181 185 189 195 206 215 228 234 238 244 262 268 278 284
SOL 4 10 20 29 34 41 61 64 73 76 87 90 102 117 120 133 143 145 155 168 171 186 198 201 212 215 224 227 247 254 259 268 278 284
SOL 4 10 21 27 41 45 59 67 70 79 88 100 102 104 126 132 137 151 156 162 184 186 188 200 209 218 221 229 243 247 261 267 278 284
SOL 4 10 21 30 43 48 52 54 73 75 85 95 116 118 124 127 137 151 161 164 170 172 193 203 213 215 234 236 240 245 258 267 278 284
SOL 4 10 22 26 37 41 61 65 82 83 85 88 102 114 124 127 137 151 161 164 174 186 200 203 205 206 223 227 247 251 262 266 278 284
SOL 4 10 22 27 36 41 56 67 80 83 87 101 105 110 120 132 143 145 156 168 178 183 187 201 205 208 221 232 247 252 261 266 278 284
SOL 4 10 23 25 38 45 64 66 69 75 92 98 104 107 119 121 136 152 167 169 181 184 190 196 213 219 222 224 243 250 263 265 278 284
SOL 4 10 23 25 45 48 54 60 69 83 94 98 106 107 133 135 136 152 153 155 181 182 190 194 205 219 228 234 240 243 263 265 278 284
SOL 4 10 23 26 34 43 65 67 71 72 93 96 105 116 120 124 137 151 164 168 172 183 192 195 216 217 221 223 245 254 262 265 278 284
SOL 4 10 23 32 37 38 59 62 79 84 87 94 102 105 120 133 143 145 155 168 183 186 194 201 204 209 226 229 250 251 256 265 278 284
SOL 4 10 24 30 36 37 59 62 69 83 95 96 104 118 123 135 143 145 153 165 170 184 192 193 205 219 226 229 251 252 258 264 278 284
SOL 4 10 25 26 35 38 60 62 69 81 87 101 104 107 119 132 142 146 156 169 181 184 187 201 207 219 226 228 250 253 262 263 278 284
SOL 4 10 25 26 35 38 60 62 69 81 87 101 104 107 132 135 142 146 153 156 181 184 187 201 207 219 226 228 250 253 262 263 278 284
SOL 4 10 25 26 38 49 60 62 69 81 87 101 104 107 119 132 142 146 156 169 181 184 187 201 207 219 226 228 239 250 262 263 278 284
SOL 4 10 25 26 38 49 60 62 69 81 87 101 104 107 132 135 142 146 153 156 181 184 187 201 207 219 226 228 239 250 262 263 278 284
SOL 4 10 25 28 37 44 52 66 75 79 88 99 102 111 131 135 138 150 153 157 177 186 189 200 209 213 222 236 244 251 260 263 278 284
SOL 4 10 25 29 37 44 52 66 75 81 87 92 102 107 130 135 138 150 153 158 181 186 196 201 207 213 222 236 244 251 259 263 278 284
SOL 4 10 28 31 37 44 52 59 72 75 96 99 102 105 134 135 143 145 153 154 183 186 189 192 213 216 229 236 244 251 257 260 278 284
SOL 4 10 28 31 37 44 59 66 72 75 96 99 102 105 134 135 143 145 153 154 183 186 189 192 213 216 222 229 244 251 257 260 278 284
SOL 4 10 28 31 38 50 58 61 70 71 93 96 105 117 119 120 143 145 168 169 171 183 192 195 217 218 227 230 238 250 257 260 278 284
SOL 4 10 28 31 38 50 58 61 70 71 93 96 105 117 120 135 143 145 153 168 171 183 192 195 217 218 227 230 238 250 257 260 278 284
SOL 4 10 28 31 43 44 52 59 71 72 96 99 102 105 134 135 143 145 153 154 183 186 189 192 216 217 229 236 244 245 257 260 278 284
SOL 4 10 28 31 43 44 59 66 71 72 96 99 102 105 134 135 143 145 153 154 183 186 189 192 216 217 222 229 244 245 257 260 278 284
SOL 4 10 28 32 38 43 62 66 68 71 93 99 108 111 119 121 139 149 167 169 177 180 189 195 217 220 222 226 245 250 256 260 278 284
SOL 4 11 20 29 41 42 57 67 69 70 95 96 116 117 119 122 143 145 166 169 171 172 192 193 218 219 221 231 246 247 259 268 277 284
SOL 4 11 22 25 36 37 61 66 75 82 85 88 102 106 120 129 143 145 159 168 182 186 200 203 206 213 222 227 251 252 263 266 277 284
SOL 4 11 22 26 44 50 59 60 72 82 87 88 103 115 129 135 137 151 153 159 173 185 200 201 206 216 228 229 238 244 262 266 277 284
SOL 4 11 24 25 36 45 51 57 81 82 85 91 106 115 120 134 143 145 154 168 173 182 197 203 206 207 231 237 243 252 263 264 277 284
SOL 4 11 26 29 37 49 51 53 78 79 92 93 116 117 119 122 142 146 166 169 171 172 195 196 209 210 235 237 239 251 259 262 277 284
SOL 4 11 29 30 41 42 57 67 69 70 95 96 116 117 119 122 143 145 166 169 171 172 192 193 218 219 221 231 246 247 258 259 277 284
SOL 4 13 24 25 38 47 53 66 73 78 85 92 112 116 119 134 141 147 154 169 172 176 196 203 210 215 222 235 241 250 263 264 275 284
SOL 4 13 25 26 36 38 58 64 79 82 85 95 107 117 120 135 142 146 153 168 171 181 193 203 206 209 224 230 250 252 262 263 275 284
SOL 4 14 23 25 34 38 62 65 71 77 86 96 105 111 120 125 136 152 163 168 177 183 192 202 211 217 223 226 250 254 263 265 274 284
SOL 4 14 23 26 35 40 52 60 72 81 93 98 102 107 119 133 141 147 155 169 181 186 190 195 207 216 228 236 248 253 262 265 274 284
SOL 4 14 24 25 38 45 53 58 81 83 96 101 103 105 119 129 142 146 159 169 183 185 187 192 205 207 230 235 243 250 263 264 274 284
SOL 4 14 26 28 37 45 59 65 77 80 86 88 102 108 129 135 137 151 153 159 180 186 200 202 208 211 223 229 243 251 260 262 274 284
SOL 4 14 27 32 34 41 54 56 73 75 93 97 102 103 122 125 138 150 163 166 185 186 191 195 213 215 232 234 247 254 256 261 274 284
SOL 4 16 24 25 36 37 57 62 75 82 86 95 106 118 120 124 139 149 164 168 170 182 193 202 206 213 226 231 251 252 263 264 272 284
SOL 4 16 24 25 36 47 57 62 75 82 86 95 106 118 120 124 139 149 164 168 170 182 193 202 206 213 226 231 241 252 263 264 272 284
SOL 5 6 18 20 40 42 63 65 68 69 98 99 107 109 123 128 136 152 160 165 179 181 189 190 219 220 223 225 246 248 268 270 282 283
SOL 5 6 18 21 44 46 56 59 81 84 86 87 109 115 128 133 136 152 155 160 173 179 201 202 204 207 229 232 242 244 267 270 282 283
SOL 5 6 19 27 36 46 56 59 80 81 86 92 115 118 119 120 143 145 168 169 170 173 196 202 207 208 229 232 242 252 261 269 282 283
SOL 5 6 19 27 36 46 56 59 80 81 86 92 115 118 119 134 143 145 154 169 170 173 196 202 207 208 229 232 242 252 261 269 282 283
SOL 5 6 20 23 42 45 54 66 68 82 92 97 104 117 119 123 143 145 165 169 171 184 191 196 206 220 222 234 243 246 265 268 282 283
SOL 5 6 20 26 36 44 58 64 73 76 85 87 114 117 119 123 137 151 165 169 171 174 201 203 212 215 224 230 244 252 262 268 282 283
SOL 5 6 21 27 35 45 55 60 77 82 86 88 110 116 119 122 136 152 166 169 172 178 200 202 206 211 228 233 243 253 261 267 282 283
SOL 5 6 24 27 36 37 56 66 70 80 93 97 115 118 134 135 143 145 153 154 170 173 191 195 208 218 222 232 251 252 261 264 282 283
SOL 5 6 24 28 44 46 52 55 68 70 98 99 111 117 119 127 139 149 161 169 171 177 189 190 218 220 233 236 242 244 260 264 282 283
SOL 5 6 24 30 36 46 53 56 68 74 86 101 111 115 123 127 137 151 161 165 173 177 187 202 214 220 232 235 242 252 258 264 282 283
SOL 5 6 25 29 36 46 53 56 78 81 86 92 115 118 134 135 143 145 153 154 170 173 196 202 207 210 232 235 242 252 259 263 282 283
SOL 5 6 25 29 36 48 56 66 68 71 92 95 114 117 119 122 143 145 166 169 171 174 193 196 217 220 222 232 240 252 259 263 282 283
SOL 5 6 25 29 37 48 55 60 74 81 86 94 117 118 121 124 136 152 164 167 170 171 194 202 207 214 228 233 240 251 259 263 282 283
SOL 5 6 25 29 46 47 53 56 68 78 86 92 115 118 121 134 143 145 154 167 170 173 196 202 210 220 232 235 241 242 259 263 282 283
SOL 5 6 25 29 46 47 53 56 78 84 86 92 115 118 121 134 143 145 154 167 170 173 196 202 204 210 232 235 241 242 259 263 282 283
SOL 5 6 26 30 36 40 59 63 80 81 86 87 109 118 119 120 141 147 168 169 170 179 201 202 207 208 225 229 248 252 258 262 282 283
SOL 5 6 27 30 36 46 56 59 80 81 86 87 109 118 119 120 143 145 168 169 170 179 201 202 207 208 229 232 242 252 258 261 282 283
SOL 5 6 27 30 36 46 56 59 80 81 86 87 109 118 119 134 143 145 154 169 170 179 201 202 207 208 229 232 242 252 258 261 282 283
SOL 5 6 27 31 35 41 54 56 68 83 93 97 114 116 122 128 136 152 160 166 172 174 191 195 205 220 232 234 247 253 257 261 282 283
SOL 5 6 27 31 35 43 54 56 68 83 93 97 114 116 122 128 136 152 160 166 172 174 191 195 205 220 232 234 245 253 257 261 282 283
SOL 5 6 28 30 41 46 63 67 69 74 87 92 104 117 122 127 136 152 161 166 171 184 196 201 214 219 221 225 242 247 258 260 282 283
SOL 5 6 29 30 47 48 57 58 79 82 92 93 103 118 119 120 140 148 168 169 170 185 195 196 206 209 230 231 240 241 258 259 282 283
SOL 5 7 19 29 44 45 55 58 82 84 88 95 102 110 120 122 137 151 166 168 178 186 193 200 204 206 230 233 243 244 259 269 281 283
SOL 5 7 20 26 37 42 51 65 72 78 86 99 113 117 123 125 136 152 163 165 171 175 189 202 210 216 223 237 246 251 262 268 281 283
SOL 5 7 20 26 37 42 51 65 72 78 99 100 113 117 123 125 136 152 163 165 171 175 188 189 210 216 223 237 246 251 262 268 281 283
SOL 5 7 20 31 42 45 58 66 72 84 91 97 103 104 132 135 142 146 153 156 184 185 191 197 204 216 222 230 243 246 257 268 281 283
SOL 5 7 22 26 34 40 63 66 80 82 88 99 102 105 125 127 137 151 161 163 183 186 189 200 206 208 222 225 248 254 262 266 281 283
SOL 5 7 22 29 47 49 53 59 72 75 98 99 112 118 120 135 142 146 153 168 170 176 189 190 213 216 229 235 239 241 259 266 281 283
SOL 5 7 23 29 42 50 63 67 70 82 90 92 105 117 129 132 137 151 156 159 171 183 196 198 206 218 221 225 238 246 259 265 281 283
SOL 5 7 24 27 39 42 52 63 70 82 86 98 115 118 123 125 136 152 163 165 170 173 190 202 206 218 225 236 246 249 261 264 281 283
SOL 5 7 24 29 44 49 54 63 68 71 86 96 110 116 121 135 142 146 153 167 172 178 192 202 217 220 225 234 239 244 259 264 281 283
SOL 5 7 24 30 46 47 57 59 69 70 91 96 116 118 119 134 140 148 154 169 170 172 192 197 218 219 229 231 241 242 258 264 281 283
SOL 5 7 25 27 36 39 52 64 75 78 85 89 102 116 122 134 140 148 154 166 172 186 199 203 210 213 224 236 249 252 261 263 281 283
SOL 5 7 25 27 39 44 52 54 68 75 86 88 114 116 131 135 138 150 153 157 172 174 200 202 213 220 234 236 244 249 261 263 281 283
SOL 5 7 25 27 39 46 52 54 75 78 85 99 116 118 120 122 140 148 166 168 170 172 189 203 210 213 234 236 242 249 261 263 281 283
SOL 5 7 25 29 39 48 52 54 75 78 89 95 116 118 120 122 136 152 166 168 170 172 193 199 210 213 234 236 240 249 259 263 281 283
SOL 5 7 26 28 46 48 54 55 69 81 86 101 104 110 125 129 136 152 159 163 178 184 187 202 207 219 233 234 240 242 260 262 281 283
SOL 5 7 26 29 40 42 65 67 80 81 85 87 105 117 120 130 142 146 158 168 171 183 201 203 207 208 221 223 246 248 259 262 281 283
SOL 5 7 26 30 37 44 65 67 68 70 89 93 112 114 120 124 137 151 164 168 174 176 195 199 218 220 221 223 244 251 258 262 281 283
SOL 5 7 27 28 43 44 52 54 69 82 89 98 102 106 127 135 138 150 153 161 182 186 190 199 206 219 234 236 244 245 260 261 281 283
SOL 5 7 27 29 37 48 57 63 82 83 86 90 110 111 119 122 136 152 166 169 177 178 198 202 205 206 225 231 240 251 259 261 281 283
SOL 5 7 27 32 44 45 52 54 75 82 89 93 102 114 121 122 136 152 166 167 174 186 195 199 206 213 234 236 243 244 256 261 281 283
SOL 5 7 27 33 42 44 53 64 73 82 86 92 103 114 122 123 136 152 165 166 174 185 196 202 206 215 224 235 244 246 255 261 281 283
SOL 5 7 28 30 40 44 55 66 69 80 88 99 102 111 127 135 138 150 153 161 177 186 189 200 208 219 222 233 244 248 258 260 281 283
SOL 5 7 29 31 39 47 53 59 72 75 86 98 112 118 120 135 142 146 153 168 170 176 190 202 213 216 229 235 241 249 257 259 281 283
SOL 5 7 29 31 44 45 55 58 82 84 88 95 102 110 120 122 137 151 166 168 178 186 193 200 204 206 230 233 243 244 257 259 281 283
SOL 5 8 17 29 48 49 60 61 70 75 86 98 106 118 129 130 139 149 158 159 170 182 190 202 213 218 227 228 239 240 259 271 280 283
SOL 5 8 19 29 47 49 57 60 68 69 90 98 102 104 128 131 142 146 157 160 184 186 190 198 219 220 228 231 239 241 259 269 280 283
SOL 5 8 21 26 45 48 61 66 70 71 94 100 102 106 129 135 139 149 153 159 182 186 188 194 217 218 222 227 240 243 262 267 280 283
SOL 5 8 21 29 36 48 57 58 81 83 88 94 102 113 134 135 142 146 153 154 175 186 194 200 205 207 230 231 240 252 259 267 280 283
SOL 5 8 23 28 36 37 61 66 82 83 88 101 106 111 119 123 143 145 165 169 177 182 187 200 205 206 222 227 251 252 260 265 280 283
SOL 5 8 23 28 37 46 61 66 70 83 88 101 111 116 119 123 143 145 165 169 172 177 187 200 205 218 222 227 242 251 260 265 280 283
SOL 5 8 24 29 36 37 52 66 78 80 87 92 107 118 129 135 139 149 153 159 170 181 196 201 208 210 222 236 251 252 259 264 280 283
SOL 5 8 24 29 36 39 52 53 78 80 86 92 115 118 129 135 139 149 153 159 170 173 196 202 208 210 235 236 249 252 259 264 280 283
SOL 5 8 24 29 36 39 53 66 78 80 86 92 115 118 129 135 139 149 153 159 170 173 196 202 208 210 222 235 249 252 259 264 280 283
SOL 5 8 27 29 35 39 52 54 75 81 94 97 116 118 119 125 138 150 163 169 170 172 191 194 207 213 234 236 249 253 259 261 280 283
SOL 5 8 27 29 37 41 61 66 71 75 96 100 106 116 119 135 138 150 153 169 172 182 188 192 213 217 222 227 247 251 259 261 280 283
SOL 5 8 27 30 36 48 52 61 79 83 89 94 102 106 132 135 143 145 153 156 182 186 194 199 205 209 227 236 240 252 258 261 280 283
SOL 5 8 28 29 36 44 55 64 70 81 86 101 109 111 120 135 142 146 153 168 177 179 187 202 207 218 224 233 244 252 259 260 280 283
SOL 5 8 28 29 40 47 57 60 69 70 97 98 103 118 119 126 138 150 162 169 170 185 190 191 218 219 228 231 241 248 259 260 280 283
SOL 5 8 28 30 34 40 60 64 70 83 91 97 103 109 119 123 138 150 165 169 179 185 191 197 205 218 224 228 248 254 258 260 280 283
SOL 5 8 28 33 37 40 60 65 70 74 86 89 114 117 126 135 139 149 153 162 171 174 199 202 214 218 223 228 248 251 255 260 280 283
SOL 5 9 18 19 43 44 57 59 80 82 88 97 102 118 120 122 141 147 166 168 170 186 191 200 206 208 229 231 244 245 269 270 279 283
SOL 5 9 18 30 39 42 52 53 78 84 97 101 104 115 125 128 140 148 160 163 173 184 187 191 204 210 235 236 246 249 258 270 279 283
SOL 5 9 19 25 39 44 64 67 70 75 95 97 102 117 122 134 140 148 154 166 171 186 191 193 213 218 221 224 244 249 263 269 279 283
SOL 5 9 19 29 44 45 55 58 82 84 88 95 102 110 120 122 137 151 166 168 178 186 193 200 204 206 230 233 243 244 259 269 279 283
SOL 5 9 20 21 38 48 62 65 77 78 86 101 105 117 125 127 136 152 161 163 171 183 187 202 210 211 223 226 240 250 267 268 279 283
SOL 5 9 20 21 40 46 62 65 70 77 86 101 105 117 125 127 136 152 161 163 171 183 187 202 211 218 223 226 242 248 267 268 279 283
SOL 5 9 20 22 42 46 51 53 72 74 94 100 115 117 125 133 136 152 155 163 171 173 188 194 214 216 235 237 242 246 266 268 279 283
SOL 5 9 20 24 46 48 51 61 73 78 86 88 116 118 127 134 140 148 154 161 170 172 200 202 210 215 227 237 240 242 264 268 279 283
SOL 5 9 20 25 37 43 55 56 78 82 86 99 112 118 123 134 136 152 154 165 170 176 189 202 206 210 232 233 245 251 263 268 279 283
SOL 5 9 20 26 46 49 61 67 78 84 88 90 103 104 127 133 140 148 155 161 184 185 198 200 204 210 221 227 239 242 262 268 279 283
SOL 5 9 21 27 34 42 51 55 70 82 94 96 103 115 122 125 137 151 163 166 173 185 192 194 206 218 233 237 246 254 261 267 279 283
SOL 5 9 21 27 34 47 55 61 82 84 87 90 109 110 132 134 137 151 154 156 178 179 198 201 204 206 227 233 241 254 261 267 279 283
SOL 5 9 22 27 40 41 64 66 70 83 88 97 114 118 119 127 138 150 161 169 170 174 191 200 205 218 222 224 247 248 261 266 279 283
SOL 5 9 22 29 36 43 55 67 69 78 87 95 110 117 122 132 136 152 156 166 171 178 193 201 210 219 221 233 245 252 259 266 279 283
SOL 5 9 23 29 38 42 64 65 82 84 86 98 107 111 120 125 136 152 163 168 177 181 190 202 204 206 223 224 246 250 259 265 279 283
SOL 5 9 23 30 43 49 53 54 79 82 89 93 112 118 120 123 136 152 165 168 170 176 195 199 206 209 234 235 239 245 258 265 279 283
SOL 5 9 24 27 36 46 64 67 68 70 91 97 110 113 122 134 137 151 154 166 175 178 191 197 218 220 221 224 242 252 261 264 279 283
SOL 5 9 24 27 37 47 59 61 70 72 86 96 116 118 119 134 140 148 154 169 170 172 192 202 216 218 227 229 241 251 261 264 279 283
SOL 5 9 25 27 37 39 64 67 70 75 95 97 102 104 120 134 140 148 154 168 184 186 191 193 213 218 221 224 249 251 261 263 279 283
SOL 5 9 25 29 35 46 51 61 75 82 85 88 107 112 120 122 138 150 166 168 176 181 200 203 206 213 227 237 242 253 259 263 279 283
SOL 5 9 25 29 36 44 55 64 75 78 87 100 102 117 122 130 136 152 158 166 171 186 188 201 210 213 224 233 244 252 259 263 279 283
SOL 5 9 25 30 34 47 61 63 72 77 87 100 112 118 120 130 138 150 158 168 170 176 188 201 211 216 225 227 241 254 258 263 279 283
SOL 5 9 29 31 44 45 55 58 82 84 88 95 102 110 120 122 137 151 166 168 178 186 193 200 204 206 230 233 243 244 257 259 279 283
SOL 5 10 19 23 39 42 64 67 69 70 94 97 115 117 126 135 140 148 153 162 171 173 191 194 218 219 221 224 246 249 265 269 278 283
SOL 5 10 19 25 46 49 61 63 68 83 90 92 102 104 128 132 139 149 156 160 184 186 196 198 205 220 225 227 239 242 263 269 278 283
SOL 5 10 19 29 41 47 54 61 68 70 96 100 110 111 134 135 140 148 153 154 177 178 188 192 218 220 227 234 241 247 259 269 278 283
SOL 5 10 19 30 39 41 61 64 70 84 86 89 110 111 119 120 140 148 168 169 177 178 199 202 204 218 224 227 247 249 258 269 278 283
SOL 5 10 20 22 38 43 51 55 69 78 94 99 116 117 127 132 136 152 156 161 171 172 189 194 210 219 233 237 245 250 266 268 278 283
SOL 5 10 20 24 44 45 54 58 76 82 85 87 114 117 119 123 137 151 165 169 171 174 201 203 206 212 230 234 243 244 264 268 278 283
SOL 5 10 20 25 44 48 54 66 68 69 89 92 113 118 123 133 143 145 155 165 170 175 196 199 219 220 222 234 240 244 263 268 278 283
SOL 5 10 20 26 39 44 65 67 81 82 89 93 102 103 120 126 140 148 162 168 185 186 195 199 206 207 221 223 244 249 262 268 278 283
SOL 5 10 21 22 35 36 61 64 70 84 93 94 103 106 132 135 143 145 153 156 182 185 194 195 204 218 224 227 252 253 266 267 278 283
SOL 5 10 22 26 35 40 52 60 71 82 93 97 105 114 119 121 136 152 167 169 174 183 191 195 206 217 228 236 248 253 262 266 278 283
SOL 5 10 23 29 39 43 51 58 70 72 98 101 110 116 120 132 137 151 156 168 172 178 187 190 216 218 230 237 245 249 259 265 278 283
SOL 5 10 24 25 34 35 54 63 79 83 87 98 109 112 121 123 136 152 165 167 176 179 190 201 205 209 225 234 253 254 263 264 278 283
SOL 5 10 24 29 36 46 51 53 68 74 92 98 105 113 120 127 137 151 161 168 175 183 190 196 214 220 235 237 242 252 259 264 278 283
SOL 5 10 25 28 38 48 57 58 69 81 99 101 102 115 120 126 140 148 162 168 173 186 187 189 207 219 230 231 240 250 260 263 278 283
SOL 5 10 26 29 36 39 55 57 76 82 86 101 102 115 128 132 137 151 156 160 173 186 187 202 206 212 231 233 249 252 259 262 278 283
SOL 5 10 26 29 39 50 57 59 70 72 86 101 115 116 128 132 137 151 156 160 172 173 187 202 216 218 229 231 238 249 259 262 278 283
SOL 5 10 26 29 39 50 57 59 70 81 86 101 115 116 120 126 140 148 162 168 172 173 187 202 207 218 229 231 238 249 259 262 278 283
SOL 5 10 27 29 39 41 52 54 75 76 97 99 102 116 120 122 136 152 166 168 172 186 189 191 212 213 234 236 247 249 259 261 278 283
SOL 5 10 27 29 39 41 52 54 76 82 97 99 102 105 120 128 136 152 160 168 183 186 189 191 206 212 234 236 247 249 259 261 278 283
SOL 5 10 27 31 36 38 59 60 68 69 88 98 109 114 134 135 141 147 153 154 174 179 190 200 219 220 228 229 250 252 257 261 278 283
SOL 5 10 28 30 42 47 55 65 69 75 86 92 102 104 125 131 136 152 157 163 184 186 196 202 213 219 223 233 241 246 258 260 278 283
SOL 5 11 19 25 37 44 51 58 80 81 87 92 114 117 119 120 142 146 168 169 171 174 196 201 207 208 230 237 244 251 263 269 277 283
SOL 5 11 19 25 40 47 60 67 71 72 94 99 103 106 134 135 142 146 153 154 182 185 189 194 216 217 221 228 241 248 263 269 277 283
SOL 5 11 19 25 47 49 55 58 72 74 94 99 102 103 132 135 142 146 153 156 185 186 189 194 214 216 230 233 239 241 263 269 277 283
SOL 5 11 20 26 40 50 55 59 82 84 87 89 111 112 120 132 137 151 156 168 176 177 199 201 204 206 229 233 238 248 262 268 277 283
SOL 5 11 21 27 36 41 58 63 82 83 88 100 102 110 122 125 136 152 163 166 178 186 188 200 205 206 225 230 247 252 261 267 277 283
SOL 5 11 23 29 43 48 55 60 69 70 86 98 110 118 129 132 136 152 156 159 170 178 190 202 218 219 228 233 240 245 259 265 277 283
SOL 5 11 24 25 35 47 63 66 71 74 87 92 102 112 133 135 140 148 153 155 176 186 196 201 214 217 222 225 241 253 263 264 277 283
SOL 5 11 24 30 34 44 59 63 68 70 97 99 108 109 122 134 137 151 154 166 179 180 189 191 218 220 225 229 244 254 258 264 277 283
SOL 5 11 25 26 37 49 52 55 78 81 94 99 108 118 119 121 140 148 167 169 170 180 189 194 207 210 233 236 239 251 262 263 277 283
SOL 5 11 25 31 35 37 60 63 78 80 87 92 117 118 119 122 142 146 166 169 170 171 196 201 208 210 225 228 251 253 257 263 277 283
SOL 5 11 25 31 37 44 51 58 80 81 87 92 114 117 119 120 142 146 168 169 171 174 196 201 207 208 230 237 244 251 257 263 277 283
SOL 5 11 25 31 40 47 60 67 71 72 94 99 103 106 134 135 142 146 153 154 182 185 189 194 216 217 221 228 241 248 257 263 277 283
SOL 5 12 20 21 42 43 51 61 82 83 90 91 103 104 132 135 143 145 153 156 184 185 197 198 205 206 227 237 245 246 267 268 276 283
SOL 5 12 21 24 35 47 65 67 73 74 93 94 103 104 132 135 142 146 153 156 184 185 194 195 214 215 221 223 241 253 264 267 276 283
SOL 5 12 21 30 42 43 51 61 82 83 90 91 103 104 132 135 143 145 153 156 184 185 197 198 205 206 227 237 245 246 258 267 276 283
SOL 5 12 24 28 34 40 58 59 70 80 98 99 105 117 119 125 137 151 163 169 171 183 189 190 208 218 229 230 248 254 260 264 276 283
SOL 5 12 25 26 39 48 61 67 70 71 95 101 105 114 120 134 143 145 154 168 174 183 187 193 217 218 221 227 240 249 262 263 276 283
SOL 5 12 25 28 47 48 52 57 70 77 98 101 114 118 125 134 143 145 154 163 170 174 187 190 211 218 231 236 240 241 260 263 276 283
SOL 5 13 17 25 40 48 60 62 69 74 89 94 106 117 132 133 136 152 155 156 171 182 194 199 214 219 226 228 240 248 263 271 275 283
SOL 5 13 19 27 42 46 53 56 68 74 86 100 111 115 123 126 136 152 162 165 173 177 188 202 214 220 232 235 242 246 261 269 275 283
SOL 5 13 20 22 42 46 51 53 72 74 94 100 111 117 125 133 136 152 155 163 171 177 188 194 214 216 235 237 242 246 266 268 275 283
SOL 5 13 21 25 36 44 52 58 78 81 87 89 102 117 128 130 136 152 158 160 171 186 199 201 207 210 230 236 244 252 263 267 275 283
SOL 5 13 24 27 39 47 57 63 80 83 85 94 104 110 119 134 138 150 154 169 178 184 194 203 205 208 225 231 241 249 261 264 275 283
SOL 5 13 25 26 40 46 56 58 69 80 99 101 102 117 121 132 142 146 156 167 171 186 187 189 208 219 230 232 242 248 262 263 275 283
SOL 5 13 25 28 40 49 51 53 74 77 89 94 106 117 132 133 136 152 155 156 171 182 194 199 211 214 235 237 239 248 260 263 275 283
SOL 5 13 26 28 46 49 54 57 69 76 97 99 102 104 128 135 142 146 153 160 184 186 189 191 212 219 231 234 239 242 260 262 275 283
SOL 5 14 17 24 39 44 58 67 70 80 91 97 105 110 120 122 137 151 166 168 178 183 191 197 208 218 221 230 244 249 264 271 274 283
SOL 5 14 20 26 37 46 55 59 68 70 96 100 108 111 129 135 137 151 153 159 177 180 188 192 218 220 229 233 242 251 262 268 274 283
SOL 5 15 23 26 43 46 51 54 69 74 96 99 104 110 132 135 140 148 153 156 178 184 189 192 214 219 234 237 242 245 262 265 273 283
SOL 5 15 25 31 37 40 58 64 78 83 87 90 109 114 119 123 136 152 165 169 174 179 198 201 205 210 224 230 248 251 257 263 273 283
SOL 5 15 26 30 34 40 55 59 74 80 87 99 102 107 126 132 137 151 156 162 181 186 189 201 208 214 229 233 248 254 258 262 273 283
SOL 5 16 26 27 37 39 55 57 70 81 86 101 110 116 120 126 140 148 162 168 172 178 187 202 207 218 231 233 249 251 261 262 272 283
SOL 6 7 18 22 42 46 53 56 80 81 87 100 109 115 129 135 136 152 153 159 173 179 188 201 207 208 232 235 242 246 266 270 281 282
SOL 6 7 19 20 43 50 62 63 68 72 91 93 103 104 132 134 141 147 154 156 184 185 195 197 216 220 225 226 238 245 268 269 281 282
SOL 6 7 19 24 44 46 51 67 70 76 88 97 113 117 130 134 139 149 154 158 171 175 191 200 212 218 221 237 242 244 264 269 281 282
SOL 6 7 19 26 39 47 53 56 69 80 100 101 108 110 131 135 139 149 153 157 178 180 187 188 208 219 232 235 241 249 262 269 281 282
SOL 6 7 20 21 44 50 53 65 76 77 90 98 113 117 123 135 137 151 153 165 171 175 190 198 211 212 223 235 238 244 267 268 281 282
SOL 6 7 20 24 46 48 57 65 72 73 98 101 103 118 127 134 141 147 154 161 170 185 187 190 215 216 223 231 240 242 264 268 281 282
SOL 6 7 20 28 45 46 51 65 74 77 86 87 114 117 122 127 136 152 161 166 171 174 201 202 211 214 223 237 242 243 260 268 281 282
SOL 6 7 20 28 47 48 57 59 69 72 99 101 106 109 130 134 136 152 154 158 179 182 187 189 216 219 229 231 240 241 260 268 281 282
SOL 6 7 20 30 45 48 59 65 69 72 95 101 106 109 130 134 136 152 154 158 179 182 187 193 216 219 223 229 240 243 258 268 281 282
SOL 6 7 21 29 44 48 52 65 77 84 88 90 102 107 127 134 139 149 154 161 181 186 198 200 204 211 223 236 240 244 259 267 281 282
SOL 6 7 21 30 40 45 53 66 76 77 87 89 113 118 132 134 136 152 154 156 170 175 199 201 211 212 222 235 243 248 258 267 281 282
SOL 6 7 21 30 45 49 55 57 70 77 96 100 110 118 121 122 136 152 166 167 170 178 188 192 211 218 231 233 239 243 258 267 281 282
SOL 6 7 23 28 47 48 59 62 69 72 89 99 102 115 134 135 143 145 153 154 173 186 189 199 216 219 226 229 240 241 260 265 281 282
SOL 6 7 23 29 42 48 51 53 79 83 85 88 111 117 122 124 140 148 164 166 171 177 200 203 205 209 235 237 240 246 259 265 281 282
SOL 6 7 24 28 47 48 55 57 69 70 98 101 106 118 127 130 137 151 158 161 170 182 187 190 218 219 231 233 240 241 260 264 281 282
SOL 6 7 26 28 35 47 53 56 69 80 99 101 108 110 131 135 139 149 153 157 178 180 187 189 208 219 232 235 241 253 260 262 281 282
SOL 6 7 27 29 35 36 52 58 73 82 93 97 102 105 122 124 136 152 164 166 183 186 191 195 206 215 230 236 252 253 259 261 281 282
SOL 6 7 27 29 36 49 52 58 73 82 93 97 102 105 122 124 136 152 164 166 183 186 191 195 206 215 230 236 239 252 259 261 281 282
SOL 6 7 28 30 47 48 57 59 69 72 99 101 106 109 130 134 136 152 154 158 179 182 187 189 216 219 229 231 240 241 258 260 281 282
SOL 6 8 17 27 38 43 60 64 79 83 85 100 104 106 121 122 141 147 166 167 182 184 188 203 205 209 224 228 245 250 261 271 280 282
SOL 6 8 18 22 43 46 51 56 71 81 87 97 109 112 134 135 138 150 153 154 176 179 191 201 207 217 232 237 242 245 266 270 280 282
SOL 6 8 19 20 36 46 57 58 79 83 89 92 102 117 119 122 141 147 166 169 171 186 196 199 205 209 230 231 242 252 268 269 280 282
SOL 6 8 19 22 43 46 52 60 81 83 87 90 115 118 123 135 142 146 153 165 170 173 198 201 205 207 228 236 242 245 266 269 280 282
SOL 6 8 19 26 38 47 51 55 79 83 92 96 108 117 119 121 139 149 167 169 171 180 192 196 205 209 233 237 241 250 262 269 280 282
SOL 6 8 19 26 38 47 52 64 77 79 89 101 108 117 119 121 141 147 167 169 171 180 187 199 209 211 224 236 241 250 262 269 280 282
SOL 6 8 19 28 36 43 56 63 68 71 94 100 102 115 131 134 142 146 154 157 173 186 188 194 217 220 225 232 245 252 260 269 280 282
SOL 6 8 19 33 38 48 51 55 74 77 94 98 113 117 120 122 141 147 166 168 171 175 190 194 211 214 233 237 240 250 255 269 280 282
SOL 6 8 20 21 39 47 63 67 73 83 91 94 102 104 128 133 137 151 155 160 184 186 194 197 205 215 221 225 241 249 267 268 280 282
SOL 6 8 20 22 43 49 51 56 71 77 97 100 116 118 123 125 138 150 163 165 170 172 188 191 211 217 232 237 239 245 266 268 280 282
SOL 6 8 20 24 44 45 54 58 79 83 85 87 117 118 121 123 140 148 165 167 170 171 201 203 205 209 230 234 243 244 264 268 280 282
SOL 6 8 20 24 45 46 54 57 79 83 85 87 117 118 121 128 140 148 160 167 170 171 201 203 205 209 231 234 242 243 264 268 280 282
SOL 6 8 20 24 45 47 52 58 79 83 87 91 116 118 123 135 140 148 153 165 170 172 197 201 205 209 230 236 241 243 264 268 280 282
SOL 6 8 20 27 36 39 63 67 69 73 85 94 114 116 122 128 137 151 160 166 172 174 194 203 215 219 221 225 249 252 261 268 280 282
SOL 6 8 20 31 36 46 57 58 79 83 89 92 102 117 119 122 141 147 166 169 171 186 196 199 205 209 230 231 242 252 257 268 280 282
SOL 6 8 20 32 41 46 54 58 73 78 85 99 116 117 119 123 141 147 165 169 171 172 189 203 210 215 230 234 242 247 256 268 280 282
SOL 6 8 20 33 36 44 58 64 73 83 87 92 113 114 119 123 137 151 165 169 174 175 196 201 205 215 224 230 244 252 255 268 280 282
SOL 6 8 21 22 39 43 52 53 77 82 88 100 112 114 119 135 139 149 153 169 174 176 188 200 206 211 235 236 245 249 266 267 280 282
SOL 6 8 21 22 40 47 65 66 71 77 85 100 109 118 123 124 138 150 164 165 170 179 188 203 211 217 222 223 241 248 266 267 280 282
SOL 6 8 21 28 38 47 60 67 74 83 87 94 103 118 130 133 139 149 155 158 170 185 194 201 205 214 221 228 241 250 260 267 280 282
SOL 6 8 22 30 40 46 51 52 77 81 87 97 107 109 119 134 138 150 154 169 179 181 191 201 207 211 236 237 242 248 258 266 280 282
SOL 6 8 23 24 34 37 65 66 80 82 97 100 105 109 119 124 141 147 164 169 179 183 188 191 206 208 222 223 251 254 264 265 280 282
SOL 6 8 23 28 36 43 55 65 69 81 94 101 114 118 122 124 137 151 164 166 170 174 187 194 207 219 223 233 245 252 260 265 280 282
SOL 6 8 23 28 36 46 52 58 69 81 96 97 105 109 133 135 136 152 153 155 179 183 191 192 207 219 230 236 242 252 260 265 280 282
SOL 6 8 24 27 34 38 58 64 79 83 85 87 113 116 122 123 137 151 165 166 172 175 201 203 205 209 224 230 250 254 261 264 280 282
SOL 6 8 24 28 37 38 51 55 69 74 94 99 117 118 121 130 139 149 158 167 170 171 189 194 214 219 233 237 250 251 260 264 280 282
SOL 6 8 24 28 38 39 65 66 77 81 98 101 106 108 119 121 137 151 167 169 180 182 187 190 207 211 222 223 249 250 260 264 280 282
SOL 6 8 24 28 38 47 51 55 69 74 94 99 117 118 121 130 139 149 158 167 170 171 189 194 214 219 233 237 241 250 260 264 280 282
SOL 6 8 24 28 38 47 51 55 74 83 87 94 117 118 121 130 139 149 158 167 170 171 194 201 205 214 233 237 241 250 260 264 280 282
SOL 6 8 24 28 38 47 51 55 74 83 94 99 117 118 121 130 139 149 158 167 170 171 189 194 205 214 233 237 241 250 260 264 280 282
SOL 6 8 24 29 39 47 66 67 80 82 86 91 111 118 121 124 139 149 164 167 170 177 197 202 206 208 221 222 241 249 259 264 280 282
SOL 6 8 24 31 37 46 63 67 69 73 90 94 103 112 133 135 139 149 153 155 176 185 194 198 215 219 221 225 242 251 257 264 280 282
SOL 6 8 26 29 43 48 52 53 69 81 89 90 102 115 130 135 142 146 153 158 173 186 198 199 207 219 235 236 240 245 259 262 280 282
SOL 6 8 26 29 43 48 52 65 69 81 89 90 102 115 130 135 142 146 153 158 173 186 198 199 207 219 223 236 240 245 259 262 280 282
SOL 6 8 26 30 36 40 60 64 69 79 99 101 106 107 131 135 137 151 153 157 181 182 187 189 209 219 224 228 248 252 258 262 280 282
SOL 6 8 27 28 36 39 58 64 71 83 85 94 114 116 123 135 137 151 153 165 172 174 194 203 205 217 224 230 249 252 260 261 280 282
SOL 6 8 28 29 36 46 56 58 69 81 85 101 109 117 121 122 142 146 166 167 171 179 187 203 207 219 230 232 242 252 259 260 280 282
SOL 6 8 28 30 38 46 56 57 71 77 99 101 103 111 134 135 138 150 153 154 177 185 187 189 211 217 231 232 242 250 258 260 280 282
SOL 6 8 28 33 35 36 56 58 71 83 94 97 115 118 121 123 142 146 165 167 170 173 191 194 205 217 230 232 252 253 255 260 280 282
SOL 6 8 28 33 37 38 55 60 69 74 94 99 117 118 121 130 139 149 158 167 170 171 189 194 214 219 228 233 250 251 255 260 280 282
SOL 6 8 28 33 38 47 55 60 69 74 94 99 117 118 121 130 139 149 158 167 170 171 189 194 214 219 228 233 241 250 255 260 280 282
SOL 6 8 29 30 37 45 51 55 69 79 92 95 116 118 121 126 137 151 162 167 170 172 193 196 209 219 233 237 243 251 258 259 280 282
TRACE n=17 group=rot2 order=1 nodes=456327168 solutions=519 seconds=900.08 complete=0
