sweep     0     0.2s  T по репликам:  71  53  54  44  42  41  40  40  40  41  45  37  лучшее 37
sweep    60     5.9s  T по репликам:  59  48  40  26  25  23  23  20  19  22  19  19  лучшее 19
sweep   120    11.6s  T по репликам:  56  49  40  34  28  23  20  20  19  19  19  18  лучшее 18
sweep   180    17.3s  T по репликам:  78  47  37  27  24  21  21  20  19  19  19  18  лучшее 18
sweep   240    23.1s  T по репликам:  57  44  36  36  23  19  19  19  18  18  18  18  лучшее 18
sweep   300    28.4s  T по репликам:  56  45  36  35  24  20  18  19  18  18  18  16  лучшее 16
sweep   360    34.1s  T по репликам:  54  55  35  35  24  21  19  18  19  18  18  16  лучшее 16
sweep   420    39.2s  T по репликам:  60  50  40  37  27  19  20  19  19  18  18  16  лучшее 16
sweep   480    44.3s  T по репликам:  66  46  45  30  20  19  20  19  18  18  16  12  лучшее 12
sweep   540    49.0s  T по репликам:  64  55  43  32  21  20  18  19  18  18  16  12  лучшее 12
sweep   600    53.2s  T по репликам:  82  53  37  31  26  19  18  18  18  18  16  12  лучшее 12
sweep   660    57.3s  T по репликам:  63  48  41  37  23  19  18  18  18  18  16  12  лучшее 12
sweep   720    61.4s  T по репликам:  50  52  36  32  25  18  19  18  18  17  16  12  лучшее 12
sweep   780    65.5s  T по репликам:  67  58  43  32  23  18  19  18  18  17  16  12  лучшее 12
sweep   840    69.7s  T по репликам:  58  49  43  31  24  20  18  17  18  16  16  12  лучшее 12
sweep   900    73.7s  T по репликам:  66  65  36  27  28  21  18  17  18  16  16  12  лучшее 12
sweep   960    77.4s  T по репликам:  56  43  40  37  26  19  19  17  17  16  16  12  лучшее 12
sweep  1020    81.1s  T по репликам:  64  45  34  44  23  20  18  17  16  17  16  12  лучшее 12
sweep  1080    84.7s  T по репликам:  48  67  40  38  25  18  17  17  16  17  16  12  лучшее 12
sweep  1140    88.4s  T по репликам:  54  46  33  38  19  20  18  18  16  16  16  12  лучшее 12
итог: не найден; лучший T = 12 ; обмены [214, 205, 197, 143, 295, 499, 730, 706, 850, 730, 100]; время 92 с
