sweep     0     0.1s  T по репликам:  81  50  51  47  44  47  41  45  41  лучшее 41
sweep    60     4.5s  T по репликам:  62  48  39  30  25  22  20  17  13  лучшее 13
sweep   120     8.7s  T по репликам:  51  50  47  29  26  20  20  17  13  лучшее 13
sweep   180    13.0s  T по репликам:  65  50  38  36  25  21  19  18  13  лучшее 13
sweep   240    17.3s  T по репликам:  65  47  46  36  25  20  19  17  13  лучшее 13
sweep   300    21.6s  T по репликам:  63  53  46  36  20  19  18  17  13  лучшее 13
sweep   360    25.8s  T по репликам:  59  56  41  38  20  17  17  17  13  лучшее 13
sweep   420    30.1s  T по репликам:  70  47  42  37  25  17  18  17  13  лучшее 13
sweep   480    34.1s  T по репликам:  71  49  39  33  19  18  17  17  13  лучшее 13
sweep   540    38.0s  T по репликам:  72  40  39  33  25  20  19  17  13  лучшее 13
sweep   600    41.9s  T по репликам:  54  62  39  35  27  20  18  17  13  лучшее 13
sweep   660    45.7s  T по репликам:  70  50  42  32  24  18  17  17  13  лучшее 13
sweep   720    49.0s  T по репликам:  61  54  43  39  22  19  18  17  13  лучшее 13
sweep   780    52.3s  T по репликам:  60  51  43  32  23  18  18  17  13  лучшее 13
sweep   840    55.4s  T по репликам:  61  59  40  36  19  17  19  17  13  лучшее 13
sweep   900    58.4s  T по репликам:  51  55  39  40  25  19  17  17  13  лучшее 13
sweep   960    61.5s  T по репликам:  65  52  40  38  19  18  18  18  13  лучшее 13
sweep  1020    64.6s  T по репликам:  66  60  45  29  26  19  17  17  13  лучшее 13
sweep  1080    67.8s  T по репликам:  59  41  46  34  24  19  17  17  13  лучшее 13
sweep  1140    70.9s  T по репликам:  61  43  41  31  24  18  17  17  13  лучшее 13
итог: не найден; лучший T = 13 ; обмены [216, 198, 191, 61, 206, 437, 743, 5]; время 74 с
