n=5: страт 33, K=3, planes=planes/planes_n5.json
      c07_ord4      |H|=4 rot=2 inv=y orbits=  39 planes= 12453 -> best=  2 bound=2 OPTIMAL rounds=1 0.1s
      c01_ord2      |H|=2 rot=1 inv=y orbits=  63 planes= 12453 -> best=  2 bound=2 OPTIMAL rounds=1 0.2s
      c05_ord2      |H|=2 rot=1 inv=n orbits=  75 planes= 12453 -> best=  5 bound=5 OPTIMAL rounds=1 0.2s
      c08_ord4      |H|=4 rot=2 inv=y orbits=  39 planes= 12453 -> best=  2 bound=2 OPTIMAL rounds=1 0.1s
      c02_ord2      |H|=2 rot=2 inv=n orbits=  65 planes= 12453 -> best= 10 bound=10 OPTIMAL rounds=1 0.3s
      c04_ord2      |H|=2 rot=1 inv=n orbits=  75 planes= 12453 -> best=  5 bound=5 OPTIMAL rounds=1 0.2s
      c06_ord3      |H|=3 rot=3 inv=n orbits=  45 planes= 12453 -> best= 13 bound=13 OPTIMAL rounds=1 0.3s
      c09_ord4      |H|=4 rot=4 inv=n orbits=  35 planes= 12453 -> best=  5 bound=5 OPTIMAL rounds=1 0.1s
      c10_ord4      |H|=4 rot=4 inv=n orbits=  35 planes= 12453 -> best=  9 bound=9 OPTIMAL rounds=1 0.1s
      c11_ord4      |H|=4 rot=2 inv=n orbits=  45 planes= 12453 -> best=  5 bound=5 OPTIMAL rounds=1 0.1s
      c12_ord4      |H|=4 rot=2 inv=n orbits=  45 planes= 12453 -> best=  5 bound=5 OPTIMAL rounds=1 0.1s
      c13_ord4      |H|=4 rot=2 inv=n orbits=  45 planes= 12453 -> best=  5 bound=5 OPTIMAL rounds=1 0.1s
      c14_ord4      |H|=4 rot=2 inv=n orbits=  33 planes= 12453 -> best=  9 bound=9 OPTIMAL rounds=1 0.1s
      c15_ord4      |H|=4 rot=4 inv=n orbits=  35 planes= 12453 -> best=  2 bound=2 OPTIMAL rounds=1 0.1s
      c16_ord6      |H|=6 rot=3 inv=y orbits=  23 planes= 12453 -> best=  2 bound=2 OPTIMAL rounds=1 0.1s
      c17_ord6      |H|=6 rot=6 inv=n orbits=  25 planes= 12453 -> best= 11 bound=11 OPTIMAL rounds=1 0.1s
      c19_ord8      |H|=8 rot=4 inv=y orbits=  27 planes= 12453 -> best=  2 bound=2 OPTIMAL rounds=1 0.1s
      c18_ord6      |H|=6 rot=3 inv=n orbits=  35 planes= 12453 -> best=  5 bound=5 OPTIMAL rounds=1 0.1s
      c20_ord8      |H|=8 rot=4 inv=y orbits=  21 planes= 12453 -> best=  2 bound=2 OPTIMAL rounds=1 0.1s
      c21_ord8      |H|=8 rot=4 inv=y orbits=  27 planes= 12453 -> best=  2 bound=2 OPTIMAL rounds=1 0.1s
      c22_ord8      |H|=8 rot=4 inv=n orbits=  24 planes= 12453 -> best=  5 bound=5 OPTIMAL rounds=1 0.1s
      c23_ord8      |H|=8 rot=8 inv=n orbits=  20 planes= 12453 -> best=  2 bound=2 OPTIMAL rounds=1 0.1s
      c24_ord8      |H|=8 rot=4 inv=n orbits=  24 planes= 12453 -> best=  5 bound=5 OPTIMAL rounds=1 0.1s
      c25_ord8      |H|=8 rot=4 inv=n orbits=  30 planes= 12453 -> best=  2 bound=2 OPTIMAL rounds=1 0.1s
     c26_ord12     |H|=12 rot=6 inv=y orbits=  19 planes= 12453 -> best=  2 bound=2 OPTIMAL rounds=1 0.1s
     c27_ord12    |H|=12 rot=12 inv=n orbits=  15 planes= 12453 -> best=  5 bound=5 OPTIMAL rounds=1 0.1s
     c28_ord16     |H|=16 rot=8 inv=y orbits=  18 planes= 12453 -> best=  2 bound=2 OPTIMAL rounds=1 0.1s
     c29_ord24    |H|=24 rot=12 inv=y orbits=  11 planes= 12453 -> best=  1 bound=1 OPTIMAL rounds=1 0.1s
     c30_ord24    |H|=24 rot=24 inv=n orbits=  10 planes= 12453 -> best=  1 bound=1 OPTIMAL rounds=1 0.1s
     c31_ord24    |H|=24 rot=12 inv=n orbits=  14 planes= 12453 -> best=  5 bound=5 OPTIMAL rounds=1 0.1s
     c32_ord48    |H|=48 rot=24 inv=y orbits=  10 planes= 12453 -> best=  1 bound=1 OPTIMAL rounds=1 0.1s
      c03_ord2      |H|=2 rot=2 inv=n orbits=  65 planes= 12453 -> best= 13 bound=13 OPTIMAL rounds=1 0.7s
      c00_ord1      |H|=1 rot=1 inv=n orbits= 125 planes= 12453 -> best= 13 bound=15 FEASIBLE rounds=1 900.0s
ИТОГ n=5: лучший чистый свидетель 13 точек в страте c06_ord3 (|H|=3 rot=3 inv=n)
