n=6: страт 33, K=3, planes=planes/planes_n6.json
      c05_ord2      |H|=2 rot=1 inv=n orbits= 108 planes= 73056 -> best=  2 bound=2 OPTIMAL rounds=1 1.3s
      c04_ord2      |H|=2 rot=1 inv=n orbits= 126 planes= 73056 -> best=  5 bound=5 OPTIMAL rounds=1 1.4s
      c01_ord2      |H|=2 rot=1 inv=y orbits= 108 planes= 73056 -> best=  2 bound=2 OPTIMAL rounds=1 1.5s
      c02_ord2      |H|=2 rot=2 inv=n orbits= 108 planes= 73056 -> best= 12 bound=12 OPTIMAL rounds=1 1.7s
      c07_ord4      |H|=4 rot=2 inv=y orbits=  54 planes= 73056 -> best=  0 bound=0 OPTIMAL rounds=1 0.8s
      c08_ord4      |H|=4 rot=2 inv=y orbits=  63 planes= 73056 -> best=  2 bound=2 OPTIMAL rounds=1 0.8s
      c09_ord4      |H|=4 rot=4 inv=n orbits=  54 planes= 73056 -> best= 12 bound=12 OPTIMAL rounds=1 0.9s
      c10_ord4      |H|=4 rot=4 inv=n orbits=  54 planes= 73056 -> best= 12 bound=12 OPTIMAL rounds=1 0.8s
      c11_ord4      |H|=4 rot=2 inv=n orbits=  72 planes= 73056 -> best=  4 bound=4 OPTIMAL rounds=1 0.8s
      c12_ord4      |H|=4 rot=2 inv=n orbits=  63 planes= 73056 -> best=  2 bound=2 OPTIMAL rounds=1 0.7s
      c13_ord4      |H|=4 rot=2 inv=n orbits=  54 planes= 73056 -> best=  0 bound=0 OPTIMAL rounds=1 0.7s
      c06_ord3      |H|=3 rot=3 inv=n orbits=  76 planes= 73056 -> best= 15 bound=15 OPTIMAL rounds=1 2.6s
      c14_ord4      |H|=4 rot=2 inv=n orbits=  54 planes= 73056 -> best= 12 bound=12 OPTIMAL rounds=1 0.9s
      c15_ord4      |H|=4 rot=4 inv=n orbits=  54 planes= 73056 -> best=  0 bound=0 OPTIMAL rounds=1 0.8s
      c16_ord6      |H|=6 rot=3 inv=y orbits=  38 planes= 73056 -> best=  2 bound=2 OPTIMAL rounds=1 0.7s
      c18_ord6      |H|=6 rot=3 inv=n orbits=  56 planes= 73056 -> best=  5 bound=5 OPTIMAL rounds=1 0.7s
      c17_ord6      |H|=6 rot=6 inv=n orbits=  38 planes= 73056 -> best= 12 bound=12 OPTIMAL rounds=1 1.1s
      c19_ord8      |H|=8 rot=4 inv=y orbits=  27 planes= 73056 -> best=  0 bound=0 OPTIMAL rounds=1 1.0s
      c21_ord8      |H|=8 rot=4 inv=y orbits=  36 planes= 73056 -> best=  0 bound=0 OPTIMAL rounds=1 0.6s
      c20_ord8      |H|=8 rot=4 inv=y orbits=  27 planes= 73056 -> best=  0 bound=0 OPTIMAL rounds=1 1.0s
      c24_ord8      |H|=8 rot=4 inv=n orbits=  27 planes= 73056 -> best=  0 bound=0 OPTIMAL rounds=1 0.6s
      c23_ord8      |H|=8 rot=8 inv=n orbits=  27 planes= 73056 -> best=  0 bound=0 OPTIMAL rounds=1 1.0s
      c22_ord8      |H|=8 rot=4 inv=n orbits=  36 planes= 73056 -> best=  4 bound=4 OPTIMAL rounds=1 1.0s
      c25_ord8      |H|=8 rot=4 inv=n orbits=  36 planes= 73056 -> best=  0 bound=0 OPTIMAL rounds=1 1.0s
     c26_ord12     |H|=12 rot=6 inv=y orbits=  28 planes= 73056 -> best=  2 bound=2 OPTIMAL rounds=1 0.6s
     c27_ord12    |H|=12 rot=12 inv=n orbits=  22 planes= 73056 -> best=  4 bound=4 OPTIMAL rounds=1 0.9s
     c28_ord16     |H|=16 rot=8 inv=y orbits=  18 planes= 73056 -> best=  0 bound=0 OPTIMAL rounds=1 0.9s
     c30_ord24    |H|=24 rot=24 inv=n orbits=  11 planes= 73056 -> best=  0 bound=0 OPTIMAL rounds=1 0.6s
     c29_ord24    |H|=24 rot=12 inv=y orbits=  11 planes= 73056 -> best=  0 bound=0 OPTIMAL rounds=1 0.9s
     c31_ord24    |H|=24 rot=12 inv=n orbits=  20 planes= 73056 -> best=  4 bound=4 OPTIMAL rounds=1 0.7s
     c32_ord48    |H|=48 rot=24 inv=y orbits=  10 planes= 73056 -> best=  0 bound=0 OPTIMAL rounds=1 0.9s
      c03_ord2      |H|=2 rot=2 inv=n orbits= 108 planes= 73056 -> best= 14 bound=14 OPTIMAL rounds=1 13.0s
      c00_ord1      |H|=1 rot=1 inv=n orbits= 216 planes= 73056 -> best= 15 bound=18 FEASIBLE rounds=1 900.0s
ИТОГ n=6: лучший чистый свидетель 15 точек в страте c06_ord3 (|H|=3 rot=3 inv=n)
