n=9: классов подгрупп 33, запускаем 33 страт; порядки [(1, 1), (2, 5), (3, 1), (4, 9), (6, 3), (8, 7), (12, 2), (16, 1), (24, 3), (48, 1)]
      c07_ord4      |H|=4 rot=2 inv=y orbits= 205 cons=  5309 -> best=112 bound=152 FEASIBLE 2400.0s
      c06_ord3      |H|=3 rot=3 inv=n orbits= 249 cons=  6765 -> best=110 bound=162 FEASIBLE 2400.0s
      c05_ord2      |H|=2 rot=1 inv=n orbits= 405 cons= 10365 -> best=110 bound=153 FEASIBLE 2400.0s
      c04_ord2      |H|=2 rot=1 inv=n orbits= 405 cons= 10383 -> best=114 bound=161 FEASIBLE 2400.0s
      c03_ord2      |H|=2 rot=2 inv=n orbits= 369 cons= 10243 -> best=110 bound=161 FEASIBLE 2400.0s
      c02_ord2      |H|=2 rot=2 inv=n orbits= 369 cons= 10285 -> best=110 bound=161 FEASIBLE 2400.0s
      c01_ord2      |H|=2 rot=1 inv=y orbits= 365 cons= 10321 -> best=110 bound=162 FEASIBLE 2400.4s
      c00_ord1      |H|=1 rot=1 inv=n orbits= 729 cons= 20353 -> best=110 bound=162 FEASIBLE 3600.0s
      c10_ord4      |H|=4 rot=4 inv=n orbits= 189 cons=  5185 -> best=114 bound=160 FEASIBLE 2399.9s
      c08_ord4      |H|=4 rot=2 inv=y orbits= 205 cons=  5297 -> best=116 bound=160 FEASIBLE 2400.0s
      c09_ord4      |H|=4 rot=4 inv=n orbits= 189 cons=  5227 -> best=112 bound=160 FEASIBLE 2400.0s
      c11_ord4      |H|=4 rot=2 inv=n orbits= 225 cons=  5349 -> best=114 bound=154 FEASIBLE 2400.0s
      c12_ord4      |H|=4 rot=2 inv=n orbits= 225 cons=  5319 -> best=111 bound=153 FEASIBLE 2400.0s
      c13_ord4      |H|=4 rot=2 inv=n orbits= 225 cons=  5331 -> best=112 bound=144 FEASIBLE 2400.0s
      c14_ord4      |H|=4 rot=2 inv=n orbits= 185 cons=  5136 -> best=112 bound=160 FEASIBLE 2400.0s
      c20_ord8      |H|=8 rot=4 inv=y orbits= 105 cons=  2590 -> best=108 bound=108 OPTIMAL 150.9s
      c23_ord8      |H|=8 rot=8 inv=n orbits=  99 cons=  2532 -> best=112 bound=112 OPTIMAL 113.0s
      c19_ord8      |H|=8 rot=4 inv=y orbits= 125 cons=  2803 -> best=108 bound=108 OPTIMAL 265.9s
      c22_ord8      |H|=8 rot=4 inv=n orbits= 115 cons=  2719 -> best=112 bound=112 OPTIMAL 459.5s
     c26_ord12     |H|=12 rot=6 inv=y orbits=  85 cons=  1852 -> best=116 bound=116 OPTIMAL 12.6s
     c27_ord12    |H|=12 rot=12 inv=n orbits=  69 cons=  1657 -> best=104 bound=104 OPTIMAL 3.2s
     c28_ord16     |H|=16 rot=8 inv=y orbits=  75 cons=  1463 -> best=108 bound=108 OPTIMAL 0.5s
     c29_ord24    |H|=24 rot=12 inv=y orbits=  45 cons=   882 -> best=104 bound=104 OPTIMAL 0.1s
     c30_ord24    |H|=24 rot=24 inv=n orbits=  39 cons=   745 -> best=104 bound=104 OPTIMAL 0.0s
     c31_ord24    |H|=24 rot=12 inv=n orbits=  55 cons=   975 -> best=104 bound=104 OPTIMAL 0.2s
     c32_ord48    |H|=48 rot=24 inv=y orbits=  35 cons=   527 -> best=104 bound=104 OPTIMAL 0.0s
      c21_ord8      |H|=8 rot=4 inv=y orbits= 125 cons=  2791 -> best=112 bound=112 OPTIMAL 517.5s
      c25_ord8      |H|=8 rot=4 inv=n orbits= 135 cons=  2749 -> best=108 bound=108 OPTIMAL 392.6s
      c24_ord8      |H|=8 rot=4 inv=n orbits= 115 cons=  2691 -> best=108 bound=108 OPTIMAL 505.4s
      c15_ord4      |H|=4 rot=4 inv=n orbits= 189 cons=  4990 -> best=112 bound=144 FEASIBLE 2400.0s
      c16_ord6      |H|=6 rot=3 inv=y orbits= 125 cons=  3409 -> best=116 bound=162 FEASIBLE 2400.0s
      c17_ord6      |H|=6 rot=6 inv=n orbits= 129 cons=  3443 -> best=116 bound=160 FEASIBLE 2400.0s
      c18_ord6      |H|=6 rot=3 inv=n orbits= 165 cons=  3597 -> best=116 bound=159 FEASIBLE 2400.0s
ИТОГ n=9: лучший свидетель 116 точек в страте c08_ord4 (|H|=4 rot=2 inv=y), статус FEASIBLE
